
Optional file libmchp_peripheral.a not found

Optional file libmchp_peripheral_32MX440F256H.a not found
Archive member included because of file (symbol)

c:/program files (x86)/microchip/xc32/v2.05/bin/bin/../../lib/gcc/pic32mx/4.8.3/../../../../pic32mx/lib\libpic32.a(memcpy.o)
                              build/default/production/_ext/308758920/usb_device.o (memcpy)
c:/program files (x86)/microchip/xc32/v2.05/bin/bin/../../lib/gcc/pic32mx/4.8.3/../../../../pic32mx/lib\libpic32.a(default-on-reset.o)
                              c:/program files (x86)/microchip/xc32/v2.05/bin/bin/../../lib/gcc/pic32mx/4.8.3/../../../../pic32mx/lib/./proc/32MX440F256H/crt0_mips32r2.o (_on_reset)
c:/program files (x86)/microchip/xc32/v2.05/bin/bin/../../lib/gcc/pic32mx/4.8.3/../../../../pic32mx/lib\libpic32.a(default-on-bootstrap.o)
                              c:/program files (x86)/microchip/xc32/v2.05/bin/bin/../../lib/gcc/pic32mx/4.8.3/../../../../pic32mx/lib/./proc/32MX440F256H/crt0_mips32r2.o (_on_bootstrap)
c:/program files (x86)/microchip/xc32/v2.05/bin/bin/../../lib/gcc/pic32mx/4.8.3/../../../../pic32mx/lib\libpic32.a(default-nmi-handler.o)
                              c:/program files (x86)/microchip/xc32/v2.05/bin/bin/../../lib/gcc/pic32mx/4.8.3/../../../../pic32mx/lib/./proc/32MX440F256H/crt0_mips32r2.o (_nmi_handler)
c:/program files (x86)/microchip/xc32/v2.05/bin/bin/../../lib/gcc/pic32mx/4.8.3/../../../../pic32mx/lib\libpic32.a(general-exception.o)
                              c:/program files (x86)/microchip/xc32/v2.05/bin/bin/../../lib/gcc/pic32mx/4.8.3/../../../../pic32mx/lib/./proc/32MX440F256H/crt0_mips32r2.o (_general_exception_context)
c:/program files (x86)/microchip/xc32/v2.05/bin/bin/../../lib/gcc/pic32mx/4.8.3/../../../../pic32mx/lib\libpic32.a(vector0.o)
                              c:/program files (x86)/microchip/xc32/v2.05/bin/bin/../../lib/gcc/pic32mx/4.8.3/../../../../pic32mx/lib/./proc/32MX440F256H\default_isr_vectors.o (__vector_dispatch_0)
c:/program files (x86)/microchip/xc32/v2.05/bin/bin/../../lib/gcc/pic32mx/4.8.3/../../../../pic32mx/lib\libpic32.a(vector2.o)
                              c:/program files (x86)/microchip/xc32/v2.05/bin/bin/../../lib/gcc/pic32mx/4.8.3/../../../../pic32mx/lib/./proc/32MX440F256H\default_isr_vectors.o (__vector_dispatch_2)
c:/program files (x86)/microchip/xc32/v2.05/bin/bin/../../lib/gcc/pic32mx/4.8.3/../../../../pic32mx/lib\libpic32.a(vector3.o)
                              c:/program files (x86)/microchip/xc32/v2.05/bin/bin/../../lib/gcc/pic32mx/4.8.3/../../../../pic32mx/lib/./proc/32MX440F256H\default_isr_vectors.o (__vector_dispatch_3)
c:/program files (x86)/microchip/xc32/v2.05/bin/bin/../../lib/gcc/pic32mx/4.8.3/../../../../pic32mx/lib\libpic32.a(vector5.o)
                              c:/program files (x86)/microchip/xc32/v2.05/bin/bin/../../lib/gcc/pic32mx/4.8.3/../../../../pic32mx/lib/./proc/32MX440F256H\default_isr_vectors.o (__vector_dispatch_5)
c:/program files (x86)/microchip/xc32/v2.05/bin/bin/../../lib/gcc/pic32mx/4.8.3/../../../../pic32mx/lib\libpic32.a(vector6.o)
                              c:/program files (x86)/microchip/xc32/v2.05/bin/bin/../../lib/gcc/pic32mx/4.8.3/../../../../pic32mx/lib/./proc/32MX440F256H\default_isr_vectors.o (__vector_dispatch_6)
c:/program files (x86)/microchip/xc32/v2.05/bin/bin/../../lib/gcc/pic32mx/4.8.3/../../../../pic32mx/lib\libpic32.a(vector7.o)
                              c:/program files (x86)/microchip/xc32/v2.05/bin/bin/../../lib/gcc/pic32mx/4.8.3/../../../../pic32mx/lib/./proc/32MX440F256H\default_isr_vectors.o (__vector_dispatch_7)
c:/program files (x86)/microchip/xc32/v2.05/bin/bin/../../lib/gcc/pic32mx/4.8.3/../../../../pic32mx/lib\libpic32.a(vector8.o)
                              c:/program files (x86)/microchip/xc32/v2.05/bin/bin/../../lib/gcc/pic32mx/4.8.3/../../../../pic32mx/lib/./proc/32MX440F256H\default_isr_vectors.o (__vector_dispatch_8)
c:/program files (x86)/microchip/xc32/v2.05/bin/bin/../../lib/gcc/pic32mx/4.8.3/../../../../pic32mx/lib\libpic32.a(vector9.o)
                              c:/program files (x86)/microchip/xc32/v2.05/bin/bin/../../lib/gcc/pic32mx/4.8.3/../../../../pic32mx/lib/./proc/32MX440F256H\default_isr_vectors.o (__vector_dispatch_9)
c:/program files (x86)/microchip/xc32/v2.05/bin/bin/../../lib/gcc/pic32mx/4.8.3/../../../../pic32mx/lib\libpic32.a(vector10.o)
                              c:/program files (x86)/microchip/xc32/v2.05/bin/bin/../../lib/gcc/pic32mx/4.8.3/../../../../pic32mx/lib/./proc/32MX440F256H\default_isr_vectors.o (__vector_dispatch_10)
c:/program files (x86)/microchip/xc32/v2.05/bin/bin/../../lib/gcc/pic32mx/4.8.3/../../../../pic32mx/lib\libpic32.a(vector11.o)
                              c:/program files (x86)/microchip/xc32/v2.05/bin/bin/../../lib/gcc/pic32mx/4.8.3/../../../../pic32mx/lib/./proc/32MX440F256H\default_isr_vectors.o (__vector_dispatch_11)
[...]
Memory Configuration

Name             Origin             Length             Attributes
kseg0_program_mem 0x9d000000         0x00040000         xr
kseg0_boot_mem   0x9fc00490         0x00000970
exception_mem    0x9fc01000         0x00001000
kseg1_boot_mem   0xbfc00000         0x00000490
debug_exec_mem   0xbfc02000         0x00000ff0
config3          0xbfc02ff0         0x00000004
config2          0xbfc02ff4         0x00000004
config1          0xbfc02ff8         0x00000004
config0          0xbfc02ffc         0x00000004
kseg1_data_mem   0xa0000000         0x00008000         w !x
sfrs             0xbf800000         0x00100000
configsfrs       0xbfc02ff0         0x00000010
*default*        0x00000000         0xffffffff

Linker script and memory map

LOAD c:/program files (x86)/microchip/xc32/v2.05/bin/bin/../../lib/gcc/pic32mx/4.8.3/../../../../pic32mx/lib/./proc/32MX440F256H/crt0_mips32r2.o
LOAD c:/program files (x86)/microchip/xc32/v2.05/bin/bin/../../lib/gcc/pic32mx/4.8.3/../../../../pic32mx/lib\debug-exception-return.o
LOAD build/default/production/_ext/2128569739/drv_usbfs.o
LOAD build/default/production/_ext/2128569739/drv_usbfs_device.o
LOAD build/default/production/_ext/60165520/plib_clk.o
LOAD build/default/production/_ext/1865200349/plib_evic.o
LOAD build/default/production/_ext/1865254177/plib_gpio.o
LOAD build/default/production/_ext/163028504/xc32_monitor.o
LOAD build/default/production/_ext/1881668453/sys_int.o
LOAD build/default/production/_ext/308758920/usb_device.o
LOAD build/default/production/_ext/308758920/usb_device_cdc.o
LOAD build/default/production/_ext/308758920/usb_device_cdc_acm.o
LOAD build/default/production/_ext/1171490990/initialization.o
LOAD build/default/production/_ext/1171490990/interrupts.o
LOAD build/default/production/_ext/1171490990/exceptions.o
LOAD build/default/production/_ext/1171490990/usb_device_init_data.o
LOAD build/default/production/_ext/1171490990/tasks.o
LOAD build/default/production/_ext/1360937237/main.o
LOAD build/default/production/_ext/1360937237/app.o
LOAD build/default/production/_ext/1360937237/D32.o
LOAD build/default/production/_ext/1360937237/app_main.o
                0x00000001                __MPLAB_BUILD = 0x1
                0x00000400                PROVIDE (_min_stack_size, 0x400)
START GROUP
LOAD c:/program files (x86)/microchip/xc32/v2.05/bin/bin/../../lib/gcc/pic32mx/4.8.3/../../../../pic32mx/lib/./proc/32MX440F256H\processor.o
END GROUP
START GROUP
LOAD libmchp_peripheral.a
END GROUP
START GROUP
LOAD libmchp_peripheral_32MX440F256H.a
END GROUP
                0x00000001                PROVIDE (_vector_spacing, 0x1)
                0x9fc01000                PROVIDE (_ebase_address, 0x9fc01000)
                0xbfc00000                _RESET_ADDR = 0xbfc00000
                0xbfc00380                _BEV_EXCPT_ADDR = 0xbfc00380
                0xbfc00480                _DBG_EXCPT_ADDR = 0xbfc00480
                0xbfc02000                _DBG_CODE_ADDR = 0xbfc02000
                0x00000ff0                _DBG_CODE_SIZE = 0xff0
                0x9fc01180                _GEN_EXCPT_ADDR = (_ebase_address + 0x180)

.config_BFC02FF0
                0xbfc02ff0        0x4
 *(.config_BFC02FF0)
 .config_BFC02FF0
                0xbfc02ff0        0x4 build/default/production/_ext/1171490990/initialization.o

.config_BFC02FF4
                0xbfc02ff4        0x4
 *(.config_BFC02FF4)
 .config_BFC02FF4
                0xbfc02ff4        0x4 build/default/production/_ext/1171490990/initialization.o

.config_BFC02FF8
                0xbfc02ff8        0x4
 *(.config_BFC02FF8)
 .config_BFC02FF8
                0xbfc02ff8        0x4 build/default/production/_ext/1171490990/initialization.o

.config_BFC02FFC
                0xbfc02ffc        0x4
 *(.config_BFC02FFC)
 .config_BFC02FFC
                0xbfc02ffc        0x4 build/default/production/_ext/1171490990/initialization.o

.reset          0xbfc00000      0x208
 *(.reset)
 .reset         0xbfc00000        0x8 c:/program files (x86)/microchip/xc32/v2.05/bin/bin/../../lib/gcc/pic32mx/4.8.3/../../../../pic32mx/lib/./proc/32MX440F256H/crt0_mips32r2.o
                0xbfc00000                _reset
 *(.reset.startup)
 .reset.startup
                0xbfc00008      0x200 c:/program files (x86)/microchip/xc32/v2.05/bin/bin/../../lib/gcc/pic32mx/4.8.3/../../../../pic32mx/lib/./proc/32MX440F256H/crt0_mips32r2.o
                0xbfc00008                _startup

.bev_excpt      0xbfc00380       0x10
 *(.bev_handler)
 .bev_handler   0xbfc00380       0x10 c:/program files (x86)/microchip/xc32/v2.05/bin/bin/../../lib/gcc/pic32mx/4.8.3/../../../../pic32mx/lib/./proc/32MX440F256H/crt0_mips32r2.o

.dbg_excpt      0xbfc00480        0x0
                0xbfc00480                . = (. + DEFINED (_DEBUGGER)?0x8:0x0)

.dbg_code       0xbfc02000        0x0
                0xbfc02000                . = (. + DEFINED (_DEBUGGER)?_DBG_CODE_SIZE:0x0)

.app_excpt      0x9fc01180       0x10
 *(.gen_handler)
 .gen_handler   0x9fc01180       0x10 c:/program files (x86)/microchip/xc32/v2.05/bin/bin/../../lib/gcc/pic32mx/4.8.3/../../../../pic32mx/lib/./proc/32MX440F256H/crt0_mips32r2.o

.vector_0       0x9fc01200        0x8
 *(.vector_0)
 .vector_0      0x9fc01200        0x8 c:/program files (x86)/microchip/xc32/v2.05/bin/bin/../../lib/gcc/pic32mx/4.8.3/../../../../pic32mx/lib\libpic32.a(vector0.o)
                0x9fc01200                __vector_dispatch_0
                0x00000001                ASSERT (((_vector_spacing == 0x0) || (SIZEOF (.vector_0) <= (_vector_spacing << 0x5))), function at exception vector 0 too large)

.vector_1       0x9fc01220        0x8
 *(.vector_1)
 .vector_1      0x9fc01220        0x8 build/default/production/_ext/1171490990/interrupts.o
                0x9fc01220                __vector_dispatch_1
                0x00000001                ASSERT (((_vector_spacing == 0x0) || (SIZEOF (.vector_1) <= (_vector_spacing << 0x5))), function at exception vector 1 too large)

.vector_2       0x9fc01240        0x8
 *(.vector_2)
 .vector_2      0x9fc01240        0x8 c:/program files (x86)/microchip/xc32/v2.05/bin/bin/../../lib/gcc/pic32mx/4.8.3/../../../../pic32mx/lib\libpic32.a(vector2.o)
                0x9fc01240                __vector_dispatch_2
                0x00000001                ASSERT (((_vector_spacing == 0x0) || (SIZEOF (.vector_2) <= (_vector_spacing << 0x5))), function at exception vector 2 too large)

.vector_3       0x9fc01260        0x8
 *(.vector_3)
 .vector_3      0x9fc01260        0x8 c:/program files (x86)/microchip/xc32/v2.05/bin/bin/../../lib/gcc/pic32mx/4.8.3/../../../../pic32mx/lib\libpic32.a(vector3.o)
                0x9fc01260                __vector_dispatch_3
                0x00000001                ASSERT (((_vector_spacing == 0x0) || (SIZEOF (.vector_3) <= (_vector_spacing << 0x5))), function at exception vector 3 too large)

.vector_4       0x9fc01280        0x8
 *(.vector_4)
 .vector_4      0x9fc01280        0x8 build/default/production/_ext/1171490990/interrupts.o
                0x9fc01280                __vector_dispatch_4
                0x00000001                ASSERT (((_vector_spacing == 0x0) || (SIZEOF (.vector_4) <= (_vector_spacing << 0x5))), function at exception vector 4 too large)

.vector_5       0x9fc012a0        0x8
 *(.vector_5)
 .vector_5      0x9fc012a0        0x8 c:/program files (x86)/microchip/xc32/v2.05/bin/bin/../../lib/gcc/pic32mx/4.8.3/../../../../pic32mx/lib\libpic32.a(vector5.o)
                0x9fc012a0                __vector_dispatch_5
                0x00000001                ASSERT (((_vector_spacing == 0x0) || (SIZEOF (.vector_5) <= (_vector_spacing << 0x5))), function at exception vector 5 too large)

.vector_6       0x9fc012c0        0x8
 *(.vector_6)
 .vector_6      0x9fc012c0        0x8 c:/program files (x86)/microchip/xc32/v2.05/bin/bin/../../lib/gcc/pic32mx/4.8.3/../../../../pic32mx/lib\libpic32.a(vector6.o)
                0x9fc012c0                __vector_dispatch_6
                0x00000001                ASSERT (((_vector_spacing == 0x0) || (SIZEOF (.vector_6) <= (_vector_spacing << 0x5))), function at exception vector 6 too large)

.vector_7       0x9fc012e0        0x8
 *(.vector_7)
 .vector_7      0x9fc012e0        0x8 c:/program files (x86)/microchip/xc32/v2.05/bin/bin/../../lib/gcc/pic32mx/4.8.3/../../../../pic32mx/lib\libpic32.a(vector7.o)
                0x9fc012e0                __vector_dispatch_7
                0x00000001                ASSERT (((_vector_spacing == 0x0) || (SIZEOF (.vector_7) <= (_vector_spacing << 0x5))), function at exception vector 7 too large)

.vector_8       0x9fc01300        0x8
 *(.vector_8)
 .vector_8      0x9fc01300        0x8 c:/program files (x86)/microchip/xc32/v2.05/bin/bin/../../lib/gcc/pic32mx/4.8.3/../../../../pic32mx/lib\libpic32.a(vector8.o)
                0x9fc01300                __vector_dispatch_8
                0x00000001                ASSERT (((_vector_spacing == 0x0) || (SIZEOF (.vector_8) <= (_vector_spacing << 0x5))), function at exception vector 8 too large)

.vector_9       0x9fc01320        0x8
 *(.vector_9)
 .vector_9      0x9fc01320        0x8 c:/program files (x86)/microchip/xc32/v2.05/bin/bin/../../lib/gcc/pic32mx/4.8.3/../../../../pic32mx/lib\libpic32.a(vector9.o)
                0x9fc01320                __vector_dispatch_9
                0x00000001                ASSERT (((_vector_spacing == 0x0) || (SIZEOF (.vector_9) <= (_vector_spacing << 0x5))), function at exception vector 9 too large)

.vector_10      0x9fc01340        0x8
 *(.vector_10)
 .vector_10     0x9fc01340        0x8 c:/program files (x86)/microchip/xc32/v2.05/bin/bin/../../lib/gcc/pic32mx/4.8.3/../../../../pic32mx/lib\libpic32.a(vector10.o)
                0x9fc01340                __vector_dispatch_10
                0x00000001                ASSERT (((_vector_spacing == 0x0) || (SIZEOF (.vector_10) <= (_vector_spacing << 0x5))), function at exception vector 10 too large)

.vector_11      0x9fc01360        0x8
 *(.vector_11)
 .vector_11     0x9fc01360        0x8 c:/program files (x86)/microchip/xc32/v2.05/bin/bin/../../lib/gcc/pic32mx/4.8.3/../../../../pic32mx/lib\libpic32.a(vector11.o)
                0x9fc01360                __vector_dispatch_11
                0x00000001                ASSERT (((_vector_spacing == 0x0) || (SIZEOF (.vector_11) <= (_vector_spacing << 0x5))), function at exception vector 11 too large)

.vector_12      0x9fc01380        0x8
 *(.vector_12)
 .vector_12     0x9fc01380        0x8 c:/program files (x86)/microchip/xc32/v2.05/bin/bin/../../lib/gcc/pic32mx/4.8.3/../../../../pic32mx/lib\libpic32.a(vector12.o)
                0x9fc01380                __vector_dispatch_12
                0x00000001                ASSERT (((_vector_spacing == 0x0) || (SIZEOF (.vector_12) <= (_vector_spacing << 0x5))), function at exception vector 12 too large)

.vector_13      0x9fc013a0        0x8
 *(.vector_13)
 .vector_13     0x9fc013a0        0x8 c:/program files (x86)/microchip/xc32/v2.05/bin/bin/../../lib/gcc/pic32mx/4.8.3/../../../../pic32mx/lib\libpic32.a(vector13.o)
                0x9fc013a0                __vector_dispatch_13
                0x00000001                ASSERT (((_vector_spacing == 0x0) || (SIZEOF (.vector_13) <= (_vector_spacing << 0x5))), function at exception vector 13 too large)

.vector_14      0x9fc013c0        0x8
 *(.vector_14)
 .vector_14     0x9fc013c0        0x8 c:/program files (x86)/microchip/xc32/v2.05/bin/bin/../../lib/gcc/pic32mx/4.8.3/../../../../pic32mx/lib\libpic32.a(vector14.o)
                0x9fc013c0                __vector_dispatch_14
                0x00000001                ASSERT (((_vector_spacing == 0x0) || (SIZEOF (.vector_14) <= (_vector_spacing << 0x5))), function at exception vector 14 too large)

.vector_15      0x9fc013e0        0x8
 *(.vector_15)
 .vector_15     0x9fc013e0        0x8 c:/program files (x86)/microchip/xc32/v2.05/bin/bin/../../lib/gcc/pic32mx/4.8.3/../../../../pic32mx/lib\libpic32.a(vector15.o)
                0x9fc013e0                __vector_dispatch_15
                0x00000001                ASSERT (((_vector_spacing == 0x0) || (SIZEOF (.vector_15) <= (_vector_spacing << 0x5))), function at exception vector 15 too large)

.vector_16      0x9fc01400        0x8
 *(.vector_16)
 .vector_16     0x9fc01400        0x8 c:/program files (x86)/microchip/xc32/v2.05/bin/bin/../../lib/gcc/pic32mx/4.8.3/../../../../pic32mx/lib\libpic32.a(vector16.o)
                0x9fc01400                __vector_dispatch_16
                0x00000001                ASSERT (((_vector_spacing == 0x0) || (SIZEOF (.vector_16) <= (_vector_spacing << 0x5))), function at exception vector 16 too large)

.vector_17      0x9fc01420        0x8
 *(.vector_17)
 .vector_17     0x9fc01420        0x8 c:/program files (x86)/microchip/xc32/v2.05/bin/bin/../../lib/gcc/pic32mx/4.8.3/../../../../pic32mx/lib\libpic32.a(vector17.o)
                0x9fc01420                __vector_dispatch_17
                0x00000001                ASSERT (((_vector_spacing == 0x0) || (SIZEOF (.vector_17) <= (_vector_spacing << 0x5))), function at exception vector 17 too large)

.vector_18      0x9fc01440        0x8
 *(.vector_18)
 .vector_18     0x9fc01440        0x8 c:/program files (x86)/microchip/xc32/v2.05/bin/bin/../../lib/gcc/pic32mx/4.8.3/../../../../pic32mx/lib\libpic32.a(vector18.o)
                0x9fc01440                __vector_dispatch_18
                0x00000001                ASSERT (((_vector_spacing == 0x0) || (SIZEOF (.vector_18) <= (_vector_spacing << 0x5))), function at exception vector 18 too large)

.vector_19      0x9fc01460        0x8
 *(.vector_19)
 .vector_19     0x9fc01460        0x8 c:/program files (x86)/microchip/xc32/v2.05/bin/bin/../../lib/gcc/pic32mx/4.8.3/../../../../pic32mx/lib\libpic32.a(vector19.o)
                0x9fc01460                __vector_dispatch_19
                0x00000001                ASSERT (((_vector_spacing == 0x0) || (SIZEOF (.vector_19) <= (_vector_spacing << 0x5))), function at exception vector 19 too large)

.vector_20      0x9fc01480        0x8
 *(.vector_20)
 .vector_20     0x9fc01480        0x8 c:/program files (x86)/microchip/xc32/v2.05/bin/bin/../../lib/gcc/pic32mx/4.8.3/../../../../pic32mx/lib\libpic32.a(vector20.o)
                0x9fc01480                __vector_dispatch_20
                0x00000001                ASSERT (((_vector_spacing == 0x0) || (SIZEOF (.vector_20) <= (_vector_spacing << 0x5))), function at exception vector 20 too large)

.vector_21      0x9fc014a0        0x8
 *(.vector_21)
 .vector_21     0x9fc014a0        0x8 c:/program files (x86)/microchip/xc32/v2.05/bin/bin/../../lib/gcc/pic32mx/4.8.3/../../../../pic32mx/lib\libpic32.a(vector21.o)
                0x9fc014a0                __vector_dispatch_21
                0x00000001                ASSERT (((_vector_spacing == 0x0) || (SIZEOF (.vector_21) <= (_vector_spacing << 0x5))), function at exception vector 21 too large)

.vector_22      0x9fc014c0        0x8
 *(.vector_22)
 .vector_22     0x9fc014c0        0x8 c:/program files (x86)/microchip/xc32/v2.05/bin/bin/../../lib/gcc/pic32mx/4.8.3/../../../../pic32mx/lib\libpic32.a(vector22.o)
                0x9fc014c0                __vector_dispatch_22
                0x00000001                ASSERT (((_vector_spacing == 0x0) || (SIZEOF (.vector_22) <= (_vector_spacing << 0x5))), function at exception vector 22 too large)

.vector_23      0x9fc014e0        0x8
 *(.vector_23)
 .vector_23     0x9fc014e0        0x8 c:/program files (x86)/microchip/xc32/v2.05/bin/bin/../../lib/gcc/pic32mx/4.8.3/../../../../pic32mx/lib\libpic32.a(vector23.o)
                0x9fc014e0                __vector_dispatch_23
                0x00000001                ASSERT (((_vector_spacing == 0x0) || (SIZEOF (.vector_23) <= (_vector_spacing << 0x5))), function at exception vector 23 too large)

.vector_24      0x9fc01500        0x8
 *(.vector_24)
 .vector_24     0x9fc01500        0x8 c:/program files (x86)/microchip/xc32/v2.05/bin/bin/../../lib/gcc/pic32mx/4.8.3/../../../../pic32mx/lib\libpic32.a(vector24.o)
                0x9fc01500                __vector_dispatch_24
                0x00000001                ASSERT (((_vector_spacing == 0x0) || (SIZEOF (.vector_24) <= (_vector_spacing << 0x5))), function at exception vector 24 too large)

.vector_25      0x9fc01520        0x8
 *(.vector_25)
 .vector_25     0x9fc01520        0x8 c:/program files (x86)/microchip/xc32/v2.05/bin/bin/../../lib/gcc/pic32mx/4.8.3/../../../../pic32mx/lib\libpic32.a(vector25.o)
                0x9fc01520                __vector_dispatch_25
                0x00000001                ASSERT (((_vector_spacing == 0x0) || (SIZEOF (.vector_25) <= (_vector_spacing << 0x5))), function at exception vector 25 too large)

.vector_26      0x9fc01540        0x8
 *(.vector_26)
 .vector_26     0x9fc01540        0x8 c:/program files (x86)/microchip/xc32/v2.05/bin/bin/../../lib/gcc/pic32mx/4.8.3/../../../../pic32mx/lib\libpic32.a(vector26.o)
                0x9fc01540                __vector_dispatch_26
                0x00000001                ASSERT (((_vector_spacing == 0x0) || (SIZEOF (.vector_26) <= (_vector_spacing << 0x5))), function at exception vector 26 too large)

.vector_27      0x9fc01560        0x8
 *(.vector_27)
 .vector_27     0x9fc01560        0x8 c:/program files (x86)/microchip/xc32/v2.05/bin/bin/../../lib/gcc/pic32mx/4.8.3/../../../../pic32mx/lib\libpic32.a(vector27.o)
                0x9fc01560                __vector_dispatch_27
                0x00000001                ASSERT (((_vector_spacing == 0x0) || (SIZEOF (.vector_27) <= (_vector_spacing << 0x5))), function at exception vector 27 too large)

.vector_28      0x9fc01580        0x8
 *(.vector_28)
 .vector_28     0x9fc01580        0x8 c:/program files (x86)/microchip/xc32/v2.05/bin/bin/../../lib/gcc/pic32mx/4.8.3/../../../../pic32mx/lib\libpic32.a(vector28.o)
                0x9fc01580                __vector_dispatch_28
                0x00000001                ASSERT (((_vector_spacing == 0x0) || (SIZEOF (.vector_28) <= (_vector_spacing << 0x5))), function at exception vector 28 too large)

.vector_29      0x9fc015a0        0x8
 *(.vector_29)
 .vector_29     0x9fc015a0        0x8 c:/program files (x86)/microchip/xc32/v2.05/bin/bin/../../lib/gcc/pic32mx/4.8.3/../../../../pic32mx/lib\libpic32.a(vector29.o)
                0x9fc015a0                __vector_dispatch_29
                0x00000001                ASSERT (((_vector_spacing == 0x0) || (SIZEOF (.vector_29) <= (_vector_spacing << 0x5))), function at exception vector 29 too large)

.vector_30      0x9fc015c0        0x8
 *(.vector_30)
 .vector_30     0x9fc015c0        0x8 c:/program files (x86)/microchip/xc32/v2.05/bin/bin/../../lib/gcc/pic32mx/4.8.3/../../../../pic32mx/lib\libpic32.a(vector30.o)
                0x9fc015c0                __vector_dispatch_30
                0x00000001                ASSERT (((_vector_spacing == 0x0) || (SIZEOF (.vector_30) <= (_vector_spacing << 0x5))), function at exception vector 30 too large)

.vector_31      0x9fc015e0        0x8
 *(.vector_31)
 .vector_31     0x9fc015e0        0x8 c:/program files (x86)/microchip/xc32/v2.05/bin/bin/../../lib/gcc/pic32mx/4.8.3/../../../../pic32mx/lib\libpic32.a(vector31.o)
                0x9fc015e0                __vector_dispatch_31
                0x00000001                ASSERT (((_vector_spacing == 0x0) || (SIZEOF (.vector_31) <= (_vector_spacing << 0x5))), function at exception vector 31 too large)

.vector_32      0x9fc01600        0x8
 *(.vector_32)
 .vector_32     0x9fc01600        0x8 c:/program files (x86)/microchip/xc32/v2.05/bin/bin/../../lib/gcc/pic32mx/4.8.3/../../../../pic32mx/lib\libpic32.a(vector32.o)
                0x9fc01600                __vector_dispatch_32
                0x00000001                ASSERT (((_vector_spacing == 0x0) || (SIZEOF (.vector_32) <= (_vector_spacing << 0x5))), function at exception vector 32 too large)

.vector_33      0x9fc01620        0x8
 *(.vector_33)
 .vector_33     0x9fc01620        0x8 c:/program files (x86)/microchip/xc32/v2.05/bin/bin/../../lib/gcc/pic32mx/4.8.3/../../../../pic32mx/lib\libpic32.a(vector33.o)
                0x9fc01620                __vector_dispatch_33
                0x00000001                ASSERT (((_vector_spacing == 0x0) || (SIZEOF (.vector_33) <= (_vector_spacing << 0x5))), function at exception vector 33 too large)

.vector_34      0x9fc01640        0x8
 *(.vector_34)
 .vector_34     0x9fc01640        0x8 c:/program files (x86)/microchip/xc32/v2.05/bin/bin/../../lib/gcc/pic32mx/4.8.3/../../../../pic32mx/lib\libpic32.a(vector34.o)
                0x9fc01640                __vector_dispatch_34
                0x00000001                ASSERT (((_vector_spacing == 0x0) || (SIZEOF (.vector_34) <= (_vector_spacing << 0x5))), function at exception vector 34 too large)

.vector_35      0x9fc01660        0x8
 *(.vector_35)
 .vector_35     0x9fc01660        0x8 c:/program files (x86)/microchip/xc32/v2.05/bin/bin/../../lib/gcc/pic32mx/4.8.3/../../../../pic32mx/lib\libpic32.a(vector35.o)
                0x9fc01660                __vector_dispatch_35
                0x00000001                ASSERT (((_vector_spacing == 0x0) || (SIZEOF (.vector_35) <= (_vector_spacing << 0x5))), function at exception vector 35 too large)

.vector_36      0x9fc01680        0x8
 *(.vector_36)
 .vector_36     0x9fc01680        0x8 c:/program files (x86)/microchip/xc32/v2.05/bin/bin/../../lib/gcc/pic32mx/4.8.3/../../../../pic32mx/lib\libpic32.a(vector36.o)
                0x9fc01680                __vector_dispatch_36
                0x00000001                ASSERT (((_vector_spacing == 0x0) || (SIZEOF (.vector_36) <= (_vector_spacing << 0x5))), function at exception vector 36 too large)

.vector_37      0x9fc016a0        0x8
 *(.vector_37)
 .vector_37     0x9fc016a0        0x8 c:/program files (x86)/microchip/xc32/v2.05/bin/bin/../../lib/gcc/pic32mx/4.8.3/../../../../pic32mx/lib\libpic32.a(vector37.o)
                0x9fc016a0                __vector_dispatch_37
                0x00000001                ASSERT (((_vector_spacing == 0x0) || (SIZEOF (.vector_37) <= (_vector_spacing << 0x5))), function at exception vector 37 too large)

.vector_38      0x9fc016c0        0x8
 *(.vector_38)
 .vector_38     0x9fc016c0        0x8 c:/program files (x86)/microchip/xc32/v2.05/bin/bin/../../lib/gcc/pic32mx/4.8.3/../../../../pic32mx/lib\libpic32.a(vector38.o)
                0x9fc016c0                __vector_dispatch_38
                0x00000001                ASSERT (((_vector_spacing == 0x0) || (SIZEOF (.vector_38) <= (_vector_spacing << 0x5))), function at exception vector 38 too large)

.vector_39      0x9fc016e0        0x8
 *(.vector_39)
 .vector_39     0x9fc016e0        0x8 c:/program files (x86)/microchip/xc32/v2.05/bin/bin/../../lib/gcc/pic32mx/4.8.3/../../../../pic32mx/lib\libpic32.a(vector39.o)
                0x9fc016e0                __vector_dispatch_39
                0x00000001                ASSERT (((_vector_spacing == 0x0) || (SIZEOF (.vector_39) <= (_vector_spacing << 0x5))), function at exception vector 39 too large)

.vector_40      0x9fc01700        0x8
 *(.vector_40)
 .vector_40     0x9fc01700        0x8 c:/program files (x86)/microchip/xc32/v2.05/bin/bin/../../lib/gcc/pic32mx/4.8.3/../../../../pic32mx/lib\libpic32.a(vector40.o)
                0x9fc01700                __vector_dispatch_40
                0x00000001                ASSERT (((_vector_spacing == 0x0) || (SIZEOF (.vector_40) <= (_vector_spacing << 0x5))), function at exception vector 40 too large)

.vector_41      0x9fc01720        0x8
 *(.vector_41)
 .vector_41     0x9fc01720        0x8 c:/program files (x86)/microchip/xc32/v2.05/bin/bin/../../lib/gcc/pic32mx/4.8.3/../../../../pic32mx/lib\libpic32.a(vector41.o)
                0x9fc01720                __vector_dispatch_41
                0x00000001                ASSERT (((_vector_spacing == 0x0) || (SIZEOF (.vector_41) <= (_vector_spacing << 0x5))), function at exception vector 41 too large)

.vector_42      0x9fc01740        0x8
 *(.vector_42)
 .vector_42     0x9fc01740        0x8 c:/program files (x86)/microchip/xc32/v2.05/bin/bin/../../lib/gcc/pic32mx/4.8.3/../../../../pic32mx/lib\libpic32.a(vector42.o)
                0x9fc01740                __vector_dispatch_42
                0x00000001                ASSERT (((_vector_spacing == 0x0) || (SIZEOF (.vector_42) <= (_vector_spacing << 0x5))), function at exception vector 42 too large)

.vector_43      0x9fc01760        0x8
 *(.vector_43)
 .vector_43     0x9fc01760        0x8 c:/program files (x86)/microchip/xc32/v2.05/bin/bin/../../lib/gcc/pic32mx/4.8.3/../../../../pic32mx/lib\libpic32.a(vector43.o)
                0x9fc01760                __vector_dispatch_43
                0x00000001                ASSERT (((_vector_spacing == 0x0) || (SIZEOF (.vector_43) <= (_vector_spacing << 0x5))), function at exception vector 43 too large)

.vector_44      0x9fc01780        0x8
 *(.vector_44)
 .vector_44     0x9fc01780        0x8 c:/program files (x86)/microchip/xc32/v2.05/bin/bin/../../lib/gcc/pic32mx/4.8.3/../../../../pic32mx/lib\libpic32.a(vector44.o)
                0x9fc01780                __vector_dispatch_44
                0x00000001                ASSERT (((_vector_spacing == 0x0) || (SIZEOF (.vector_44) <= (_vector_spacing << 0x5))), function at exception vector 44 too large)

.vector_45      0x9fc017a0        0x8
 *(.vector_45)
 .vector_45     0x9fc017a0        0x8 build/default/production/_ext/1171490990/interrupts.o
                0x9fc017a0                __vector_dispatch_45
                0x00000001                ASSERT (((_vector_spacing == 0x0) || (SIZEOF (.vector_45) <= (_vector_spacing << 0x5))), function at exception vector 45 too large)

.vector_46      0x9fc017c0        0x0
 *(.vector_46)
                0x00000001                ASSERT (((_vector_spacing == 0x0) || (SIZEOF (.vector_46) <= (_vector_spacing << 0x5))), function at exception vector 46 too large)

.vector_47      0x9fc017e0        0x0
 *(.vector_47)
                0x00000001                ASSERT (((_vector_spacing == 0x0) || (SIZEOF (.vector_47) <= (_vector_spacing << 0x5))), function at exception vector 47 too large)

.vector_48      0x9fc01800        0x0
 *(.vector_48)
                0x00000001                ASSERT (((_vector_spacing == 0x0) || (SIZEOF (.vector_48) <= (_vector_spacing << 0x5))), function at exception vector 48 too large)

.vector_49      0x9fc01820        0x0
 *(.vector_49)
                0x00000001                ASSERT (((_vector_spacing == 0x0) || (SIZEOF (.vector_49) <= (_vector_spacing << 0x5))), function at exception vector 49 too large)

.vector_50      0x9fc01840        0x0
 *(.vector_50)
                0x00000001                ASSERT (((_vector_spacing == 0x0) || (SIZEOF (.vector_50) <= (_vector_spacing << 0x5))), function at exception vector 50 too large)

.vector_51      0x9fc01860        0x0
 *(.vector_51)
                0x00000001                ASSERT (((_vector_spacing == 0x0) || (SIZEOF (.vector_51) <= (_vector_spacing << 0x5))), function at exception vector 51 too large)

.vector_52      0x9fc01880        0x0
 *(.vector_52)
                0x00000001                ASSERT (((_vector_spacing == 0x0) || (SIZEOF (.vector_52) <= (_vector_spacing << 0x5))), function at exception vector 52 too large)

.vector_53      0x9fc018a0        0x0
 *(.vector_53)
                0x00000001                ASSERT (((_vector_spacing == 0x0) || (SIZEOF (.vector_53) <= (_vector_spacing << 0x5))), function at exception vector 53 too large)

.vector_54      0x9fc018c0        0x0
 *(.vector_54)
                0x00000001                ASSERT (((_vector_spacing == 0x0) || (SIZEOF (.vector_54) <= (_vector_spacing << 0x5))), function at exception vector 54 too large)

.vector_55      0x9fc018e0        0x0
 *(.vector_55)
                0x00000001                ASSERT (((_vector_spacing == 0x0) || (SIZEOF (.vector_55) <= (_vector_spacing << 0x5))), function at exception vector 55 too large)

.vector_56      0x9fc01900        0x0
 *(.vector_56)
                0x00000001                ASSERT (((_vector_spacing == 0x0) || (SIZEOF (.vector_56) <= (_vector_spacing << 0x5))), function at exception vector 56 too large)

.vector_57      0x9fc01920        0x0
 *(.vector_57)
                0x00000001                ASSERT (((_vector_spacing == 0x0) || (SIZEOF (.vector_57) <= (_vector_spacing << 0x5))), function at exception vector 57 too large)

.vector_58      0x9fc01940        0x0
 *(.vector_58)
                0x00000001                ASSERT (((_vector_spacing == 0x0) || (SIZEOF (.vector_58) <= (_vector_spacing << 0x5))), function at exception vector 58 too large)

.vector_59      0x9fc01960        0x0
 *(.vector_59)
                0x00000001                ASSERT (((_vector_spacing == 0x0) || (SIZEOF (.vector_59) <= (_vector_spacing << 0x5))), function at exception vector 59 too large)

.vector_60      0x9fc01980        0x0
 *(.vector_60)
                0x00000001                ASSERT (((_vector_spacing == 0x0) || (SIZEOF (.vector_60) <= (_vector_spacing << 0x5))), function at exception vector 60 too large)

.vector_61      0x9fc019a0        0x0
 *(.vector_61)
                0x00000001                ASSERT (((_vector_spacing == 0x0) || (SIZEOF (.vector_61) <= (_vector_spacing << 0x5))), function at exception vector 61 too large)

.vector_62      0x9fc019c0        0x0
 *(.vector_62)
                0x00000001                ASSERT (((_vector_spacing == 0x0) || (SIZEOF (.vector_62) <= (_vector_spacing << 0x5))), function at exception vector 62 too large)

.vector_63      0x9fc019e0        0x0
 *(.vector_63)
                0x00000001                ASSERT (((_vector_spacing == 0x0) || (SIZEOF (.vector_63) <= (_vector_spacing << 0x5))), function at exception vector 63 too large)

.startup
 *(.startup)

.text           0x9d000000        0x0
 *(.stub .gnu.linkonce.t.*)
 *(.text.*personality*)
 *(.mips16.fn.*)
 *(.mips16.call.*)
 *(.gnu.warning)
                0x9d000000                . = ALIGN (0x4)

.init           0x9d000000        0x0
 *crti.o(.init)
 *crtbegin.o(.init)
 *(EXCLUDE_FILE(*crtn.o *crtend?.o *crtend.o) .init)
 *crtend.o(.init)
 *crtn.o(.init)
                0x9d000000                . = ALIGN (0x4)

.fini           0x9d000000        0x0
 *(.fini)
                0x9d000000                . = ALIGN (0x4)

.preinit_array  0x9d000000        0x0
                0x9d000000                PROVIDE (__preinit_array_start, .)
 *(.preinit_array)
                0x9d000000                PROVIDE (__preinit_array_end, .)
                0x9d000000                . = ALIGN (0x4)

.init_array     0x9d000000        0x0
                0x9d000000                PROVIDE (__init_array_start, .)
 *(SORT(.init_array.*))
 *(.init_array)
                0x9d000000                PROVIDE (__init_array_end, .)
                0x9d000000                . = ALIGN (0x4)

.fini_array     0x9d000000        0x0
                0x9d000000                PROVIDE (__fini_array_start, .)
 *(SORT(.fini_array.*))
 *(.fini_array)
                0x9d000000                PROVIDE (__fini_array_end, .)
                0x9d000000                . = ALIGN (0x4)

.ctors          0x9d000000        0x0
 *crtbegin.o(.ctors)
 *crtbegin?.o(.ctors)
 *(EXCLUDE_FILE(*crtend?.o *crtend.o) .ctors)
 *(SORT(.ctors.*))
 *(.ctors)
                0x9d000000                . = ALIGN (0x4)

.dtors          0x9d000000        0x0
 *crtbegin.o(.dtors)
 *crtbegin?.o(.dtors)
 *(EXCLUDE_FILE(*crtend?.o *crtend.o) .dtors)
 *(SORT(.dtors.*))
 *(.dtors)
                0x9d000000                . = ALIGN (0x4)

.rodata         0x9d000000        0x0
 *(.gnu.linkonce.r.*)
 *(.rodata1)
                0x9d000000                . = ALIGN (0x4)

.sdata2         0x9fc00490        0x0
 *(.sdata2 .sdata2.* .gnu.linkonce.s2.*)
                0x9fc00490                . = ALIGN (0x4)

.sbss2          0x9fc00490        0x0
 *(.sbss2 .sbss2.* .gnu.linkonce.sb2.*)
                0x9fc00490                . = ALIGN (0x4)

.eh_frame_hdr
 *(.eh_frame_hdr)
                0x9fc00490                . = ALIGN (0x4)

.eh_frame
 *(.eh_frame)
                0x9fc00490                . = ALIGN (0x4)

.gcc_except_table
 *(.gcc_except_table .gcc_except_table.*)
                0x9fc00490                . = ALIGN (0x4)

.dbg_data       0xa0000000        0x0
                0xa0000000                . = (. + DEFINED (_DEBUGGER)?0x200:0x0)

.jcr            0xa0000000        0x0
 *(.jcr)
                0xa0000000                . = ALIGN (0x4)

.eh_frame
 *(.eh_frame)
                0xa0000000                . = ALIGN (0x4)

.gcc_except_table
 *(.gcc_except_table .gcc_except_table.*)
                0xa0000000                . = ALIGN (0x4)

.persist        0xa0000000        0x0
                0xa0000000                _persist_begin = .
 *(.persist .persist.*)
                0xa0000000                . = ALIGN (0x4)
                0xa0000000                _persist_end = .

.data           0xa0000000        0x0
 *(.gnu.linkonce.d.*)
 *(.data1)
                0xa0000000                . = ALIGN (0x4)
                0xa0000000                . = .
                0xa0007ff0                _gp = (ALIGN (0x10) + 0x7ff0)

.got            0xa0000000        0x0
 *(.got.plt)
 *(.got)
                0xa0000000                . = ALIGN (0x4)

.sdata          0xa0000000        0x0
                0xa0000000                _sdata_begin = .
 *(.sdata .sdata.* .gnu.linkonce.s.*)
                0xa0000000                . = ALIGN (0x4)
                0xa0000000                _sdata_end = .

.lit8
 *(.lit8)

.lit4
 *(.lit4)
                0xa0000000                . = ALIGN (0x4)
                0xa0000000                _data_end = .
                0xa0000000                _bss_begin = .

.sbss           0xa0000000       0x24
                0xa0000000                _sbss_begin = .
 *(.dynsbss)
 *(.sbss .sbss.* .gnu.linkonce.sb.*)
 .sbss          0xa0000000        0x8 build/default/production/_ext/1171490990/exceptions.o
 .sbss          0xa0000008        0x2 build/default/production/_ext/1360937237/D32.o
                0xa0000008                cmd_get
                0xa0000009                cmd_put
 *(.scommon)
 *fill*         0xa000000a        0x2 
 .scommon       0xa000000c        0x2 build/default/production/_ext/308758920/usb_device_cdc.o
                0xa000000c                gUSBDeviceCdcCommonDataObj
 *fill*         0xa000000e        0x2 
 .scommon       0xa0000010        0x8 build/default/production/_ext/1171490990/initialization.o
                0xa0000010                sysObj
 .scommon       0xa0000018        0xa build/default/production/_ext/1360937237/D32.o
                0xa0000018                txBuffer_get
                0xa0000019                rxBuffer_put
                0xa000001c                global_data
                0xa0000020                rxBuffer_get
                0xa0000021                txBuffer_put
 .scommon       0xa0000022        0x0 build/default/production/_ext/1360937237/app_main.o
                0xa0000022                _sbss_end = .
                0xa0000024                . = ALIGN (0x4)
 *fill*         0xa0000022        0x2 

.bss            0xa0000200      0x83c
 *(.dynbss)
 *(COMMON)
 COMMON         0xa0000200       0xf8 build/default/production/_ext/2128569739/drv_usbfs.o
                0xa0000200                gDrvUSBGroup
 COMMON         0xa00002f8       0xbc build/default/production/_ext/308758920/usb_device_cdc.o
                0xa00002f8                gUSBDeviceCDCSerialStateResponse
                0xa0000304                gUSBDeviceCDCIRP
                0xa0000370                gUSBDeviceCDCInstance
 *fill*         0xa00003b4       0x4c 
 COMMON         0xa0000400       0x80 build/default/production/_ext/1171490990/initialization.o
                0xa0000400                endPointTable1
 COMMON         0xa0000480      0x43c build/default/production/_ext/1360937237/app.o
                0xa0000480                appData
                0xa00004bc                cdcReadBuffer
                0xa00006bc                cdcWriteBuffer
 COMMON         0xa00008bc      0x180 build/default/production/_ext/1360937237/D32.o
                0xa00008bc                rxBuffer
                0xa000093c                txBuffer
                0xa00009bc                command_to_process
                0xa0000a3c                . = ALIGN ((. != 0x0)?0x4:0x1)
                0xa0000a3c                . = ALIGN (0x4)
                0xa0000a3c                _end = .
                0xa0000a3c                _bss_end = .
                0x00008000                _bmxdudba_address = 0x8000
                0x00008000                _bmxdupba_address = 0x8000

/DISCARD/
 *(.pdr)
 *(.rel.dyn)
 *(.note.GNU-stack)
 *(.note.GNU-stack)
 *(.gnu_debuglink)
 *(.gnu.lto_*)
 *(.discard)

.gptab.sdata
 *(.gptab.data)
 *(.gptab.sdata)

.gptab.sbss
 *(.gptab.bss)
 *(.gptab.sbss)

.mdebug.abi32   0x00000000        0x0
 *(.mdebug.abi32)
 .mdebug.abi32  0x00000000        0x0 build/default/production/_ext/2128569739/drv_usbfs.o
 .mdebug.abi32  0x00000000        0x0 build/default/production/_ext/2128569739/drv_usbfs_device.o
 .mdebug.abi32  0x00000000        0x0 build/default/production/_ext/60165520/plib_clk.o
 .mdebug.abi32  0x00000000        0x0 build/default/production/_ext/1865200349/plib_evic.o
 .mdebug.abi32  0x00000000        0x0 build/default/production/_ext/1865254177/plib_gpio.o
 .mdebug.abi32  0x00000000        0x0 build/default/production/_ext/163028504/xc32_monitor.o
 .mdebug.abi32  0x00000000        0x0 build/default/production/_ext/1881668453/sys_int.o
 .mdebug.abi32  0x00000000        0x0 build/default/production/_ext/308758920/usb_device.o
 .mdebug.abi32  0x00000000        0x0 build/default/production/_ext/308758920/usb_device_cdc.o
 .mdebug.abi32  0x00000000        0x0 build/default/production/_ext/308758920/usb_device_cdc_acm.o
 .mdebug.abi32  0x00000000        0x0 build/default/production/_ext/1171490990/initialization.o
 .mdebug.abi32  0x00000000        0x0 build/default/production/_ext/1171490990/interrupts.o
 .mdebug.abi32  0x00000000        0x0 build/default/production/_ext/1171490990/exceptions.o
 .mdebug.abi32  0x00000000        0x0 build/default/production/_ext/1171490990/usb_device_init_data.o
 .mdebug.abi32  0x00000000        0x0 build/default/production/_ext/1171490990/tasks.o
 .mdebug.abi32  0x00000000        0x0 build/default/production/_ext/1360937237/main.o
 .mdebug.abi32  0x00000000        0x0 build/default/production/_ext/1360937237/app.o
 .mdebug.abi32  0x00000000        0x0 build/default/production/_ext/1360937237/D32.o
 .mdebug.abi32  0x00000000        0x0 build/default/production/_ext/1360937237/app_main.o
 .mdebug.abi32  0x00000000        0x0 c:/program files (x86)/microchip/xc32/v2.05/bin/bin/../../lib/gcc/pic32mx/4.8.3/../../../../pic32mx/lib\libpic32.a(default-on-reset.o)
 .mdebug.abi32  0x00000000        0x0 c:/program files (x86)/microchip/xc32/v2.05/bin/bin/../../lib/gcc/pic32mx/4.8.3/../../../../pic32mx/lib\libpic32.a(default-on-bootstrap.o)
 .mdebug.abi32  0x00000000        0x0 c:/program files (x86)/microchip/xc32/v2.05/bin/bin/../../lib/gcc/pic32mx/4.8.3/../../../../pic32mx/lib\libpic32.a(defaultinterrupt.o)

.mdebug.abiN32
 *(.mdebug.abiN32)

.mdebug.abi64
 *(.mdebug.abi64)

.mdebug.abiO64
 *(.mdebug.abiO64)

.mdebug.eabi32
 *(.mdebug.eabi32)

.mdebug.eabi64
 *(.mdebug.eabi64)

.gcc_compiled_long32
 *(.gcc_compiled_long32)

.gcc_compiled_long64
 *(.gcc_compiled_long64)

.stab
 *(.stab)

.stabstr
 *(.stabstr)

.stab.excl
 *(.stab.excl)

.stab.exclstr
 *(.stab.exclstr)

.stab.index
 *(.stab.index)

.stab.indexstr
 *(.stab.indexstr)

.comment        0x00000000       0x3c
 *(.comment)
 .comment       0x00000000       0x3c build/default/production/_ext/2128569739/drv_usbfs.o
                                 0x3d (size before relaxing)
 .comment       0x00000000       0x3d build/default/production/_ext/2128569739/drv_usbfs_device.o
 .comment       0x00000000       0x3d build/default/production/_ext/60165520/plib_clk.o
 .comment       0x00000000       0x3d build/default/production/_ext/1865200349/plib_evic.o
 .comment       0x00000000       0x3d build/default/production/_ext/1865254177/plib_gpio.o
 .comment       0x00000000       0x3d build/default/production/_ext/163028504/xc32_monitor.o
 .comment       0x00000000       0x3d build/default/production/_ext/1881668453/sys_int.o
 .comment       0x00000000       0x3d build/default/production/_ext/308758920/usb_device.o
 .comment       0x00000000       0x3d build/default/production/_ext/308758920/usb_device_cdc.o
 .comment       0x00000000       0x3d build/default/production/_ext/308758920/usb_device_cdc_acm.o
 .comment       0x00000000       0x3d build/default/production/_ext/1171490990/initialization.o
 .comment       0x00000000       0x3d build/default/production/_ext/1171490990/interrupts.o
 .comment       0x00000000       0x3d build/default/production/_ext/1171490990/exceptions.o
 .comment       0x00000000       0x3d build/default/production/_ext/1171490990/usb_device_init_data.o
 .comment       0x00000000       0x3d build/default/production/_ext/1171490990/tasks.o
 .comment       0x00000000       0x3d build/default/production/_ext/1360937237/main.o
 .comment       0x00000000       0x3d build/default/production/_ext/1360937237/app.o
 .comment       0x00000000       0x3d build/default/production/_ext/1360937237/D32.o
 .comment       0x00000000       0x3d build/default/production/_ext/1360937237/app_main.o
 .comment       0x00000000       0x3d c:/program files (x86)/microchip/xc32/v2.05/bin/bin/../../lib/gcc/pic32mx/4.8.3/../../../../pic32mx/lib\libpic32.a(default-on-reset.o)
 .comment       0x00000000       0x3d c:/program files (x86)/microchip/xc32/v2.05/bin/bin/../../lib/gcc/pic32mx/4.8.3/../../../../pic32mx/lib\libpic32.a(default-on-bootstrap.o)
 .comment       0x00000000       0x3d c:/program files (x86)/microchip/xc32/v2.05/bin/bin/../../lib/gcc/pic32mx/4.8.3/../../../../pic32mx/lib\libpic32.a(defaultinterrupt.o)

.debug
 *.elf(.debug)
 *(.debug)

.line
 *.elf(.line)
 *(.line)

.debug_srcinfo
 *.elf(.debug_srcinfo)
 *(.debug_srcinfo)

.debug_sfnames
 *.elf(.debug_sfnames)
 *(.debug_sfnames)

.debug_aranges  0x00000000      0x6e8
 *.elf(.debug_aranges)
 *(.debug_aranges)
 .debug_aranges
                0x00000000       0x68 build/default/production/_ext/2128569739/drv_usbfs.o
 .debug_aranges
                0x00000068       0xc0 build/default/production/_ext/2128569739/drv_usbfs_device.o
 .debug_aranges
                0x00000128       0x20 build/default/production/_ext/60165520/plib_clk.o
 .debug_aranges
                0x00000148       0x68 build/default/production/_ext/1865200349/plib_evic.o
 .debug_aranges
                0x000001b0       0x60 build/default/production/_ext/1865254177/plib_gpio.o
 .debug_aranges
                0x00000210       0x28 build/default/production/_ext/163028504/xc32_monitor.o
 .debug_aranges
                0x00000238       0x40 build/default/production/_ext/1881668453/sys_int.o
 .debug_aranges
                0x00000278      0x1a0 build/default/production/_ext/308758920/usb_device.o
 .debug_aranges
                0x00000418       0x88 build/default/production/_ext/308758920/usb_device_cdc.o
 .debug_aranges
                0x000004a0       0x20 build/default/production/_ext/308758920/usb_device_cdc_acm.o
 .debug_aranges
                0x000004c0       0x20 build/default/production/_ext/1171490990/initialization.o
 .debug_aranges
                0x000004e0       0x30 build/default/production/_ext/1171490990/interrupts.o
 .debug_aranges
                0x00000510       0x28 build/default/production/_ext/1171490990/exceptions.o
 .debug_aranges
                0x00000538       0x18 build/default/production/_ext/1171490990/usb_device_init_data.o
 .debug_aranges
                0x00000550       0x20 build/default/production/_ext/1171490990/tasks.o
 .debug_aranges
                0x00000570       0x20 build/default/production/_ext/1360937237/main.o
 .debug_aranges
                0x00000590       0x48 build/default/production/_ext/1360937237/app.o
 .debug_aranges
                0x000005d8       0x90 build/default/production/_ext/1360937237/D32.o
 .debug_aranges
                0x00000668       0x20 build/default/production/_ext/1360937237/app_main.o
 .debug_aranges
                0x00000688       0x20 c:/program files (x86)/microchip/xc32/v2.05/bin/bin/../../lib/gcc/pic32mx/4.8.3/../../../../pic32mx/lib\libpic32.a(default-on-reset.o)
 .debug_aranges
                0x000006a8       0x20 c:/program files (x86)/microchip/xc32/v2.05/bin/bin/../../lib/gcc/pic32mx/4.8.3/../../../../pic32mx/lib\libpic32.a(default-on-bootstrap.o)
 .debug_aranges
                0x000006c8       0x20 c:/program files (x86)/microchip/xc32/v2.05/bin/bin/../../lib/gcc/pic32mx/4.8.3/../../../../pic32mx/lib\libpic32.a(defaultinterrupt.o)

.debug_pubnames
 *.elf(.debug_pubnames)
 *(.debug_pubnames)

.debug_info     0x00000000    0x1fde1
 *.elf(.debug_info .gnu.linkonce.wi.*)
 *(.debug_info .gnu.linkonce.wi.*)
 .debug_info    0x00000000     0x4091 build/default/production/_ext/2128569739/drv_usbfs.o
 .debug_info    0x00004091     0x7311 build/default/production/_ext/2128569739/drv_usbfs_device.o
 .debug_info    0x0000b3a2      0x4cc build/default/production/_ext/60165520/plib_clk.o
 .debug_info    0x0000b86e      0x9a2 build/default/production/_ext/1865200349/plib_evic.o
 .debug_info    0x0000c210      0x4cf build/default/production/_ext/1865254177/plib_gpio.o
 .debug_info    0x0000c6df      0x12c build/default/production/_ext/163028504/xc32_monitor.o
 .debug_info    0x0000c80b      0x907 build/default/production/_ext/1881668453/sys_int.o
 .debug_info    0x0000d112     0x58c7 build/default/production/_ext/308758920/usb_device.o
 .debug_info    0x000129d9     0x3c5c build/default/production/_ext/308758920/usb_device_cdc.o
 .debug_info    0x00016635     0x13a5 build/default/production/_ext/308758920/usb_device_cdc_acm.o
 .debug_info    0x000179da     0x1c7e build/default/production/_ext/1171490990/initialization.o
 .debug_info    0x00019658      0x209 build/default/production/_ext/1171490990/interrupts.o
 .debug_info    0x00019861      0x8d4 build/default/production/_ext/1171490990/exceptions.o
 .debug_info    0x0001a135     0x3080 build/default/production/_ext/1171490990/usb_device_init_data.o
 .debug_info    0x0001d1b5      0x28b build/default/production/_ext/1171490990/tasks.o
 .debug_info    0x0001d440      0x1f6 build/default/production/_ext/1360937237/main.o
 .debug_info    0x0001d636     0x1cdc build/default/production/_ext/1360937237/app.o
 .debug_info    0x0001f312      0x69f build/default/production/_ext/1360937237/D32.o
 .debug_info    0x0001f9b1      0x1aa build/default/production/_ext/1360937237/app_main.o
 .debug_info    0x0001fb5b       0xcc c:/program files (x86)/microchip/xc32/v2.05/bin/bin/../../lib/gcc/pic32mx/4.8.3/../../../../pic32mx/lib\libpic32.a(default-on-reset.o)
 .debug_info    0x0001fc27       0xd4 c:/program files (x86)/microchip/xc32/v2.05/bin/bin/../../lib/gcc/pic32mx/4.8.3/../../../../pic32mx/lib\libpic32.a(default-on-bootstrap.o)
 .debug_info    0x0001fcfb       0xe6 c:/program files (x86)/microchip/xc32/v2.05/bin/bin/../../lib/gcc/pic32mx/4.8.3/../../../../pic32mx/lib\libpic32.a(defaultinterrupt.o)

.debug_abbrev   0x00000000     0x2154
 *.elf(.debug_abbrev)
 *(.debug_abbrev)
 .debug_abbrev  0x00000000      0x40a build/default/production/_ext/2128569739/drv_usbfs.o
 .debug_abbrev  0x0000040a      0x4a2 build/default/production/_ext/2128569739/drv_usbfs_device.o
 .debug_abbrev  0x000008ac       0xa4 build/default/production/_ext/60165520/plib_clk.o
 .debug_abbrev  0x00000950       0xfe build/default/production/_ext/1865200349/plib_evic.o
 .debug_abbrev  0x00000a4e       0xd7 build/default/production/_ext/1865254177/plib_gpio.o
 .debug_abbrev  0x00000b25       0x66 build/default/production/_ext/163028504/xc32_monitor.o
 .debug_abbrev  0x00000b8b      0x177 build/default/production/_ext/1881668453/sys_int.o
 .debug_abbrev  0x00000d02      0x3e1 build/default/production/_ext/308758920/usb_device.o
 .debug_abbrev  0x000010e3      0x3f9 build/default/production/_ext/308758920/usb_device_cdc.o
 .debug_abbrev  0x000014dc      0x199 build/default/production/_ext/308758920/usb_device_cdc_acm.o
 .debug_abbrev  0x00001675      0x1f1 build/default/production/_ext/1171490990/initialization.o
 .debug_abbrev  0x00001866       0x6f build/default/production/_ext/1171490990/interrupts.o
 .debug_abbrev  0x000018d5       0x78 build/default/production/_ext/1171490990/exceptions.o
 .debug_abbrev  0x0000194d      0x1d3 build/default/production/_ext/1171490990/usb_device_init_data.o
 .debug_abbrev  0x00001b20       0xab build/default/production/_ext/1171490990/tasks.o
 .debug_abbrev  0x00001bcb       0x93 build/default/production/_ext/1360937237/main.o
 .debug_abbrev  0x00001c5e      0x255 build/default/production/_ext/1360937237/app.o
 .debug_abbrev  0x00001eb3      0x1c1 build/default/production/_ext/1360937237/D32.o
 .debug_abbrev  0x00002074       0x68 build/default/production/_ext/1360937237/app_main.o
 .debug_abbrev  0x000020dc       0x28 c:/program files (x86)/microchip/xc32/v2.05/bin/bin/../../lib/gcc/pic32mx/4.8.3/../../../../pic32mx/lib\libpic32.a(default-on-reset.o)
 .debug_abbrev  0x00002104       0x28 c:/program files (x86)/microchip/xc32/v2.05/bin/bin/../../lib/gcc/pic32mx/4.8.3/../../../../pic32mx/lib\libpic32.a(default-on-bootstrap.o)
 .debug_abbrev  0x0000212c       0x28 c:/program files (x86)/microchip/xc32/v2.05/bin/bin/../../lib/gcc/pic32mx/4.8.3/../../../../pic32mx/lib\libpic32.a(defaultinterrupt.o)

.debug_line     0x00000000     0x488a
 *.elf(.debug_line)
 *(.debug_line)
 .debug_line    0x00000000      0x7ea build/default/production/_ext/2128569739/drv_usbfs.o
 .debug_line    0x000007ea      0xe0f build/default/production/_ext/2128569739/drv_usbfs_device.o
 .debug_line    0x000015f9      0x146 build/default/production/_ext/60165520/plib_clk.o
 .debug_line    0x0000173f      0x203 build/default/production/_ext/1865200349/plib_evic.o
 .debug_line    0x00001942      0x1e1 build/default/production/_ext/1865254177/plib_gpio.o
 .debug_line    0x00001b23       0xa6 build/default/production/_ext/163028504/xc32_monitor.o
 .debug_line    0x00001bc9      0x1b1 build/default/production/_ext/1881668453/sys_int.o
 .debug_line    0x00001d7a      0xa7c build/default/production/_ext/308758920/usb_device.o
 .debug_line    0x000027f6      0x6c7 build/default/production/_ext/308758920/usb_device_cdc.o
 .debug_line    0x00002ebd      0x239 build/default/production/_ext/308758920/usb_device_cdc_acm.o
 .debug_line    0x000030f6      0x554 build/default/production/_ext/1171490990/initialization.o
 .debug_line    0x0000364a       0xbb build/default/production/_ext/1171490990/interrupts.o
 .debug_line    0x00003705      0x173 build/default/production/_ext/1171490990/exceptions.o
 .debug_line    0x00003878      0x46d build/default/production/_ext/1171490990/usb_device_init_data.o
 .debug_line    0x00003ce5      0x284 build/default/production/_ext/1171490990/tasks.o
 .debug_line    0x00003f69       0xed build/default/production/_ext/1360937237/main.o
 .debug_line    0x00004056      0x3e1 build/default/production/_ext/1360937237/app.o
 .debug_line    0x00004437      0x1ff build/default/production/_ext/1360937237/D32.o
 .debug_line    0x00004636       0x88 build/default/production/_ext/1360937237/app_main.o
 .debug_line    0x000046be       0x92 c:/program files (x86)/microchip/xc32/v2.05/bin/bin/../../lib/gcc/pic32mx/4.8.3/../../../../pic32mx/lib\libpic32.a(default-on-reset.o)
 .debug_line    0x00004750       0x96 c:/program files (x86)/microchip/xc32/v2.05/bin/bin/../../lib/gcc/pic32mx/4.8.3/../../../../pic32mx/lib\libpic32.a(default-on-bootstrap.o)
 .debug_line    0x000047e6       0xa4 c:/program files (x86)/microchip/xc32/v2.05/bin/bin/../../lib/gcc/pic32mx/4.8.3/../../../../pic32mx/lib\libpic32.a(defaultinterrupt.o)

.debug_frame    0x00000000      0xf0c
 *.elf(.debug_frame)
 *(.debug_frame)
 .debug_frame   0x00000000       0xec build/default/production/_ext/2128569739/drv_usbfs.o
 .debug_frame   0x000000ec      0x1e0 build/default/production/_ext/2128569739/drv_usbfs_device.o
 .debug_frame   0x000002cc       0x20 build/default/production/_ext/60165520/plib_clk.o
 .debug_frame   0x000002ec       0xcc build/default/production/_ext/1865200349/plib_evic.o
 .debug_frame   0x000003b8       0xa0 build/default/production/_ext/1865254177/plib_gpio.o
 .debug_frame   0x00000458       0x30 build/default/production/_ext/163028504/xc32_monitor.o
 .debug_frame   0x00000488       0x90 build/default/production/_ext/1881668453/sys_int.o
 .debug_frame   0x00000518      0x4d8 build/default/production/_ext/308758920/usb_device.o
 .debug_frame   0x000009f0      0x17c build/default/production/_ext/308758920/usb_device_cdc.o
 .debug_frame   0x00000b6c       0x28 build/default/production/_ext/308758920/usb_device_cdc_acm.o
 .debug_frame   0x00000b94       0x28 build/default/production/_ext/1171490990/initialization.o
 .debug_frame   0x00000bbc       0x84 build/default/production/_ext/1171490990/interrupts.o
 .debug_frame   0x00000c40       0x40 build/default/production/_ext/1171490990/exceptions.o
 .debug_frame   0x00000c80       0x28 build/default/production/_ext/1171490990/tasks.o
 .debug_frame   0x00000ca8       0x28 build/default/production/_ext/1360937237/main.o
 .debug_frame   0x00000cd0       0x90 build/default/production/_ext/1360937237/app.o
 .debug_frame   0x00000d60      0x124 build/default/production/_ext/1360937237/D32.o
 .debug_frame   0x00000e84       0x28 build/default/production/_ext/1360937237/app_main.o
 .debug_frame   0x00000eac       0x20 c:/program files (x86)/microchip/xc32/v2.05/bin/bin/../../lib/gcc/pic32mx/4.8.3/../../../../pic32mx/lib\libpic32.a(default-on-reset.o)
 .debug_frame   0x00000ecc       0x20 c:/program files (x86)/microchip/xc32/v2.05/bin/bin/../../lib/gcc/pic32mx/4.8.3/../../../../pic32mx/lib\libpic32.a(default-on-bootstrap.o)
 .debug_frame   0x00000eec       0x20 c:/program files (x86)/microchip/xc32/v2.05/bin/bin/../../lib/gcc/pic32mx/4.8.3/../../../../pic32mx/lib\libpic32.a(defaultinterrupt.o)

.debug_str      0x00000000      0x7ad
 *.elf(.debug_str)
 *(.debug_str)
 .debug_str     0x00000000       0x9b build/default/production/_ext/2128569739/drv_usbfs.o
 .debug_str     0x0000009b      0x173 build/default/production/_ext/2128569739/drv_usbfs_device.o
 .debug_str     0x0000020e        0x0 build/default/production/_ext/60165520/plib_clk.o
 .debug_str     0x0000020e        0x7 build/default/production/_ext/1865200349/plib_evic.o
 .debug_str     0x00000215        0xa build/default/production/_ext/1865254177/plib_gpio.o
 .debug_str     0x0000021f        0x0 build/default/production/_ext/163028504/xc32_monitor.o
 .debug_str     0x0000021f        0x0 build/default/production/_ext/1881668453/sys_int.o
 .debug_str     0x0000021f      0x2cc build/default/production/_ext/308758920/usb_device.o
 .debug_str     0x000004eb      0x134 build/default/production/_ext/308758920/usb_device_cdc.o
 .debug_str     0x0000061f        0xe build/default/production/_ext/308758920/usb_device_cdc_acm.o
 .debug_str     0x0000062d       0xa3 build/default/production/_ext/1171490990/initialization.o
 .debug_str     0x000006d0        0x0 build/default/production/_ext/1171490990/interrupts.o
 .debug_str     0x000006d0        0x0 build/default/production/_ext/1171490990/exceptions.o
 .debug_str     0x000006d0       0xab build/default/production/_ext/1171490990/usb_device_init_data.o
 .debug_str     0x0000077b        0x0 build/default/production/_ext/1171490990/tasks.o
 .debug_str     0x0000077b        0x0 build/default/production/_ext/1360937237/main.o
 .debug_str     0x0000077b       0x32 build/default/production/_ext/1360937237/app.o
 .debug_str     0x000007ad        0x0 build/default/production/_ext/1360937237/D32.o
 .debug_str     0x000007ad        0x0 build/default/production/_ext/1360937237/app_main.o
 .debug_str     0x000007ad        0x0 c:/program files (x86)/microchip/xc32/v2.05/bin/bin/../../lib/gcc/pic32mx/4.8.3/../../../../pic32mx/lib\libpic32.a(default-on-reset.o)
 .debug_str     0x000007ad        0x0 c:/program files (x86)/microchip/xc32/v2.05/bin/bin/../../lib/gcc/pic32mx/4.8.3/../../../../pic32mx/lib\libpic32.a(default-on-bootstrap.o)
 .debug_str     0x000007ad        0x0 c:/program files (x86)/microchip/xc32/v2.05/bin/bin/../../lib/gcc/pic32mx/4.8.3/../../../../pic32mx/lib\libpic32.a(defaultinterrupt.o)

.debug_loc      0x00000000     0x5cc1
 *.elf(.debug_loc)
 *(.debug_loc)
 .debug_loc     0x00000000      0x39b build/default/production/_ext/2128569739/drv_usbfs.o
 .debug_loc     0x0000039b     0x20cf build/default/production/_ext/2128569739/drv_usbfs_device.o
 .debug_loc     0x0000246a       0xd7 build/default/production/_ext/1865200349/plib_evic.o
 .debug_loc     0x00002541      0x129 build/default/production/_ext/1865254177/plib_gpio.o
 .debug_loc     0x0000266a       0xe6 build/default/production/_ext/1881668453/sys_int.o
 .debug_loc     0x00002750     0x1ee6 build/default/production/_ext/308758920/usb_device.o
 .debug_loc     0x00004636      0xdf3 build/default/production/_ext/308758920/usb_device_cdc.o
 .debug_loc     0x00005429      0x1ff build/default/production/_ext/308758920/usb_device_cdc_acm.o
 .debug_loc     0x00005628       0x21 build/default/production/_ext/1171490990/initialization.o
 .debug_loc     0x00005649      0x42a build/default/production/_ext/1360937237/app.o
 .debug_loc     0x00005a73      0x24e build/default/production/_ext/1360937237/D32.o

.debug_macinfo
 *.elf(.debug_macinfo)
 *(.debug_macinfo)

.debug_weaknames
 *.elf(.debug_weaknames)
 *(.debug_weaknames)

.debug_funcnames
 *.elf(.debug_funcnames)
 *(.debug_funcnames)

.debug_typenames
 *.elf(.debug_typenames)
 *(.debug_typenames)

.debug_varnames
 *.elf(.debug_varnames)
 *(.debug_varnames)

.debug_pubtypes
 *.elf(.debug_pubtypes)
 *(.debug_pubtypes)

.debug_ranges   0x00000000      0x5e0
 *.elf(.debug_ranges)
 *(.debug_ranges)
 .debug_ranges  0x00000000       0x58 build/default/production/_ext/2128569739/drv_usbfs.o
 .debug_ranges  0x00000058      0x110 build/default/production/_ext/2128569739/drv_usbfs_device.o
 .debug_ranges  0x00000168       0x10 build/default/production/_ext/60165520/plib_clk.o
 .debug_ranges  0x00000178       0x58 build/default/production/_ext/1865200349/plib_evic.o
 .debug_ranges  0x000001d0       0x50 build/default/production/_ext/1865254177/plib_gpio.o
 .debug_ranges  0x00000220       0x18 build/default/production/_ext/163028504/xc32_monitor.o
 .debug_ranges  0x00000238       0x30 build/default/production/_ext/1881668453/sys_int.o
 .debug_ranges  0x00000268      0x190 build/default/production/_ext/308758920/usb_device.o
 .debug_ranges  0x000003f8       0x78 build/default/production/_ext/308758920/usb_device_cdc.o
 .debug_ranges  0x00000470       0x10 build/default/production/_ext/308758920/usb_device_cdc_acm.o
 .debug_ranges  0x00000480       0x10 build/default/production/_ext/1171490990/initialization.o
 .debug_ranges  0x00000490       0x20 build/default/production/_ext/1171490990/interrupts.o
 .debug_ranges  0x000004b0       0x18 build/default/production/_ext/1171490990/exceptions.o
 .debug_ranges  0x000004c8       0x10 build/default/production/_ext/1171490990/tasks.o
 .debug_ranges  0x000004d8       0x10 build/default/production/_ext/1360937237/main.o
 .debug_ranges  0x000004e8       0x38 build/default/production/_ext/1360937237/app.o
 .debug_ranges  0x00000520       0x80 build/default/production/_ext/1360937237/D32.o
 .debug_ranges  0x000005a0       0x10 build/default/production/_ext/1360937237/app_main.o
 .debug_ranges  0x000005b0       0x10 c:/program files (x86)/microchip/xc32/v2.05/bin/bin/../../lib/gcc/pic32mx/4.8.3/../../../../pic32mx/lib\libpic32.a(default-on-reset.o)
 .debug_ranges  0x000005c0       0x10 c:/program files (x86)/microchip/xc32/v2.05/bin/bin/../../lib/gcc/pic32mx/4.8.3/../../../../pic32mx/lib\libpic32.a(default-on-bootstrap.o)
 .debug_ranges  0x000005d0       0x10 c:/program files (x86)/microchip/xc32/v2.05/bin/bin/../../lib/gcc/pic32mx/4.8.3/../../../../pic32mx/lib\libpic32.a(defaultinterrupt.o)

.gnu.attributes
                0x00000000       0x10
 *(.gnu.attributes)
 .gnu.attributes
                0x00000000       0x10 build/default/production/_ext/2128569739/drv_usbfs.o
 .gnu.attributes
                0x00000010       0x10 build/default/production/_ext/2128569739/drv_usbfs_device.o
 .gnu.attributes
                0x00000020       0x10 build/default/production/_ext/60165520/plib_clk.o
 .gnu.attributes
                0x00000030       0x10 build/default/production/_ext/1865200349/plib_evic.o
 .gnu.attributes
                0x00000040       0x10 build/default/production/_ext/1865254177/plib_gpio.o
 .gnu.attributes
                0x00000050       0x10 build/default/production/_ext/163028504/xc32_monitor.o
 .gnu.attributes
                0x00000060       0x10 build/default/production/_ext/1881668453/sys_int.o
 .gnu.attributes
                0x00000070       0x10 build/default/production/_ext/308758920/usb_device.o
 .gnu.attributes
                0x00000080       0x10 build/default/production/_ext/308758920/usb_device_cdc.o
 .gnu.attributes
                0x00000090       0x10 build/default/production/_ext/308758920/usb_device_cdc_acm.o
 .gnu.attributes
                0x000000a0       0x10 build/default/production/_ext/1171490990/initialization.o
 .gnu.attributes
                0x000000b0       0x10 build/default/production/_ext/1171490990/interrupts.o
 .gnu.attributes
                0x000000c0       0x10 build/default/production/_ext/1171490990/exceptions.o
 .gnu.attributes
                0x000000d0       0x10 build/default/production/_ext/1171490990/usb_device_init_data.o
 .gnu.attributes
                0x000000e0       0x10 build/default/production/_ext/1171490990/tasks.o
 .gnu.attributes
                0x000000f0       0x10 build/default/production/_ext/1360937237/main.o
 .gnu.attributes
                0x00000100       0x10 build/default/production/_ext/1360937237/app.o
 .gnu.attributes
                0x00000110       0x10 build/default/production/_ext/1360937237/D32.o
 .gnu.attributes
                0x00000120       0x10 build/default/production/_ext/1360937237/app_main.o
 .gnu.attributes
                0x00000130       0x10 c:/program files (x86)/microchip/xc32/v2.05/bin/bin/../../lib/gcc/pic32mx/4.8.3/../../../../pic32mx/lib\libpic32.a(default-on-reset.o)
 .gnu.attributes
                0x00000140       0x10 c:/program files (x86)/microchip/xc32/v2.05/bin/bin/../../lib/gcc/pic32mx/4.8.3/../../../../pic32mx/lib\libpic32.a(default-on-bootstrap.o)
 .gnu.attributes
                0x00000150       0x10 c:/program files (x86)/microchip/xc32/v2.05/bin/bin/../../lib/gcc/pic32mx/4.8.3/../../../../pic32mx/lib\libpic32.a(defaultinterrupt.o)
                0x00000200                _min_heap_size = 0x200
LOAD c:/program files (x86)/microchip/xc32/v2.05/bin/bin/../../lib/gcc/pic32mx/4.8.3/../../../../pic32mx/lib/./proc/32MX440F256H\default_isr_vectors.o
LOAD c:/program files (x86)/microchip/xc32/v2.05/bin/bin/../../lib/gcc/pic32mx/4.8.3/../../../../pic32mx/lib\pic32_software_reset.o
LOAD c:/program files (x86)/microchip/xc32/v2.05/bin/bin/../../lib/gcc/pic32mx/4.8.3\libgcc.a
START GROUP
LOAD c:/program files (x86)/microchip/xc32/v2.05/bin/bin/../../lib/gcc/pic32mx/4.8.3/../../../../pic32mx/lib\libpic32.a
LOAD c:/program files (x86)/microchip/xc32/v2.05/bin/bin/../../lib/gcc/pic32mx/4.8.3/../../../../pic32mx/lib\libdebug.a
LOAD c:/program files (x86)/microchip/xc32/v2.05/bin/bin/../../lib/gcc/pic32mx/4.8.3/../../../../pic32mx/lib\libpic32.a
LOAD c:/program files (x86)/microchip/xc32/v2.05/bin/bin/../../lib/gcc/pic32mx/4.8.3/../../../../pic32mx/lib\libc.a
LOAD c:/program files (x86)/microchip/xc32/v2.05/bin/bin/../../lib/gcc/pic32mx/4.8.3/../../../../pic32mx/lib\libc.a
LOAD c:/program files (x86)/microchip/xc32/v2.05/bin/bin/../../lib/gcc/pic32mx/4.8.3/../../../../pic32mx/lib\libm.a
LOAD c:/program files (x86)/microchip/xc32/v2.05/bin/bin/../../lib/gcc/pic32mx/4.8.3/../../../../pic32mx/lib\libe.a
LOAD c:/program files (x86)/microchip/xc32/v2.05/bin/bin/../../lib/gcc/pic32mx/4.8.3/../../../../pic32mx/lib\libdsp.a
LOAD c:/program files (x86)/microchip/xc32/v2.05/bin/bin/../../lib/gcc/pic32mx/4.8.3\libgcc.a
LOAD c:/program files (x86)/microchip/xc32/v2.05/bin/bin/../../lib/gcc/pic32mx/4.8.3/../../../../pic32mx/lib\libpic32.a
END GROUP
LOAD c:/program files (x86)/microchip/xc32/v2.05/bin/bin/../../lib/gcc/pic32mx/4.8.3\libgcc.a
OUTPUT(dist/default/production/thermal_testy.X.production.elf elf32-tradlittlemips)
LOAD stack
LOAD data_init

.reginfo        0x00000000       0x18
 .reginfo       0x00000000       0x18 c:/program files (x86)/microchip/xc32/v2.05/bin/bin/../../lib/gcc/pic32mx/4.8.3/../../../../pic32mx/lib/./proc/32MX440F256H/crt0_mips32r2.o

.stack          0xa0000c58      0x400
 .stack         0xa0000c58      0x400 stack

.bss            0xa0000024       0xf4
 .bss           0xa0000024       0xf4 build/default/production/_ext/308758920/usb_device.o

.data           0xa0000118       0x7c
 .data          0xa0000118       0x50 build/default/production/_ext/2128569739/drv_usbfs_device.o
                0xa0000118                gDrvUSBFSDeviceInterface
 .data          0xa0000168       0x2c build/default/production/_ext/1360937237/D32.o
                0xa0000168                st_version

._debug_exception
                0xbfc00480       0x2c
 ._debug_exception
                0xbfc00480       0x2c c:/program files (x86)/microchip/xc32/v2.05/bin/bin/../../lib/gcc/pic32mx/4.8.3/../../../../pic32mx/lib\debug-exception-return.o
                0xbfc00480                __DbgExecReturn

.text._DRV_USBFS_DEVICE_Tasks_ISR
                0x9d000000      0x674
 .text._DRV_USBFS_DEVICE_Tasks_ISR
                0x9d000000      0x674 build/default/production/_ext/2128569739/drv_usbfs_device.o
                0x9d000000                _DRV_USBFS_DEVICE_Tasks_ISR

.text.APP_Tasks
                0x9d000674      0x2a0
 .text.APP_Tasks
                0x9d000674      0x2a0 build/default/production/_ext/1360937237/app.o
                0x9d000674                APP_Tasks

.text._USB_DEVICE_ProcessStandardDeviceSetRequests
                0x9d000914      0x214
 .text._USB_DEVICE_ProcessStandardDeviceSetRequests
                0x9d000914      0x214 build/default/production/_ext/308758920/usb_device.o
                0x9d000914                _USB_DEVICE_ProcessStandardDeviceSetRequests

.text.DRV_USBFS_DEVICE_IRPSubmit
                0x9d000b28      0x210
 .text.DRV_USBFS_DEVICE_IRPSubmit
                0x9d000b28      0x210 build/default/production/_ext/2128569739/drv_usbfs_device.o
                0x9d000b28                DRV_USBFS_DEVICE_IRPSubmit

.text._USB_DEVICE_ProcessStandardDeviceGetRequests
                0x9d000d38      0x20c
 .text._USB_DEVICE_ProcessStandardDeviceGetRequests
                0x9d000d38      0x20c build/default/production/_ext/308758920/usb_device.o
                0x9d000d38                _USB_DEVICE_ProcessStandardDeviceGetRequests

.text._USB_DEVICE_EventHandler
                0x9d000f44      0x204
 .text._USB_DEVICE_EventHandler
                0x9d000f44      0x204 build/default/production/_ext/308758920/usb_device.o
                0x9d000f44                _USB_DEVICE_EventHandler

.text._USB_DEVICE_ControlTransferHandler
                0x9d001148      0x1fc
 .text._USB_DEVICE_ControlTransferHandler
                0x9d001148      0x1fc build/default/production/_ext/308758920/usb_device.o
                0x9d001148                _USB_DEVICE_ControlTransferHandler

.text.USB_DEVICE_CDC_Write
                0x9d001344      0x1cc
 .text.USB_DEVICE_CDC_Write
                0x9d001344      0x1cc build/default/production/_ext/308758920/usb_device_cdc.o
                0x9d001344                USB_DEVICE_CDC_Write

.text.DRV_USBFS_DEVICE_EndpointStallClear
                0x9d001510      0x1ac
 .text.DRV_USBFS_DEVICE_EndpointStallClear
                0x9d001510      0x1ac build/default/production/_ext/2128569739/drv_usbfs_device.o
                0x9d001510                DRV_USBFS_DEVICE_EndpointStallClear

.text.USB_DEVICE_CDC_Read
                0x9d0016bc      0x1ac
 .text.USB_DEVICE_CDC_Read
                0x9d0016bc      0x1ac build/default/production/_ext/308758920/usb_device_cdc.o
                0x9d0016bc                USB_DEVICE_CDC_Read

.text.DRV_USBFS_DEVICE_EndpointStall
                0x9d001868      0x19c
 .text.DRV_USBFS_DEVICE_EndpointStall
                0x9d001868      0x19c build/default/production/_ext/2128569739/drv_usbfs_device.o
                0x9d001868                DRV_USBFS_DEVICE_EndpointStall

.text.DRV_USBFS_DEVICE_EndpointEnable
                0x9d001a04      0x198
 .text.DRV_USBFS_DEVICE_EndpointEnable
                0x9d001a04      0x198 build/default/production/_ext/2128569739/drv_usbfs_device.o
                0x9d001a04                DRV_USBFS_DEVICE_EndpointEnable

.text._USB_DEVICE_Ep0ReceiveCompleteCallback
                0x9d001b9c      0x184
 .text._USB_DEVICE_Ep0ReceiveCompleteCallback
                0x9d001b9c      0x184 build/default/production/_ext/308758920/usb_device.o
                0x9d001b9c                _USB_DEVICE_Ep0ReceiveCompleteCallback

.text._USB_DEVICE_CDC_ACMSetUpPacketHandler
                0x9d001d20      0x174
 .text._USB_DEVICE_CDC_ACMSetUpPacketHandler
                0x9d001d20      0x174 build/default/production/_ext/308758920/usb_device_cdc_acm.o
                0x9d001d20                _USB_DEVICE_CDC_ACMSetUpPacketHandler

.text.USB_DEVICE_Tasks
                0x9d001e94      0x170
 .text.USB_DEVICE_Tasks
                0x9d001e94      0x170 build/default/production/_ext/308758920/usb_device.o
                0x9d001e94                USB_DEVICE_Tasks

.text           0x9d002004      0x168
 .text          0x9d002004      0x168 c:/program files (x86)/microchip/xc32/v2.05/bin/bin/../../lib/gcc/pic32mx/4.8.3/../../../../pic32mx/lib\libpic32.a(memcpy.o)
                0x9d002004                memcpy

.text.USB_DEVICE_Initialize
                0x9d00216c      0x15c
 .text.USB_DEVICE_Initialize
                0x9d00216c      0x15c build/default/production/_ext/308758920/usb_device.o
                0x9d00216c                USB_DEVICE_Initialize

.text._USB_DEVICE_CDC_Initialization
                0x9d0022c8      0x158
 .text._USB_DEVICE_CDC_Initialization
                0x9d0022c8      0x158 build/default/production/_ext/308758920/usb_device_cdc.o
                0x9d0022c8                _USB_DEVICE_CDC_Initialization

.rodata         0x9d002420      0x150
 .rodata        0x9d002420      0x150 build/default/production/_ext/1171490990/usb_device_init_data.o
                0x9d002420                usbDevInitData
                0x9d002454                usbMasterDescriptor
                0x9d002480                stringDescriptors
                0x9d00248c                sd002
                0x9d0024bc                sd001
                0x9d0024f0                sd000
                0x9d0024f4                fullSpeedConfigDescSet
                0x9d0024f8                fullSpeedConfigurationDescriptor
                0x9d00253c                deviceDescriptor
                0x9d002550                funcRegistrationTable
                0x9d002564                cdcInit0

.text.DRV_USBFS_DEVICE_EndpointDisable
                0x9d002570      0x140
 .text.DRV_USBFS_DEVICE_EndpointDisable
                0x9d002570      0x140 build/default/production/_ext/2128569739/drv_usbfs_device.o
                0x9d002570                DRV_USBFS_DEVICE_EndpointDisable

.text.DRV_USBFS_DEVICE_IRPCancelAll
                0x9d0026b0      0x13c
 .text.DRV_USBFS_DEVICE_IRPCancelAll
                0x9d0026b0      0x13c build/default/production/_ext/2128569739/drv_usbfs_device.o
                0x9d0026b0                DRV_USBFS_DEVICE_IRPCancelAll

.text.DRV_USBFS_Initialize
                0x9d0027ec      0x11c
 .text.DRV_USBFS_Initialize
                0x9d0027ec      0x11c build/default/production/_ext/2128569739/drv_usbfs.o
                0x9d0027ec                DRV_USBFS_Initialize

.text.DRV_USBFS_DEVICE_IRPCancel
                0x9d002908      0x114
 .text.DRV_USBFS_DEVICE_IRPCancel
                0x9d002908      0x114 build/default/production/_ext/2128569739/drv_usbfs_device.o
                0x9d002908                DRV_USBFS_DEVICE_IRPCancel

.text.USB_1_Handler
                0x9d002a1c      0x110
 .text.USB_1_Handler
                0x9d002a1c      0x110 build/default/production/_ext/1171490990/interrupts.o
                0x9d002a1c                USB_1_Handler

.text.APP_USBDeviceCDCEventHandler
                0x9d002b2c      0x10c
 .text.APP_USBDeviceCDCEventHandler
                0x9d002b2c      0x10c build/default/production/_ext/1360937237/app.o
                0x9d002b2c                APP_USBDeviceCDCEventHandler

.text._USB_DEVICE_ConfigureDevice
                0x9d002c38      0x100
 .text._USB_DEVICE_ConfigureDevice
                0x9d002c38      0x100 build/default/production/_ext/308758920/usb_device.o
                0x9d002c38                _USB_DEVICE_ConfigureDevice

.text._USB_DEVICE_ProcessStandardEndpointRequest
                0x9d002d38      0x100
 .text._USB_DEVICE_ProcessStandardEndpointRequest
                0x9d002d38      0x100 build/default/production/_ext/308758920/usb_device.o
                0x9d002d38                _USB_DEVICE_ProcessStandardEndpointRequest

.dinit          0x9d002e38      0x100
 .dinit         0x9d002e38      0x100 data_init

.text._USB_DEVICE_CDC_ControlTransferHandler
                0x9d002f38       0xf8
 .text._USB_DEVICE_CDC_ControlTransferHandler
                0x9d002f38       0xf8 build/default/production/_ext/308758920/usb_device_cdc.o
                0x9d002f38                _USB_DEVICE_CDC_ControlTransferHandler

.text.APP_USBDeviceEventHandler
                0x9d003030       0xe0
 .text.APP_USBDeviceEventHandler
                0x9d003030       0xe0 build/default/production/_ext/1360937237/app.o
                0x9d003030                APP_USBDeviceEventHandler

.text.general_exception
                0x9d003110       0xdc
 .text.general_exception
                0x9d003110       0xdc c:/program files (x86)/microchip/xc32/v2.05/bin/bin/../../lib/gcc/pic32mx/4.8.3/../../../../pic32mx/lib\libpic32.a(general-exception.o)
                0x9d003110                _general_exception_context

.text._DRV_USBFS_DEVICE_EndpointBDTEntryArm
                0x9d0031ec       0xd8
 .text._DRV_USBFS_DEVICE_EndpointBDTEntryArm
                0x9d0031ec       0xd8 build/default/production/_ext/2128569739/drv_usbfs_device.o
                0x9d0031ec                _DRV_USBFS_DEVICE_EndpointBDTEntryArm

.text._USB_DEVICE_GetStringDescriptorRequestProcess
                0x9d0032c4       0xd4
 .text._USB_DEVICE_GetStringDescriptorRequestProcess
                0x9d0032c4       0xd4 build/default/production/_ext/308758920/usb_device.o
                0x9d0032c4                _USB_DEVICE_GetStringDescriptorRequestProcess

.text._USB_DEVICE_Ep0TransmitCompleteCallback
                0x9d003398       0xc0
 .text._USB_DEVICE_Ep0TransmitCompleteCallback
                0x9d003398       0xc0 build/default/production/_ext/308758920/usb_device.o
                0x9d003398                _USB_DEVICE_Ep0TransmitCompleteCallback

.text.SYS_Initialize
                0x9d003458       0xb8
 .text.SYS_Initialize
                0x9d003458       0xb8 build/default/production/_ext/1171490990/initialization.o
                0x9d003458                SYS_Initialize

.text.process_RX_CLI
                0x9d003510       0xac
 .text.process_RX_CLI
                0x9d003510       0xac build/default/production/_ext/1360937237/D32.o
                0x9d003510                process_RX_CLI

.text._USB_DEVICE_DeInitializeAllFunctionDrivers
                0x9d0035bc       0xa8
 .text._USB_DEVICE_DeInitializeAllFunctionDrivers
                0x9d0035bc       0xa8 build/default/production/_ext/308758920/usb_device.o
                0x9d0035bc                _USB_DEVICE_DeInitializeAllFunctionDrivers

.text._USB_DEVICE_CDC_ReadIRPCallback
                0x9d003664       0xa8
 .text._USB_DEVICE_CDC_ReadIRPCallback
                0x9d003664       0xa8 build/default/production/_ext/308758920/usb_device_cdc.o
                0x9d003664                _USB_DEVICE_CDC_ReadIRPCallback

.text._USB_DEVICE_CDC_WriteIRPCallback
                0x9d00370c       0xa8
 .text._USB_DEVICE_CDC_WriteIRPCallback
                0x9d00370c       0xa8 build/default/production/_ext/308758920/usb_device_cdc.o
                0x9d00370c                _USB_DEVICE_CDC_WriteIRPCallback

.text._USB_DEVICE_ForwardControlXfrToFunction
                0x9d0037b4       0x9c
 .text._USB_DEVICE_ForwardControlXfrToFunction
                0x9d0037b4       0x9c build/default/production/_ext/308758920/usb_device.o
                0x9d0037b4                _USB_DEVICE_ForwardControlXfrToFunction

.text._USB_DEVICE_GetFunctionDriverEntryByInterface
                0x9d003850       0x84
 .text._USB_DEVICE_GetFunctionDriverEntryByInterface
                0x9d003850       0x84 build/default/production/_ext/308758920/usb_device.o
                0x9d003850                _USB_DEVICE_GetFunctionDriverEntryByInterface

.text._USB_DEVICE_FindEndpoint
                0x9d0038d4       0x84
 .text._USB_DEVICE_FindEndpoint
                0x9d0038d4       0x84 build/default/production/_ext/308758920/usb_device.o
                0x9d0038d4                _USB_DEVICE_FindEndpoint

.text.USB_DEVICE_ControlSend
                0x9d003958       0x84
 .text.USB_DEVICE_ControlSend
                0x9d003958       0x84 build/default/production/_ext/308758920/usb_device.o
                0x9d003958                USB_DEVICE_ControlSend

.text.USB_DEVICE_ControlStatus
                0x9d0039dc       0x7c
 .text.USB_DEVICE_ControlStatus
                0x9d0039dc       0x7c build/default/production/_ext/308758920/usb_device.o
                0x9d0039dc                USB_DEVICE_ControlStatus

.text.proccess_command
                0x9d003a58       0x7c
 .text.proccess_command
                0x9d003a58       0x7c build/default/production/_ext/1360937237/D32.o
                0x9d003a58                proccess_command

.text.DRV_USBFS_DEVICE_Attach
                0x9d003ad4       0x70
 .text.DRV_USBFS_DEVICE_Attach
                0x9d003ad4       0x70 build/default/production/_ext/2128569739/drv_usbfs_device.o
                0x9d003ad4                DRV_USBFS_DEVICE_Attach

.text._USB_DEVICE_CDC_Deinitialization
                0x9d003b44       0x6c
 .text._USB_DEVICE_CDC_Deinitialization
                0x9d003b44       0x6c build/default/production/_ext/308758920/usb_device_cdc.o
                0x9d003b44                _USB_DEVICE_CDC_Deinitialization

.text.APP_Initialize
                0x9d003bb0       0x6c
 .text.APP_Initialize
                0x9d003bb0       0x6c build/default/production/_ext/1360937237/app.o
                0x9d003bb0                APP_Initialize

.text._DRV_USBFS_DEVICE_IRPQueueFlush
                0x9d003c1c       0x68
 .text._DRV_USBFS_DEVICE_IRPQueueFlush
                0x9d003c1c       0x68 build/default/production/_ext/2128569739/drv_usbfs_device.o
                0x9d003c1c                _DRV_USBFS_DEVICE_IRPQueueFlush

.text.DRV_USBFS_Tasks_ISR
                0x9d003c84       0x60
 .text.DRV_USBFS_Tasks_ISR
                0x9d003c84       0x60 build/default/production/_ext/2128569739/drv_usbfs.o
                0x9d003c84                DRV_USBFS_Tasks_ISR

.text.DRV_USBFS_ClientEventCallBackSet
                0x9d003ce4       0x60
 .text.DRV_USBFS_ClientEventCallBackSet
                0x9d003ce4       0x60 build/default/production/_ext/2128569739/drv_usbfs.o
                0x9d003ce4                DRV_USBFS_ClientEventCallBackSet

.text.CORE_SOFTWARE_0_Handler
                0x9d003d44       0x60
 .text.CORE_SOFTWARE_0_Handler
                0x9d003d44       0x60 build/default/production/_ext/1171490990/interrupts.o
                0x9d003d44                CORE_SOFTWARE_0_Handler

.text.TIMER_1_Handler
                0x9d003da4       0x60
 .text.TIMER_1_Handler
                0x9d003da4       0x60 build/default/production/_ext/1171490990/interrupts.o
                0x9d003da4                TIMER_1_Handler

.text.data_to_send
                0x9d003e04       0x60
 .text.data_to_send
                0x9d003e04       0x60 build/default/production/_ext/1360937237/D32.o
                0x9d003e04                data_to_send

.text.USB_DEVICE_EndpointEnable
                0x9d003e64       0x5c
 .text.USB_DEVICE_EndpointEnable
                0x9d003e64       0x5c build/default/production/_ext/308758920/usb_device.o
                0x9d003e64                USB_DEVICE_EndpointEnable

.text.SYS_INT_SourceDisable
                0x9d003ec0       0x58
 .text.SYS_INT_SourceDisable
                0x9d003ec0       0x58 build/default/production/_ext/1881668453/sys_int.o
                0x9d003ec0                SYS_INT_SourceDisable

.text.USB_DEVICE_EventHandlerSet
                0x9d003f18       0x58
 .text.USB_DEVICE_EventHandlerSet
                0x9d003f18       0x58 build/default/production/_ext/308758920/usb_device.o
                0x9d003f18                USB_DEVICE_EventHandlerSet

.text.USB_DEVICE_IRPSubmit
                0x9d003f70       0x58
 .text.USB_DEVICE_IRPSubmit
                0x9d003f70       0x58 build/default/production/_ext/308758920/usb_device.o
                0x9d003f70                USB_DEVICE_IRPSubmit

.text.Add_TX_CLI_string
                0x9d003fc8       0x58
 .text.Add_TX_CLI_string
                0x9d003fc8       0x58 build/default/production/_ext/1360937237/D32.o
                0x9d003fc8                Add_TX_CLI_string

.text.main_entry
                0x9d004020       0x54
 .text.main_entry
                0x9d004020       0x54 c:/program files (x86)/microchip/xc32/v2.05/bin/bin/../../lib/gcc/pic32mx/4.8.3/../../../../pic32mx/lib/./proc/32MX440F256H/crt0_mips32r2.o
                0x9d004054                __crt0_exit

.text.USB_DEVICE_Detach
                0x9d004074       0x50
 .text.USB_DEVICE_Detach
                0x9d004074       0x50 build/default/production/_ext/308758920/usb_device.o
                0x9d004074                USB_DEVICE_Detach

.text.DRV_USBFS_DEVICE_Detach
                0x9d0040c4       0x4c
 .text.DRV_USBFS_DEVICE_Detach
                0x9d0040c4       0x4c build/default/production/_ext/2128569739/drv_usbfs_device.o
                0x9d0040c4                DRV_USBFS_DEVICE_Detach

.text.DRV_USBFS_DEVICE_EndpointIsEnabled
                0x9d004110       0x4c
 .text.DRV_USBFS_DEVICE_EndpointIsEnabled
                0x9d004110       0x4c build/default/production/_ext/2128569739/drv_usbfs_device.o
                0x9d004110                DRV_USBFS_DEVICE_EndpointIsEnabled

.text.DRV_USBFS_DEVICE_EndpointIsStalled
                0x9d00415c       0x4c
 .text.DRV_USBFS_DEVICE_EndpointIsStalled
                0x9d00415c       0x4c build/default/production/_ext/2128569739/drv_usbfs_device.o
                0x9d00415c                DRV_USBFS_DEVICE_EndpointIsStalled

.text.USB_DEVICE_Open
                0x9d0041a8       0x4c
 .text.USB_DEVICE_Open
                0x9d0041a8       0x4c build/default/production/_ext/308758920/usb_device.o
                0x9d0041a8                USB_DEVICE_Open

.text._USB_DEVICE_RedirectControlXfrToClient
                0x9d0041f4       0x4c
 .text._USB_DEVICE_RedirectControlXfrToClient
                0x9d0041f4       0x4c build/default/production/_ext/308758920/usb_device.o
                0x9d0041f4                _USB_DEVICE_RedirectControlXfrToClient

.text._USB_DEVICE_CDC_EndpointDisable
                0x9d004240       0x4c
 .text._USB_DEVICE_CDC_EndpointDisable
                0x9d004240       0x4c build/default/production/_ext/308758920/usb_device_cdc.o
                0x9d004240                _USB_DEVICE_CDC_EndpointDisable

.text.USB_DEVICE_Attach
                0x9d00428c       0x48
 .text.USB_DEVICE_Attach
                0x9d00428c       0x48 build/default/production/_ext/308758920/usb_device.o
                0x9d00428c                USB_DEVICE_Attach

.text.USB_DEVICE_EndpointDisable
                0x9d0042d4       0x48
 .text.USB_DEVICE_EndpointDisable
                0x9d0042d4       0x48 build/default/production/_ext/308758920/usb_device.o
                0x9d0042d4                USB_DEVICE_EndpointDisable

.text.USB_DEVICE_ControlReceive
                0x9d00431c       0x48
 .text.USB_DEVICE_ControlReceive
                0x9d00431c       0x48 build/default/production/_ext/308758920/usb_device.o
                0x9d00431c                USB_DEVICE_ControlReceive

.text.USB_DEVICE_IRPCancelAll
                0x9d004364       0x48
 .text.USB_DEVICE_IRPCancelAll
                0x9d004364       0x48 build/default/production/_ext/308758920/usb_device.o
                0x9d004364                USB_DEVICE_IRPCancelAll

.text.parse_General_packet
                0x9d0043ac       0x48
 .text.parse_General_packet
                0x9d0043ac       0x48 build/default/production/_ext/1360937237/D32.o
                0x9d0043ac                parse_General_packet

.vector_default
                0x9d0043f4       0x48
 .vector_default
                0x9d0043f4       0x48 c:/program files (x86)/microchip/xc32/v2.05/bin/bin/../../lib/gcc/pic32mx/4.8.3/../../../../pic32mx/lib\libpic32.a(defaultinterrupt.o)
                0x9d0043f4                _DefaultInterrupt

.text.DRV_USBFS_Open
                0x9d00443c       0x44
 .text.DRV_USBFS_Open
                0x9d00443c       0x44 build/default/production/_ext/2128569739/drv_usbfs.o
                0x9d00443c                DRV_USBFS_Open

.text           0x9d004480       0x44
 .text          0x9d004480       0x44 c:/program files (x86)/microchip/xc32/v2.05/bin/bin/../../lib/gcc/pic32mx/4.8.3/../../../../pic32mx/lib\pic32_software_reset.o
                0x9d004480                __pic32_software_reset

.text.APP_StateReset
                0x9d0044c4       0x40
 .text.APP_StateReset
                0x9d0044c4       0x40 build/default/production/_ext/1360937237/app.o
                0x9d0044c4                APP_StateReset

.text.USB_DEVICE_CDC_EventHandlerSet
                0x9d004504       0x38
 .text.USB_DEVICE_CDC_EventHandlerSet
                0x9d004504       0x38 build/default/production/_ext/308758920/usb_device_cdc.o
                0x9d004504                USB_DEVICE_CDC_EventHandlerSet

.text.Add_RX_CLI
                0x9d00453c       0x38
 .text.Add_RX_CLI
                0x9d00453c       0x38 build/default/production/_ext/1360937237/D32.o
                0x9d00453c                Add_RX_CLI

.text.DRV_USBFS_DEVICE_SOFNumberGet
                0x9d004574       0x34
 .text.DRV_USBFS_DEVICE_SOFNumberGet
                0x9d004574       0x34 build/default/production/_ext/2128569739/drv_usbfs_device.o
                0x9d004574                DRV_USBFS_DEVICE_SOFNumberGet

.text.EVIC_Initialize
                0x9d0045a8       0x34
 .text.EVIC_Initialize
                0x9d0045a8       0x34 build/default/production/_ext/1865200349/plib_evic.o
                0x9d0045a8                EVIC_Initialize

.text.get_TX_CLI
                0x9d0045dc       0x34
 .text.get_TX_CLI
                0x9d0045dc       0x34 build/default/production/_ext/1360937237/D32.o
                0x9d0045dc                get_TX_CLI

.text.get_RX_CLI
                0x9d004610       0x34
 .text.get_RX_CLI
                0x9d004610       0x34 build/default/production/_ext/1360937237/D32.o
                0x9d004610                get_RX_CLI

.text.DRV_USBFS_Close
                0x9d004644       0x2c
 .text.DRV_USBFS_Close
                0x9d004644       0x2c build/default/production/_ext/2128569739/drv_usbfs.o
                0x9d004644                DRV_USBFS_Close

.text._DRV_USBFS_DEVICE_Initialize
                0x9d004670       0x2c
 .text._DRV_USBFS_DEVICE_Initialize
                0x9d004670       0x2c build/default/production/_ext/2128569739/drv_usbfs_device.o
                0x9d004670                _DRV_USBFS_DEVICE_Initialize

.rodata         0x9d00469c       0x2c
 .rodata        0x9d00469c       0x2c build/default/production/_ext/1171490990/initialization.o
                0x9d00469c                drvUSBFSInit

.text.SYS_Tasks
                0x9d0046c8       0x2c
 .text.SYS_Tasks
                0x9d0046c8       0x2c build/default/production/_ext/1171490990/tasks.o
                0x9d0046c8                SYS_Tasks

.text.DRV_USBFS_DEVICE_AddressSet
                0x9d0046f4       0x28
 .text.DRV_USBFS_DEVICE_AddressSet
                0x9d0046f4       0x28 build/default/production/_ext/2128569739/drv_usbfs_device.o
                0x9d0046f4                DRV_USBFS_DEVICE_AddressSet

.text.DRV_USBFS_DEVICE_RemoteWakeupStart
                0x9d00471c       0x28
 .text.DRV_USBFS_DEVICE_RemoteWakeupStart
                0x9d00471c       0x28 build/default/production/_ext/2128569739/drv_usbfs_device.o
                0x9d00471c                DRV_USBFS_DEVICE_RemoteWakeupStart

.text.DRV_USBFS_DEVICE_RemoteWakeupStop
                0x9d004744       0x28
 .text.DRV_USBFS_DEVICE_RemoteWakeupStop
                0x9d004744       0x28 build/default/production/_ext/2128569739/drv_usbfs_device.o
                0x9d004744                DRV_USBFS_DEVICE_RemoteWakeupStop

.text.EVIC_SourceEnable
                0x9d00476c       0x28
 .text.EVIC_SourceEnable
                0x9d00476c       0x28 build/default/production/_ext/1865200349/plib_evic.o
                0x9d00476c                EVIC_SourceEnable

.text.EVIC_SourceDisable
                0x9d004794       0x28
 .text.EVIC_SourceDisable
                0x9d004794       0x28 build/default/production/_ext/1865200349/plib_evic.o
                0x9d004794                EVIC_SourceDisable

.text.EVIC_SourceStatusClear
                0x9d0047bc       0x28
 .text.EVIC_SourceStatusClear
                0x9d0047bc       0x28 build/default/production/_ext/1865200349/plib_evic.o
                0x9d0047bc                EVIC_SourceStatusClear

.text._USB_DEVICE_ClientHandleValidate
                0x9d0047e4       0x28
 .text._USB_DEVICE_ClientHandleValidate
                0x9d0047e4       0x28 build/default/production/_ext/308758920/usb_device.o
                0x9d0047e4                _USB_DEVICE_ClientHandleValidate

.text.main      0x9d00480c       0x28
 .text.main     0x9d00480c       0x28 build/default/production/_ext/1360937237/main.o
                0x9d00480c                main

.text.EVIC_SourceIsEnabled
                0x9d004834       0x24
 .text.EVIC_SourceIsEnabled
                0x9d004834       0x24 build/default/production/_ext/1865200349/plib_evic.o
                0x9d004834                EVIC_SourceIsEnabled

.text.EVIC_INT_Restore
                0x9d004858       0x24
 .text.EVIC_INT_Restore
                0x9d004858       0x24 build/default/production/_ext/1865200349/plib_evic.o
                0x9d004858                EVIC_INT_Restore

.text._general_exception_handler
                0x9d00487c       0x24
 .text._general_exception_handler
                0x9d00487c       0x24 build/default/production/_ext/1171490990/exceptions.o
                0x9d00487c                _general_exception_handler

.text._bootstrap_exception_handler
                0x9d0048a0       0x24
 .text._bootstrap_exception_handler
                0x9d0048a0       0x24 build/default/production/_ext/1171490990/exceptions.o
                0x9d0048a0                _bootstrap_exception_handler

.text.EVIC_INT_Disable
                0x9d0048c4       0x20
 .text.EVIC_INT_Disable
                0x9d0048c4       0x20 build/default/production/_ext/1865200349/plib_evic.o
                0x9d0048c4                EVIC_INT_Disable

.text._USB_DEVICE_CDC_GlobalInitialize
                0x9d0048e4       0x20
 .text._USB_DEVICE_CDC_GlobalInitialize
                0x9d0048e4       0x20 build/default/production/_ext/308758920/usb_device_cdc.o
                0x9d0048e4                _USB_DEVICE_CDC_GlobalInitialize

.rodata         0x9d004910       0x20
 .rodata        0x9d004910       0x20 build/default/production/_ext/1360937237/app.o
                0x9d004910                switchPromptUSB

.text.DRV_USBFS_USB_Handler
                0x9d004930       0x1c
 .text.DRV_USBFS_USB_Handler
                0x9d004930       0x1c build/default/production/_ext/2128569739/drv_usbfs.o
                0x9d004930                DRV_USBFS_USB_Handler

.text.CLK_Initialize
                0x9d00494c       0x1c
 .text.CLK_Initialize
                0x9d00494c       0x1c build/default/production/_ext/60165520/plib_clk.o
                0x9d00494c                CLK_Initialize

.text.GPIO_Initialize
                0x9d004968       0x1c
 .text.GPIO_Initialize
                0x9d004968       0x1c build/default/production/_ext/1865254177/plib_gpio.o
                0x9d004968                GPIO_Initialize

.text.SYS_INT_Disable
                0x9d004984       0x1c
 .text.SYS_INT_Disable
                0x9d004984       0x1c build/default/production/_ext/1881668453/sys_int.o
                0x9d004984                SYS_INT_Disable

.text.SYS_INT_Restore
                0x9d0049a0       0x1c
 .text.SYS_INT_Restore
                0x9d0049a0       0x1c build/default/production/_ext/1881668453/sys_int.o
                0x9d0049a0                SYS_INT_Restore

.text.init_thermal_controller
                0x9d0049bc       0x1c
 .text.init_thermal_controller
                0x9d0049bc       0x1c build/default/production/_ext/1360937237/app_main.o
                0x9d0049bc                init_thermal_controller

.text.APP_ProcessSwitchPress
                0x9d0049d8       0x18
 .text.APP_ProcessSwitchPress
                0x9d0049d8       0x18 build/default/production/_ext/1360937237/app.o
                0x9d0049d8                APP_ProcessSwitchPress

.text           0x9d0049f0       0x18