MPLINK 4.44, Linker
Linker Map File - Created Mon Jul 14 15:32:18 2014

                                 Section Info
                  Section       Type    Address   Location Size(Bytes)
                ---------  ---------  ---------  ---------  ---------
               _entry_scn       code   0x000000    program   0x000006
           .code___init.o       code   0x000006    program   0x000002
    HIGH_INTERRUPT_VECTOR       code   0x000008    program   0x000006
          .idata_main.o_i    romdata   0x00000e    program   0x000006
     LOW_INTERRUPT_VECTOR       code   0x000018    program   0x000006
                   .cinit    romdata   0x00001e    program   0x00001a
              .code_ADC.o       code   0x000038    program   0x000ede
.romdata_usb_descriptors.o    romdata   0x000f16    program   0x0000c9
       .romdata_fxm3232.o    romdata   0x000fdf    program   0x000000
      .idata_fxd3232u.o_i    romdata   0x000fdf    program   0x000000
          .idata_putc.o_i    romdata   0x000fdf    program   0x000000
          .romdata_putc.o    romdata   0x000fdf    program   0x000000
        .romdata___init.o    romdata   0x000fdf    program   0x000000
           .romdata_ADC.o    romdata   0x000fdf    program   0x000000
           .idata_LCD.o_i    romdata   0x000fdf    program   0x000000
    .romdata_usb_device.o    romdata   0x000fdf    program   0x000000
    .idata__user_putc.o_i    romdata   0x000fdf    program   0x000000
.idata_usb_function_cdc.o_i    romdata   0x000fdf    program   0x000000
         .romdata_c018i.o    romdata   0x000fdf    program   0x000000
.idata_usb_descriptors.o_i    romdata   0x000fdf    program   0x000000
            .code_c018i.o       code   0x000fe0    program   0x000000
              D1KTCYXCODE       code   0x000fe0    program   0x000020
    REMAPPED_RESET_VECTOR       code   0x001000    program   0x000006
       .code__user_putc.o       code   0x001006    program   0x000002
REMAPPED_HIGH_INTERRUPT_VECTOR       code   0x001008    program   0x000006
REMAPPED_LOW_INTERRUPT_VECTOR       code   0x001018    program   0x000006
       .code_usb_device.o       code   0x00101e    program   0x0012f4
         .code_vfprintf.o       code   0x002312    program   0x000c22
             .code_main.o       code   0x002f34    program   0x00092e
              .code_LCD.o       code   0x003862    program   0x000736
 .code_usb_function_cdc.o       code   0x003f98    program   0x0004dc
                     PROG       code   0x004474    program   0x00042c
             .stringtable    romdata   0x0048a0    program   0x00011b
          .romdata_main.o    romdata   0x0049bb    program   0x000000
        .idata___init.o_i    romdata   0x0049bb    program   0x000000
       .idata_sprintf.o_i    romdata   0x0049bb    program   0x000000
       .romdata_sprintf.o    romdata   0x0049bb    program   0x000000
      .idata_vfprintf.o_i    romdata   0x0049bb    program   0x000000
      .romdata_fxd3232u.o    romdata   0x0049bb    program   0x000000
       .idata_fxm3232.o_i    romdata   0x0049bb    program   0x000000
    .romdata__user_putc.o    romdata   0x0049bb    program   0x000000
         .idata_c018i.o_i    romdata   0x0049bb    program   0x000000
           .romdata_LCD.o    romdata   0x0049bb    program   0x000000
    .idata_usb_device.o_i    romdata   0x0049bb    program   0x000000
.romdata_usb_function_cdc.o    romdata   0x0049bb    program   0x000000
  .code_usb_descriptors.o       code   0x0049bc    program   0x000000
          .code_sprintf.o       code   0x0049bc    program   0x0000ac
               _cinit_scn       code   0x004a68    program   0x00009e
                   STRING       code   0x004b06    program   0x00009a
             .code_putc.o       code   0x004ba0    program   0x000084
          .code_fxm3232.o       code   0x004c24    program   0x000070
         .code_fxd3232u.o       code   0x004c94    program   0x000048
             D10KTCYXCODE       code   0x004cdc    program   0x00002e
                    CTYPE       code   0x004d0a    program   0x000024
                    .code       code   0x004d2e    program   0x000020
             _startup_scn       code   0x004d4e    program   0x00001c
                    STDIO       code   0x004d6a    program   0x00001c
             D100TCYXCODE       code   0x004d86    program   0x00001c
      .romdata_vfprintf.o    romdata   0x004da2    program   0x000011
           .idata_ADC.o_i    romdata   0x004db3    program   0x0000c8
    .config_300000_main.o    romdata   0x300000    program   0x000001
    .config_300001_main.o    romdata   0x300001    program   0x000001
    .config_300002_main.o    romdata   0x300002    program   0x000001
    .config_300003_main.o    romdata   0x300003    program   0x000001
    .config_300005_main.o    romdata   0x300005    program   0x000001
    .config_300006_main.o    romdata   0x300006    program   0x000001
    .config_300008_main.o    romdata   0x300008    program   0x000001
    .config_300009_main.o    romdata   0x300009    program   0x000001
    .config_30000a_main.o    romdata   0x30000a    program   0x000001
    .config_30000b_main.o    romdata   0x30000b    program   0x000001
    .config_30000c_main.o    romdata   0x30000c    program   0x000001
    .config_30000d_main.o    romdata   0x30000d    program   0x000001
                MATH_DATA      udata   0x000000       data   0x000014
                 .tmpdata      udata   0x000014       data   0x00000e
YourHighPriorityISRCode_tmp      udata   0x000022       data   0x000002
                DELAYDAT2      udata   0x000024       data   0x000001
                DELAYDAT1      udata   0x000025       data   0x000001
            .udata_main.o      udata   0x000060       data   0x00008b
           .udata_c018i.o      udata   0x0000eb       data   0x00000a
            .idata_main.o      idata   0x0000f5       data   0x000006
             .idata_ADC.o      idata   0x000100       data   0x0000c8
      .udata_usb_device.o      udata   0x0001c8       data   0x000034
         .idata_fxm3232.o      idata   0x0001fc       data   0x000000
         .udata_fxm3232.o      udata   0x0001fc       data   0x000000
        .idata_fxd3232u.o      idata   0x0001fc       data   0x000000
        .udata_fxd3232u.o      udata   0x0001fc       data   0x000000
        .idata_vfprintf.o      idata   0x0001fc       data   0x000000
        .udata_vfprintf.o      udata   0x0001fc       data   0x000000
         .idata_sprintf.o      idata   0x0001fc       data   0x000000
         .udata_sprintf.o      udata   0x0001fc       data   0x000000
          .idata___init.o      idata   0x0001fc       data   0x000000
          .udata___init.o      udata   0x0001fc       data   0x000000
           .idata_c018i.o      idata   0x0001fc       data   0x000000
 .udata_usb_descriptors.o      udata   0x0001fc       data   0x000000
            .udata_putc.o      udata   0x0001fc       data   0x000000
 .idata_usb_descriptors.o      idata   0x0001fc       data   0x000000
            .idata_putc.o      idata   0x0001fc       data   0x000000
             .idata_LCD.o      idata   0x0001fc       data   0x000000
             .udata_LCD.o      udata   0x0001fc       data   0x000000
      .udata__user_putc.o      udata   0x0001fc       data   0x000000
      .idata_usb_device.o      idata   0x0001fc       data   0x000000
      .idata__user_putc.o      idata   0x0001fc       data   0x000000
.idata_usb_function_cdc.o      idata   0x0001fc       data   0x000000
                   .stack      udata   0x000300       data   0x000100
                  USB_BDT      udata   0x000400       data   0x000040
            USB_VARIABLES      udata   0x000500       data   0x00008f
             .udata_ADC.o      udata   0x00058f       data   0x000022
.udata_usb_function_cdc.o      udata   0x0005b1       data   0x000019
            SFR_UNBANKED0      udata   0x000f62       data   0x00009e



                              Program Memory Usage 
                               Start         End      
                           ---------   ---------      
                            0x000000    0x000013      
                            0x000018    0x000fde      
                            0x000fe0    0x00100d      
                            0x001018    0x0049ba      
                            0x0049bc    0x004e7a      
                            0x300000    0x300003      
                            0x300005    0x300006      
                            0x300008    0x30000d      
            20087 out of 33048 program addresses used, program memory utilization is 60%



                              Symbols - Sorted by Name
                     Name    Address   Location    Storage File                     
                ---------  ---------  ---------  --------- ---------                
           BlinkUSBStatus   0x0036e2    program     extern C:\Users\Sony User\Desktop\TMTD\Firmware\main.c
                CDCInitEP   0x00403a    program     extern C:\Users\Sony User\Desktop\TMTD\include\usb_function_cdc.c
             CDCTxService   0x004328    program     extern C:\Users\Sony User\Desktop\TMTD\include\usb_function_cdc.c
         CalculateCurrent   0x000be2    program     extern C:\Users\Sony User\Desktop\TMTD\Firmware\ADC.c
                   D100_1   0x004d94    program     static D:\3.43\pic18-lt\cxx-framework\src\traditional\delays\d100tcyx.asm
                    D100x   0x004d92    program     static D:\3.43\pic18-lt\cxx-framework\src\traditional\delays\d100tcyx.asm
                   D10K_1   0x004ce8    program     static D:\3.43\pic18-lt\cxx-framework\src\traditional\delays\d10ktcyx.asm
                    D10Kl   0x004cf4    program     static D:\3.43\pic18-lt\cxx-framework\src\traditional\delays\d10ktcyx.asm
                    D10Kx   0x004ce6    program     static D:\3.43\pic18-lt\cxx-framework\src\traditional\delays\d10ktcyx.asm
                    D1K_1   0x000fec    program     static D:\3.43\pic18-lt\cxx-framework\src\traditional\delays\d1ktcyx.asm
                     D1Kx   0x000fea    program     static D:\3.43\pic18-lt\cxx-framework\src\traditional\delays\d1ktcyx.asm
             Delay100TCYx   0x004d86    program     extern D:\3.43\pic18-lt\cxx-framework\src\traditional\delays\d100tcyx.asm
             Delay10KTCYx   0x004cdc    program     extern D:\3.43\pic18-lt\cxx-framework\src\traditional\delays\d10ktcyx.asm
              Delay1KTCYx   0x000fe0    program     extern D:\3.43\pic18-lt\cxx-framework\src\traditional\delays\d1ktcyx.asm
              EnablePulse   0x003862    program     extern C:\Users\Sony User\Desktop\TMTD\Firmware\LCD.c
                 FLO1632S   0x004478    program     extern D:\3.43\pic18-lt\cxx-framework\src\traditional\math\cast16FP.asm
                 FLO1632U   0x004474    program     extern D:\3.43\pic18-lt\cxx-framework\src\traditional\math\cast16FP.asm
                 FLO3232S   0x0044a2    program     extern D:\3.43\pic18-lt\cxx-framework\src\traditional\math\cast32FP.asm
                 FLO3232U   0x00449e    program     extern D:\3.43\pic18-lt\cxx-framework\src\traditional\math\cast32FP.asm
                    FPA32   0x0045b0    program     extern D:\3.43\pic18-lt\cxx-framework\src\traditional\math\addFP.asm
                    FPM32   0x0044d4    program     extern D:\3.43\pic18-lt\cxx-framework\src\traditional\math\mulFP.asm
                    FPS32   0x0045ae    program     extern D:\3.43\pic18-lt\cxx-framework\src\traditional\math\addFP.asm
                 FXD3232U   0x004c94    program     extern D:\3.43\pic18-lt\cxx-framework\src\traditional\math\fxd3232u.c
                 FXM1616S   0x0046dc    program     extern D:\3.43\pic18-lt\cxx-framework\src\traditional\math\fxm1616s.asm
                  FXM3232   0x004c24    program     extern D:\3.43\pic18-lt\cxx-framework\src\traditional\math\fxm3232.c
                 High_ISR   0x000008    program     extern C:\Users\Sony User\Desktop\TMTD\Firmware\main.c
                  INT3216   0x004736    program     extern D:\3.43\pic18-lt\cxx-framework\src\traditional\math\castFP16.asm
         InitializeSystem   0x003572    program     static C:\Users\Sony User\Desktop\TMTD\Firmware\main.c
                LCDput_ch   0x0039f8    program     extern C:\Users\Sony User\Desktop\TMTD\Firmware\LCD.c
               LCDput_str   0x003a16    program     extern C:\Users\Sony User\Desktop\TMTD\Firmware\LCD.c
            LCDscroll_str   0x003a56    program     extern C:\Users\Sony User\Desktop\TMTD\Firmware\LCD.c
                  Low_ISR   0x000018    program     extern C:\Users\Sony User\Desktop\TMTD\Firmware\main.c
                ProcessIO   0x0035e6    program     extern C:\Users\Sony User\Desktop\TMTD\Firmware\main.c
        Remapped_High_ISR   0x001008    program     extern C:\Users\Sony User\Desktop\TMTD\Firmware\main.c
         Remapped_Low_ISR   0x001018    program     extern C:\Users\Sony User\Desktop\TMTD\Firmware\main.c
                SampleAD1   0x0005d0    program     extern C:\Users\Sony User\Desktop\TMTD\Firmware\ADC.c
        SampleFrequencyAD   0x000038    program     extern C:\Users\Sony User\Desktop\TMTD\Firmware\ADC.c
             SetFrequency   0x000158    program     extern C:\Users\Sony User\Desktop\TMTD\Firmware\ADC.c
               TSIGN1616A   0x004728    program     static D:\3.43\pic18-lt\cxx-framework\src\traditional\math\fxm1616s.asm
       USBCBCheckOtherReq   0x003776    program     extern C:\Users\Sony User\Desktop\TMTD\Firmware\main.c
        USBCBErrorHandler   0x003774    program     extern C:\Users\Sony User\Desktop\TMTD\Firmware\main.c
              USBCBInitEP   0x00377c    program     extern C:\Users\Sony User\Desktop\TMTD\Firmware\main.c
          USBCBSendResume   0x003780    program     extern C:\Users\Sony User\Desktop\TMTD\Firmware\main.c
    USBCBStdSetDscHandler   0x00377a    program     extern C:\Users\Sony User\Desktop\TMTD\Firmware\main.c
             USBCBSuspend   0x00376e    program     extern C:\Users\Sony User\Desktop\TMTD\Firmware\main.c
     USBCBWakeFromSuspend   0x003770    program     extern C:\Users\Sony User\Desktop\TMTD\Firmware\main.c
        USBCB_SOF_Handler   0x003772    program     extern C:\Users\Sony User\Desktop\TMTD\Firmware\main.c
       USBCDCEventHandler   0x0040a2    program     extern C:\Users\Sony User\Desktop\TMTD\include\usb_function_cdc.c
              USBCancelIO   0x002262    program     extern C:\Users\Sony User\Desktop\TMTD\include\usb_device.c
       USBCheckCDCRequest   0x003f98    program     extern C:\Users\Sony User\Desktop\TMTD\include\usb_function_cdc.c
       USBCheckStdRequest   0x001588    program     static C:\Users\Sony User\Desktop\TMTD\include\usb_device.c
     USBConfigureEndpoint   0x001f54    program     static C:\Users\Sony User\Desktop\TMTD\include\usb_device.c
  USBCtrlEPAllowDataStage   0x001982    program     extern C:\Users\Sony User\Desktop\TMTD\include\usb_device.c
USBCtrlEPAllowStatusStage   0x0018e0    program     extern C:\Users\Sony User\Desktop\TMTD\include\usb_device.c
         USBCtrlEPService   0x00135a    program     static C:\Users\Sony User\Desktop\TMTD\include\usb_device.c
 USBCtrlEPServiceComplete   0x001b92    program     static C:\Users\Sony User\Desktop\TMTD\include\usb_device.c
      USBCtrlTrfInHandler   0x0014d4    program     static C:\Users\Sony User\Desktop\TMTD\include\usb_device.c
     USBCtrlTrfOutHandler   0x001488    program     static C:\Users\Sony User\Desktop\TMTD\include\usb_device.c
      USBCtrlTrfRxService   0x001d18    program     static C:\Users\Sony User\Desktop\TMTD\include\usb_device.c
   USBCtrlTrfSetupHandler   0x00142a    program     static C:\Users\Sony User\Desktop\TMTD\include\usb_device.c
      USBCtrlTrfTxService   0x001c54    program     static C:\Users\Sony User\Desktop\TMTD\include\usb_device.c
            USBDeviceInit   0x00101e    program     extern C:\Users\Sony User\Desktop\TMTD\include\usb_device.c
           USBDeviceTasks   0x001136    program     extern C:\Users\Sony User\Desktop\TMTD\include\usb_device.c
        USBEnableEndpoint   0x00200e    program     extern C:\Users\Sony User\Desktop\TMTD\include\usb_device.c
         USBStallEndpoint   0x00207c    program     extern C:\Users\Sony User\Desktop\TMTD\include\usb_device.c
          USBStallHandler   0x0012d0    program     static C:\Users\Sony User\Desktop\TMTD\include\usb_device.c
  USBStdFeatureReqHandler   0x001652    program     static C:\Users\Sony User\Desktop\TMTD\include\usb_device.c
      USBStdGetDscHandler   0x001a02    program     static C:\Users\Sony User\Desktop\TMTD\include\usb_device.c
   USBStdGetStatusHandler   0x001ac2    program     static C:\Users\Sony User\Desktop\TMTD\include\usb_device.c
      USBStdSetCfgHandler   0x001e58    program     static C:\Users\Sony User\Desktop\TMTD\include\usb_device.c
               USBSuspend   0x001302    program     static C:\Users\Sony User\Desktop\TMTD\include\usb_device.c
     USBTransferOnePacket   0x00215c    program     extern C:\Users\Sony User\Desktop\TMTD\include\usb_device.c
       USBWakeFromSuspend   0x00132c    program     static C:\Users\Sony User\Desktop\TMTD\include\usb_device.c
               USB_CD_Ptr   0x000fd7    program     extern C:\Users\Sony User\Desktop\TMTD\Firmware\usb_descriptors.c
               USB_SD_Ptr   0x000fd9    program     extern C:\Users\Sony User\Desktop\TMTD\Firmware\usb_descriptors.c
USER_USB_CALLBACK_EVENT_HANDLER   0x0037c4    program     extern C:\Users\Sony User\Desktop\TMTD\Firmware\main.c
                 UserInit   0x00357c    program     extern C:\Users\Sony User\Desktop\TMTD\Firmware\main.c
                 WriteLCD   0x003974    program     extern C:\Users\Sony User\Desktop\TMTD\Firmware\LCD.c
  YourHighPriorityISRCode   0x002f34    program     extern C:\Users\Sony User\Desktop\TMTD\Firmware\main.c
   YourLowPriorityISRCode   0x002f5c    program     extern C:\Users\Sony User\Desktop\TMTD\Firmware\main.c
              _2jContinue   0x004b26    program     static D:\3.43\pic18-lt\cxx-framework\src\traditional\stdclib\memset.asm
                   _2jEnd   0x004b8a    program     static D:\3.43\pic18-lt\cxx-framework\src\traditional\stdclib\slenpgm.asm
                   _3jEnd   0x004b30    program     static D:\3.43\pic18-lt\cxx-framework\src\traditional\stdclib\memset.asm
       _D100TCYXCODE_0008   0x004d8e    program     static D:\3.43\pic18-lt\cxx-framework\src\traditional\delays\d100tcyx.asm
       _D100TCYXCODE_0012   0x004d98    program     static D:\3.43\pic18-lt\cxx-framework\src\traditional\delays\d100tcyx.asm
       _D100TCYXCODE_0018   0x004d9e    program     static D:\3.43\pic18-lt\cxx-framework\src\traditional\delays\d100tcyx.asm
       _D10KTCYXCODE_0010   0x004cec    program     static D:\3.43\pic18-lt\cxx-framework\src\traditional\delays\d10ktcyx.asm
       _D10KTCYXCODE_001C   0x004cf8    program     static D:\3.43\pic18-lt\cxx-framework\src\traditional\delays\d10ktcyx.asm
        _D1KTCYXCODE_0010   0x000ff0    program     static D:\3.43\pic18-lt\cxx-framework\src\traditional\delays\d1ktcyx.asm
        _D1KTCYXCODE_0016   0x000ff6    program     static D:\3.43\pic18-lt\cxx-framework\src\traditional\delays\d1ktcyx.asm
                 __FpExit   0x0047a0    program     extern D:\3.43\pic18-lt\cxx-framework\src\traditional\math\packFP.asm
                 __FpPack   0x0047cc    program     extern D:\3.43\pic18-lt\cxx-framework\src\traditional\math\packFP.asm
            __FpReturnNaN   0x004794    program     extern D:\3.43\pic18-lt\cxx-framework\src\traditional\math\packFP.asm
         __FpReturnNegInf   0x0047a6    program     extern D:\3.43\pic18-lt\cxx-framework\src\traditional\math\packFP.asm
        __FpReturnNegZero   0x0047be    program     extern D:\3.43\pic18-lt\cxx-framework\src\traditional\math\packFP.asm
         __FpReturnPosInf   0x0047ac    program     extern D:\3.43\pic18-lt\cxx-framework\src\traditional\math\packFP.asm
        __FpReturnPosZero   0x0047c6    program     extern D:\3.43\pic18-lt\cxx-framework\src\traditional\math\packFP.asm
        __FpReturnSignInf   0x0047a2    program     extern D:\3.43\pic18-lt\cxx-framework\src\traditional\math\packFP.asm
       __FpReturnSignZero   0x0047ba    program     extern D:\3.43\pic18-lt\cxx-framework\src\traditional\math\packFP.asm
              __FpReturnW   0x004824    program     extern D:\3.43\pic18-lt\cxx-framework\src\traditional\math\packFP.asm
              __FpUnPackA   0x004844    program     extern D:\3.43\pic18-lt\cxx-framework\src\traditional\math\UnpackFP.asm
              __FpUnPackB   0x004874    program     extern D:\3.43\pic18-lt\cxx-framework\src\traditional\math\UnpackFP.asm
       ___return_lbl00000   0x004cda    program     static                          
       ___return_lbl00000   0x001004    program     static                          
       ___return_lbl00000   0x000004    program     static                          
       ___return_lbl00000   0x004c92    program     static                          
       ___return_lbl00001   0x004d68    program     static                          
       ___return_lbl00001   0x00100c    program     static                          
       ___return_lbl00002   0x004b04    program     static                          
       ___return_lbl00002   0x00101c    program     static                          
       ___return_lbl00003   0x00000c    program     static                          
       ___return_lbl00004   0x00001c    program     static                          
               __config_0   0x300000    program     static C:\Users\Sony User\Desktop\TMTD\Firmware\main.c
               __config_1   0x300001    program     static C:\Users\Sony User\Desktop\TMTD\Firmware\main.c
              __config_10   0x30000c    program     static C:\Users\Sony User\Desktop\TMTD\Firmware\main.c
              __config_11   0x30000d    program     static C:\Users\Sony User\Desktop\TMTD\Firmware\main.c
               __config_2   0x300002    program     static C:\Users\Sony User\Desktop\TMTD\Firmware\main.c
               __config_3   0x300003    program     static C:\Users\Sony User\Desktop\TMTD\Firmware\main.c
               __config_4   0x300005    program     static C:\Users\Sony User\Desktop\TMTD\Firmware\main.c
               __config_5   0x300006    program     static C:\Users\Sony User\Desktop\TMTD\Firmware\main.c
               __config_6   0x300008    program     static C:\Users\Sony User\Desktop\TMTD\Firmware\main.c
               __config_7   0x300009    program     static C:\Users\Sony User\Desktop\TMTD\Firmware\main.c
               __config_8   0x30000a    program     static C:\Users\Sony User\Desktop\TMTD\Firmware\main.c
               __config_9   0x30000b    program     static C:\Users\Sony User\Desktop\TMTD\Firmware\main.c
                   __init   0x000006    program     extern D:\3.43\pic18-lt\cxx-framework\src\traditional\stdclib\__init.c
                   __pa_0   0x002c52    program     static D:\3.43\pic18-lt\cxx-framework\src\traditional\stdclib\vfprintf.c
                   __pa_1   0x002c5a    program     static D:\3.43\pic18-lt\cxx-framework\src\traditional\stdclib\vfprintf.c
                  __pa_10   0x002d0e    program     static D:\3.43\pic18-lt\cxx-framework\src\traditional\stdclib\vfprintf.c
                  __pa_11   0x002d1c    program     static D:\3.43\pic18-lt\cxx-framework\src\traditional\stdclib\vfprintf.c
                  __pa_12   0x002d32    program     static D:\3.43\pic18-lt\cxx-framework\src\traditional\stdclib\vfprintf.c
                  __pa_13   0x002d4c    program     static D:\3.43\pic18-lt\cxx-framework\src\traditional\stdclib\vfprintf.c
                  __pa_14   0x002d64    program     static D:\3.43\pic18-lt\cxx-framework\src\traditional\stdclib\vfprintf.c
                  __pa_15   0x002d74    program     static D:\3.43\pic18-lt\cxx-framework\src\traditional\stdclib\vfprintf.c
                  __pa_16   0x002d8a    program     static D:\3.43\pic18-lt\cxx-framework\src\traditional\stdclib\vfprintf.c
                  __pa_17   0x002d9c    program     static D:\3.43\pic18-lt\cxx-framework\src\traditional\stdclib\vfprintf.c
                  __pa_18   0x002dae    program     static D:\3.43\pic18-lt\cxx-framework\src\traditional\stdclib\vfprintf.c
                  __pa_19   0x002db8    program     static D:\3.43\pic18-lt\cxx-framework\src\traditional\stdclib\vfprintf.c
                   __pa_2   0x002c64    program     static D:\3.43\pic18-lt\cxx-framework\src\traditional\stdclib\vfprintf.c
                  __pa_20   0x002dc8    program     static D:\3.43\pic18-lt\cxx-framework\src\traditional\stdclib\vfprintf.c
                  __pa_21   0x002dd8    program     static D:\3.43\pic18-lt\cxx-framework\src\traditional\stdclib\vfprintf.c
                  __pa_22   0x002de8    program     static D:\3.43\pic18-lt\cxx-framework\src\traditional\stdclib\vfprintf.c
                  __pa_23   0x002df4    program     static D:\3.43\pic18-lt\cxx-framework\src\traditional\stdclib\vfprintf.c
                  __pa_24   0x002e02    program     static D:\3.43\pic18-lt\cxx-framework\src\traditional\stdclib\vfprintf.c
                  __pa_25   0x002e0a    program     static D:\3.43\pic18-lt\cxx-framework\src\traditional\stdclib\vfprintf.c
                  __pa_26   0x002e14    program     static D:\3.43\pic18-lt\cxx-framework\src\traditional\stdclib\vfprintf.c
                  __pa_27   0x002e1e    program     static D:\3.43\pic18-lt\cxx-framework\src\traditional\stdclib\vfprintf.c
                  __pa_28   0x002e26    program     static D:\3.43\pic18-lt\cxx-framework\src\traditional\stdclib\vfprintf.c
                  __pa_29   0x002e34    program     static D:\3.43\pic18-lt\cxx-framework\src\traditional\stdclib\vfprintf.c
                   __pa_3   0x002c6e    program     static D:\3.43\pic18-lt\cxx-framework\src\traditional\stdclib\vfprintf.c
                  __pa_30   0x002e50    program     static D:\3.43\pic18-lt\cxx-framework\src\traditional\stdclib\vfprintf.c
                  __pa_31   0x002e6a    program     static D:\3.43\pic18-lt\cxx-framework\src\traditional\stdclib\vfprintf.c
                  __pa_32   0x002e84    program     static D:\3.43\pic18-lt\cxx-framework\src\traditional\stdclib\vfprintf.c
                  __pa_33   0x002e9c    program     static D:\3.43\pic18-lt\cxx-framework\src\traditional\stdclib\vfprintf.c
                  __pa_34   0x002ea6    program     static D:\3.43\pic18-lt\cxx-framework\src\traditional\stdclib\vfprintf.c
                  __pa_35   0x002eb4    program     static D:\3.43\pic18-lt\cxx-framework\src\traditional\stdclib\vfprintf.c
                  __pa_36   0x002ebc    program     static D:\3.43\pic18-lt\cxx-framework\src\traditional\stdclib\vfprintf.c
                  __pa_37   0x002ec6    program     static D:\3.43\pic18-lt\cxx-framework\src\traditional\stdclib\vfprintf.c
                  __pa_38   0x002ed6    program     static D:\3.43\pic18-lt\cxx-framework\src\traditional\stdclib\vfprintf.c
                  __pa_39   0x002ee4    program     static D:\3.43\pic18-lt\cxx-framework\src\traditional\stdclib\vfprintf.c
                   __pa_4   0x002c86    program     static D:\3.43\pic18-lt\cxx-framework\src\traditional\stdclib\vfprintf.c
                  __pa_40   0x002ef0    program     static D:\3.43\pic18-lt\cxx-framework\src\traditional\stdclib\vfprintf.c
                  __pa_41   0x002efc    program     static D:\3.43\pic18-lt\cxx-framework\src\traditional\stdclib\vfprintf.c
                  __pa_42   0x002f04    program     static D:\3.43\pic18-lt\cxx-framework\src\traditional\stdclib\vfprintf.c
                  __pa_43   0x002f0e    program     static D:\3.43\pic18-lt\cxx-framework\src\traditional\stdclib\vfprintf.c
                  __pa_44   0x002f14    program     static D:\3.43\pic18-lt\cxx-framework\src\traditional\stdclib\vfprintf.c
                  __pa_45   0x002f1e    program     static D:\3.43\pic18-lt\cxx-framework\src\traditional\stdclib\vfprintf.c
                  __pa_46   0x002f2a    program     static D:\3.43\pic18-lt\cxx-framework\src\traditional\stdclib\vfprintf.c
                   __pa_5   0x002c9a    program     static D:\3.43\pic18-lt\cxx-framework\src\traditional\stdclib\vfprintf.c
                   __pa_6   0x002cb6    program     static D:\3.43\pic18-lt\cxx-framework\src\traditional\stdclib\vfprintf.c
                   __pa_7   0x002cc0    program     static D:\3.43\pic18-lt\cxx-framework\src\traditional\stdclib\vfprintf.c
                   __pa_8   0x002ccc    program     static D:\3.43\pic18-lt\cxx-framework\src\traditional\stdclib\vfprintf.c
                   __pa_9   0x002cee    program     static D:\3.43\pic18-lt\cxx-framework\src\traditional\stdclib\vfprintf.c
               __string_0   0x0049ab    program     static C:\Users\Sony User\Desktop\TMTD\Firmware\ADC.c
               __string_1   0x0048e6    program     static C:\Users\Sony User\Desktop\TMTD\Firmware\main.c
               __string_1   0x0049a2    program     static C:\Users\Sony User\Desktop\TMTD\Firmware\ADC.c
              __string_10   0x004918    program     static C:\Users\Sony User\Desktop\TMTD\Firmware\ADC.c
              __string_11   0x004904    program     static C:\Users\Sony User\Desktop\TMTD\Firmware\ADC.c
              __string_12   0x0048f8    program     static C:\Users\Sony User\Desktop\TMTD\Firmware\ADC.c
              __string_13   0x0048ef    program     static C:\Users\Sony User\Desktop\TMTD\Firmware\ADC.c
               __string_2   0x0048d5    program     static C:\Users\Sony User\Desktop\TMTD\Firmware\main.c
               __string_2   0x00498e    program     static C:\Users\Sony User\Desktop\TMTD\Firmware\ADC.c
               __string_3   0x0048c4    program     static C:\Users\Sony User\Desktop\TMTD\Firmware\main.c
               __string_3   0x00497c    program     static C:\Users\Sony User\Desktop\TMTD\Firmware\ADC.c
               __string_4   0x004973    program     static C:\Users\Sony User\Desktop\TMTD\Firmware\ADC.c
               __string_4   0x0048b1    program     static C:\Users\Sony User\Desktop\TMTD\Firmware\main.c
               __string_5   0x004962    program     static C:\Users\Sony User\Desktop\TMTD\Firmware\ADC.c
               __string_5   0x0048a0    program     static C:\Users\Sony User\Desktop\TMTD\Firmware\main.c
               __string_6   0x004959    program     static C:\Users\Sony User\Desktop\TMTD\Firmware\ADC.c
               __string_7   0x004947    program     static C:\Users\Sony User\Desktop\TMTD\Firmware\ADC.c
               __string_8   0x004932    program     static C:\Users\Sony User\Desktop\TMTD\Firmware\ADC.c
               __string_9   0x004920    program     static C:\Users\Sony User\Desktop\TMTD\Firmware\ADC.c
              __tmplbl_42   0x002de8    program     static                          
              __tmplbl_43   0x002c30    program     static                          
              __tmplbl_44   0x002c16    program     static                          
              __tmplbl_85   0x002368    program     static                          
            __zero_memory   0x004d2e    program     extern D:\3.43\pic18-lt\cxx-framework\src\traditional\proc\p18f4550.asm
                _do_cinit   0x004a68    program     extern D:\3.43\pic18-lt\cxx-framework\src\traditional\startup\c018i.c
                   _entry   0x000000    program     extern D:\3.43\pic18-lt\cxx-framework\src\traditional\startup\c018i.c
                   _false   0x004cd6    program     static                          
                   _reset   0x001000    program     extern C:\Users\Sony User\Desktop\TMTD\Firmware\main.c
                 _startup   0x004d4e    program     extern D:\3.43\pic18-lt\cxx-framework\src\traditional\startup\c018i.c
              _usart_putc   0x004d6a    program     extern D:\3.43\pic18-lt\cxx-framework\src\pmc_common\USART\_usartpc.asm
               _user_putc   0x001006    program     extern D:\3.43\pic18-lt\cxx-framework\src\traditional\stdclib\_user_putc.c
                compare_l   0x004d44    program     static D:\3.43\pic18-lt\cxx-framework\src\traditional\proc\p18f4550.asm
        configDescriptor1   0x000f28    program     extern C:\Users\Sony User\Desktop\TMTD\Firmware\usb_descriptors.c
                copy_loop   0x004ada    program     static                          
            copy_one_byte   0x004ae0    program     static                          
               device_dsc   0x000f16    program     extern C:\Users\Sony User\Desktop\TMTD\Firmware\usb_descriptors.c
                     done   0x004b04    program     static                          
             done_copying   0x004aee    program     static                          
             getsUSBUSART   0x00412e    program     extern C:\Users\Sony User\Desktop\TMTD\include\usb_function_cdc.c
                  initLCD   0x003872    program     extern C:\Users\Sony User\Desktop\TMTD\Firmware\LCD.c
                  isdigit   0x004d0a    program     extern D:\3.43\pic18-lt\cxx-framework\src\traditional\stdclib\isdigit.asm
                 jANotInf   0x0044f2    program     static D:\3.43\pic18-lt\cxx-framework\src\traditional\math\mulFP.asm
                 jANotInf   0x0045d8    program     static D:\3.43\pic18-lt\cxx-framework\src\traditional\math\addFP.asm
                 jANotNeg   0x00466c    program     static D:\3.43\pic18-lt\cxx-framework\src\traditional\math\addFP.asm
              jAandWsetup   0x00463c    program     static D:\3.43\pic18-lt\cxx-framework\src\traditional\math\addFP.asm
                 jAltBexp   0x00462a    program     static D:\3.43\pic18-lt\cxx-framework\src\traditional\math\addFP.asm
                jBANotInf   0x0045ce    program     static D:\3.43\pic18-lt\cxx-framework\src\traditional\math\addFP.asm
                 jBNotInf   0x0045e6    program     static D:\3.43\pic18-lt\cxx-framework\src\traditional\math\addFP.asm
              jBothFinite   0x004500    program     static D:\3.43\pic18-lt\cxx-framework\src\traditional\math\mulFP.asm
             jBothNotZero   0x00450c    program     static D:\3.43\pic18-lt\cxx-framework\src\traditional\math\mulFP.asm
            jDifOrPosSign   0x0045fa    program     static D:\3.43\pic18-lt\cxx-framework\src\traditional\math\addFP.asm
                     jEnd   0x004b54    program     static D:\3.43\pic18-lt\cxx-framework\src\traditional\stdclib\strlen.asm
                     jEnd   0x004b8c    program     static D:\3.43\pic18-lt\cxx-framework\src\traditional\stdclib\slenpgm.asm
                     jEnd   0x004b38    program     static D:\3.43\pic18-lt\cxx-framework\src\traditional\stdclib\memset.asm
                    jExit   0x004792    program     static D:\3.43\pic18-lt\cxx-framework\src\traditional\math\castFP16.asm
               jFinalSign   0x0046d4    program     static D:\3.43\pic18-lt\cxx-framework\src\traditional\math\addFP.asm
                jHaveZero   0x004508    program     static D:\3.43\pic18-lt\cxx-framework\src\traditional\math\mulFP.asm
                jI2F16Beg   0x004488    program     static D:\3.43\pic18-lt\cxx-framework\src\traditional\math\cast16FP.asm
                jI2F32Beg   0x0044ba    program     static D:\3.43\pic18-lt\cxx-framework\src\traditional\math\cast32FP.asm
                    jLoop   0x004772    program     static D:\3.43\pic18-lt\cxx-framework\src\traditional\math\castFP16.asm
                    jLoop   0x004b74    program     static D:\3.43\pic18-lt\cxx-framework\src\traditional\stdclib\slenpgm.asm
                    jLoop   0x004b1a    program     static D:\3.43\pic18-lt\cxx-framework\src\traditional\stdclib\memset.asm
                    jLoop   0x004b4a    program     static D:\3.43\pic18-lt\cxx-framework\src\traditional\stdclib\strlen.asm
                jLoopExit   0x004782    program     static D:\3.43\pic18-lt\cxx-framework\src\traditional\math\castFP16.asm
                   jMatch   0x004d2a    program     static D:\3.43\pic18-lt\cxx-framework\src\traditional\stdclib\isdigit.asm
                     jMax   0x004746    program     static D:\3.43\pic18-lt\cxx-framework\src\traditional\math\castFP16.asm
                  jMaxNeg   0x004754    program     static D:\3.43\pic18-lt\cxx-framework\src\traditional\math\castFP16.asm
                  jMaxPos   0x00474a    program     static D:\3.43\pic18-lt\cxx-framework\src\traditional\math\castFP16.asm
                 jNoMatch   0x004d2c    program     static D:\3.43\pic18-lt\cxx-framework\src\traditional\stdclib\isdigit.asm
             jNotBothZero   0x0045fe    program     static D:\3.43\pic18-lt\cxx-framework\src\traditional\math\addFP.asm
                  jNotInf   0x004762    program     static D:\3.43\pic18-lt\cxx-framework\src\traditional\math\castFP16.asm
                  jPkLoop   0x0047da    program     static D:\3.43\pic18-lt\cxx-framework\src\traditional\math\packFP.asm
             jPkRoundDone   0x004824    program     static D:\3.43\pic18-lt\cxx-framework\src\traditional\math\packFP.asm
               jPkRoundIt   0x00480c    program     static D:\3.43\pic18-lt\cxx-framework\src\traditional\math\packFP.asm
             jPkShiftDone   0x0047f6    program     static D:\3.43\pic18-lt\cxx-framework\src\traditional\math\packFP.asm
           jReturnPosInf0   0x0047b0    program     static D:\3.43\pic18-lt\cxx-framework\src\traditional\math\packFP.asm
               jShiftDone   0x004694    program     static D:\3.43\pic18-lt\cxx-framework\src\traditional\math\addFP.asm
               jShiftLoop   0x004686    program     static D:\3.43\pic18-lt\cxx-framework\src\traditional\math\addFP.asm
                jSignDone   0x0046c4    program     static D:\3.43\pic18-lt\cxx-framework\src\traditional\math\addFP.asm
                  jUnpkA1   0x00484e    program     static D:\3.43\pic18-lt\cxx-framework\src\traditional\math\UnpackFP.asm
                  jUnpkA2   0x004866    program     static D:\3.43\pic18-lt\cxx-framework\src\traditional\math\UnpackFP.asm
                 jUnpkANZ   0x00485c    program     static D:\3.43\pic18-lt\cxx-framework\src\traditional\math\UnpackFP.asm
                  jUnpkB1   0x00487e    program     static D:\3.43\pic18-lt\cxx-framework\src\traditional\math\UnpackFP.asm
                  jUnpkB2   0x004896    program     static D:\3.43\pic18-lt\cxx-framework\src\traditional\math\UnpackFP.asm
                 jUnpkBNZ   0x00488c    program     static D:\3.43\pic18-lt\cxx-framework\src\traditional\math\UnpackFP.asm
                 jUnpkNaN   0x004870    program     static D:\3.43\pic18-lt\cxx-framework\src\traditional\math\UnpackFP.asm
                 jWNotNeg   0x004680    program     static D:\3.43\pic18-lt\cxx-framework\src\traditional\math\addFP.asm
                    jZero   0x00475c    program     static D:\3.43\pic18-lt\cxx-framework\src\traditional\math\castFP16.asm
               jZero1and2   0x0047b4    program     static D:\3.43\pic18-lt\cxx-framework\src\traditional\math\packFP.asm
                     loop   0x004d7a    program     static D:\3.43\pic18-lt\cxx-framework\src\pmc_common\USART\_usartpc.asm
                     loop   0x004ca2    program     static                          
                     loop   0x004d5e    program     static                          
                   loop_h   0x004d3c    program     static D:\3.43\pic18-lt\cxx-framework\src\traditional\proc\p18f4550.asm
                   loop_l   0x004d46    program     static D:\3.43\pic18-lt\cxx-framework\src\traditional\proc\p18f4550.asm
                     main   0x002f82    program     extern C:\Users\Sony User\Desktop\TMTD\Firmware\main.c
                   memset   0x004b06    program     extern D:\3.43\pic18-lt\cxx-framework\src\traditional\stdclib\memset.asm
              putUSBUSART   0x0041f0    program     extern C:\Users\Sony User\Desktop\TMTD\include\usb_function_cdc.c
                     putc   0x004ba0    program     extern D:\3.43\pic18-lt\cxx-framework\src\traditional\stdclib\putc.c
            putrsUSBUSART   0x0042a2    program     extern C:\Users\Sony User\Desktop\TMTD\include\usb_function_cdc.c
             putsUSBUSART   0x00421e    program     extern C:\Users\Sony User\Desktop\TMTD\include\usb_function_cdc.c
                 s_digits   0x004da2    program     static D:\3.43\pic18-lt\cxx-framework\src\traditional\stdclib\vfprintf.c
            s_put_n_chars   0x002312    program     static D:\3.43\pic18-lt\cxx-framework\src\traditional\stdclib\vfprintf.c
                    sd000   0x000f6b    program     extern C:\Users\Sony User\Desktop\TMTD\Firmware\usb_descriptors.c
                    sd001   0x000f6f    program     extern C:\Users\Sony User\Desktop\TMTD\Firmware\usb_descriptors.c
                    sd002   0x000fa3    program     extern C:\Users\Sony User\Desktop\TMTD\Firmware\usb_descriptors.c
                  sprintf   0x0049bc    program     extern D:\3.43\pic18-lt\cxx-framework\src\traditional\stdclib\sprintf.c
                   strlen   0x004b3a    program     extern D:\3.43\pic18-lt\cxx-framework\src\traditional\stdclib\strlen.asm
                strlenpgm   0x004b56    program     extern D:\3.43\pic18-lt\cxx-framework\src\traditional\stdclib\slenpgm.asm
                     test   0x004a82    program     static                          
                 vfprintf   0x00233e    program     extern D:\3.43\pic18-lt\cxx-framework\src\traditional\stdclib\vfprintf.c
               zero_block   0x004d3c    program     static D:\3.43\pic18-lt\cxx-framework\src\traditional\proc\p18f4550.asm
                   ADCON0   0x000fc2       data     extern D:\3.43\pic18-lt\cxx-framework\src\traditional\proc\p18f4550.asm
               ADCON0bits   0x000fc2       data     extern D:\3.43\pic18-lt\cxx-framework\src\traditional\proc\p18f4550.asm
                   ADCON1   0x000fc1       data     extern D:\3.43\pic18-lt\cxx-framework\src\traditional\proc\p18f4550.asm
               ADCON1bits   0x000fc1       data     extern D:\3.43\pic18-lt\cxx-framework\src\traditional\proc\p18f4550.asm
                   ADCON2   0x000fc0       data     extern D:\3.43\pic18-lt\cxx-framework\src\traditional\proc\p18f4550.asm
               ADCON2bits   0x000fc0       data     extern D:\3.43\pic18-lt\cxx-framework\src\traditional\proc\p18f4550.asm
                    ADRES   0x000fc3       data     extern D:\3.43\pic18-lt\cxx-framework\src\traditional\proc\p18f4550.asm
                   ADRESH   0x000fc4       data     extern D:\3.43\pic18-lt\cxx-framework\src\traditional\proc\p18f4550.asm
                   ADRESL   0x000fc3       data     extern D:\3.43\pic18-lt\cxx-framework\src\traditional\proc\p18f4550.asm
                 AD_Value   0x0000f5       data     static C:\Users\Sony User\Desktop\TMTD\Firmware\main.c
                  BAUDCON   0x000fb8       data     extern D:\3.43\pic18-lt\cxx-framework\src\traditional\proc\p18f4550.asm
              BAUDCONbits   0x000fb8       data     extern D:\3.43\pic18-lt\cxx-framework\src\traditional\proc\p18f4550.asm
                  BAUDCTL   0x000fb8       data     extern D:\3.43\pic18-lt\cxx-framework\src\traditional\proc\p18f4550.asm
              BAUDCTLbits   0x000fb8       data     extern D:\3.43\pic18-lt\cxx-framework\src\traditional\proc\p18f4550.asm
                      BDT   0x000400       data     extern C:\Users\Sony User\Desktop\TMTD\include\usb_device.c
                      BSR   0x000fe0       data     extern D:\3.43\pic18-lt\cxx-framework\src\traditional\proc\p18f4550.asm
              BaudRateGen   0x0005be       data     extern C:\Users\Sony User\Desktop\TMTD\include\usb_function_cdc.c
       BothEP0OutUOWNsSet   0x0001ef       data     extern C:\Users\Sony User\Desktop\TMTD\include\usb_device.c
                   CCP1AS   0x000fb6       data     extern D:\3.43\pic18-lt\cxx-framework\src\traditional\proc\p18f4550.asm
               CCP1ASbits   0x000fb6       data     extern D:\3.43\pic18-lt\cxx-framework\src\traditional\proc\p18f4550.asm
                  CCP1CON   0x000fbd       data     extern D:\3.43\pic18-lt\cxx-framework\src\traditional\proc\p18f4550.asm
              CCP1CONbits   0x000fbd       data     extern D:\3.43\pic18-lt\cxx-framework\src\traditional\proc\p18f4550.asm
                  CCP1DEL   0x000fb7       data     extern D:\3.43\pic18-lt\cxx-framework\src\traditional\proc\p18f4550.asm
              CCP1DELbits   0x000fb7       data     extern D:\3.43\pic18-lt\cxx-framework\src\traditional\proc\p18f4550.asm
                  CCP2CON   0x000fba       data     extern D:\3.43\pic18-lt\cxx-framework\src\traditional\proc\p18f4550.asm
              CCP2CONbits   0x000fba       data     extern D:\3.43\pic18-lt\cxx-framework\src\traditional\proc\p18f4550.asm
                    CCPR1   0x000fbe       data     extern D:\3.43\pic18-lt\cxx-framework\src\traditional\proc\p18f4550.asm
                   CCPR1H   0x000fbf       data     extern D:\3.43\pic18-lt\cxx-framework\src\traditional\proc\p18f4550.asm
                   CCPR1L   0x000fbe       data     extern D:\3.43\pic18-lt\cxx-framework\src\traditional\proc\p18f4550.asm
                    CCPR2   0x000fbb       data     extern D:\3.43\pic18-lt\cxx-framework\src\traditional\proc\p18f4550.asm
                   CCPR2H   0x000fbc       data     extern D:\3.43\pic18-lt\cxx-framework\src\traditional\proc\p18f4550.asm
                   CCPR2L   0x000fbb       data     extern D:\3.43\pic18-lt\cxx-framework\src\traditional\proc\p18f4550.asm
          CDCDataInHandle   0x0005bb       data     extern C:\Users\Sony User\Desktop\TMTD\include\usb_function_cdc.c
         CDCDataOutHandle   0x0005b9       data     extern C:\Users\Sony User\Desktop\TMTD\include\usb_function_cdc.c
                    CMCON   0x000fb4       data     extern D:\3.43\pic18-lt\cxx-framework\src\traditional\proc\p18f4550.asm
                CMCONbits   0x000fb4       data     extern D:\3.43\pic18-lt\cxx-framework\src\traditional\proc\p18f4550.asm
                   CVRCON   0x000fb5       data     extern D:\3.43\pic18-lt\cxx-framework\src\traditional\proc\p18f4550.asm
               CVRCONbits   0x000fb5       data     extern D:\3.43\pic18-lt\cxx-framework\src\traditional\proc\p18f4550.asm
              CtrlTrfData   0x000438       data     extern C:\Users\Sony User\Desktop\TMTD\include\usb_device.c
                     DDRA   0x000f92       data     extern D:\3.43\pic18-lt\cxx-framework\src\traditional\proc\p18f4550.asm
                 DDRAbits   0x000f92       data     extern D:\3.43\pic18-lt\cxx-framework\src\traditional\proc\p18f4550.asm
                     DDRB   0x000f93       data     extern D:\3.43\pic18-lt\cxx-framework\src\traditional\proc\p18f4550.asm
                 DDRBbits   0x000f93       data     extern D:\3.43\pic18-lt\cxx-framework\src\traditional\proc\p18f4550.asm
                     DDRC   0x000f94       data     extern D:\3.43\pic18-lt\cxx-framework\src\traditional\proc\p18f4550.asm
                 DDRCbits   0x000f94       data     extern D:\3.43\pic18-lt\cxx-framework\src\traditional\proc\p18f4550.asm
                     DDRD   0x000f95       data     extern D:\3.43\pic18-lt\cxx-framework\src\traditional\proc\p18f4550.asm
                 DDRDbits   0x000f95       data     extern D:\3.43\pic18-lt\cxx-framework\src\traditional\proc\p18f4550.asm
                     DDRE   0x000f96       data     extern D:\3.43\pic18-lt\cxx-framework\src\traditional\proc\p18f4550.asm
                 DDREbits   0x000f96       data     extern D:\3.43\pic18-lt\cxx-framework\src\traditional\proc\p18f4550.asm
            DelayCounter1   0x000025       data     extern D:\3.43\pic18-lt\cxx-framework\src\traditional\delays\delayd1.asm
            DelayCounter2   0x000024       data     extern D:\3.43\pic18-lt\cxx-framework\src\traditional\delays\delayd2.asm
           DisplayVersion   0x0000f7       data     static C:\Users\Sony User\Desktop\TMTD\Firmware\main.c
           DisplayVersion   0x0000e7       data     static C:\Users\Sony User\Desktop\TMTD\Firmware\main.c
           DisplayVersion   0x00058f       data     static C:\Users\Sony User\Desktop\TMTD\Firmware\ini.h
                  ECCP1AS   0x000fb6       data     extern D:\3.43\pic18-lt\cxx-framework\src\traditional\proc\p18f4550.asm
              ECCP1ASbits   0x000fb6       data     extern D:\3.43\pic18-lt\cxx-framework\src\traditional\proc\p18f4550.asm
                 ECCP1CON   0x000fbd       data     extern D:\3.43\pic18-lt\cxx-framework\src\traditional\proc\p18f4550.asm
             ECCP1CONbits   0x000fbd       data     extern D:\3.43\pic18-lt\cxx-framework\src\traditional\proc\p18f4550.asm
                 ECCP1DEL   0x000fb7       data     extern D:\3.43\pic18-lt\cxx-framework\src\traditional\proc\p18f4550.asm
             ECCP1DELbits   0x000fb7       data     extern D:\3.43\pic18-lt\cxx-framework\src\traditional\proc\p18f4550.asm
                    EEADR   0x000fa9       data     extern D:\3.43\pic18-lt\cxx-framework\src\traditional\proc\p18f4550.asm
                   EECON1   0x000fa6       data     extern D:\3.43\pic18-lt\cxx-framework\src\traditional\proc\p18f4550.asm
               EECON1bits   0x000fa6       data     extern D:\3.43\pic18-lt\cxx-framework\src\traditional\proc\p18f4550.asm
                   EECON2   0x000fa7       data     extern D:\3.43\pic18-lt\cxx-framework\src\traditional\proc\p18f4550.asm
                   EEDATA   0x000fa8       data     extern D:\3.43\pic18-lt\cxx-framework\src\traditional\proc\p18f4550.asm
                     FSR0   0x000fe9       data     extern D:\3.43\pic18-lt\cxx-framework\src\traditional\proc\p18f4550.asm
                    FSR0H   0x000fea       data     extern D:\3.43\pic18-lt\cxx-framework\src\traditional\proc\p18f4550.asm
                    FSR0L   0x000fe9       data     extern D:\3.43\pic18-lt\cxx-framework\src\traditional\proc\p18f4550.asm
                     FSR1   0x000fe1       data     extern D:\3.43\pic18-lt\cxx-framework\src\traditional\proc\p18f4550.asm
                    FSR1H   0x000fe2       data     extern D:\3.43\pic18-lt\cxx-framework\src\traditional\proc\p18f4550.asm
                    FSR1L   0x000fe1       data     extern D:\3.43\pic18-lt\cxx-framework\src\traditional\proc\p18f4550.asm
                     FSR2   0x000fd9       data     extern D:\3.43\pic18-lt\cxx-framework\src\traditional\proc\p18f4550.asm
                    FSR2H   0x000fda       data     extern D:\3.43\pic18-lt\cxx-framework\src\traditional\proc\p18f4550.asm
                    FSR2L   0x000fd9       data     extern D:\3.43\pic18-lt\cxx-framework\src\traditional\proc\p18f4550.asm
     FrequencyLookUpTable   0x000100       data     extern C:\Users\Sony User\Desktop\TMTD\Firmware\ini.h
                  HLVDCON   0x000fd2       data     extern D:\3.43\pic18-lt\cxx-framework\src\traditional\proc\p18f4550.asm
              HLVDCONbits   0x000fd2       data     extern D:\3.43\pic18-lt\cxx-framework\src\traditional\proc\p18f4550.asm
                    INDF0   0x000fef       data     extern D:\3.43\pic18-lt\cxx-framework\src\traditional\proc\p18f4550.asm
                    INDF1   0x000fe7       data     extern D:\3.43\pic18-lt\cxx-framework\src\traditional\proc\p18f4550.asm
                    INDF2   0x000fdf       data     extern D:\3.43\pic18-lt\cxx-framework\src\traditional\proc\p18f4550.asm
                   INTCON   0x000ff2       data     extern D:\3.43\pic18-lt\cxx-framework\src\traditional\proc\p18f4550.asm
                  INTCON2   0x000ff1       data     extern D:\3.43\pic18-lt\cxx-framework\src\traditional\proc\p18f4550.asm
              INTCON2bits   0x000ff1       data     extern D:\3.43\pic18-lt\cxx-framework\src\traditional\proc\p18f4550.asm
                  INTCON3   0x000ff0       data     extern D:\3.43\pic18-lt\cxx-framework\src\traditional\proc\p18f4550.asm
              INTCON3bits   0x000ff0       data     extern D:\3.43\pic18-lt\cxx-framework\src\traditional\proc\p18f4550.asm
               INTCONbits   0x000ff2       data     extern D:\3.43\pic18-lt\cxx-framework\src\traditional\proc\p18f4550.asm
                     IPR1   0x000f9f       data     extern D:\3.43\pic18-lt\cxx-framework\src\traditional\proc\p18f4550.asm
                 IPR1bits   0x000f9f       data     extern D:\3.43\pic18-lt\cxx-framework\src\traditional\proc\p18f4550.asm
                     IPR2   0x000fa2       data     extern D:\3.43\pic18-lt\cxx-framework\src\traditional\proc\p18f4550.asm
                 IPR2bits   0x000fa2       data     extern D:\3.43\pic18-lt\cxx-framework\src\traditional\proc\p18f4550.asm
                     LATA   0x000f89       data     extern D:\3.43\pic18-lt\cxx-framework\src\traditional\proc\p18f4550.asm
                 LATAbits   0x000f89       data     extern D:\3.43\pic18-lt\cxx-framework\src\traditional\proc\p18f4550.asm
                     LATB   0x000f8a       data     extern D:\3.43\pic18-lt\cxx-framework\src\traditional\proc\p18f4550.asm
                 LATBbits   0x000f8a       data     extern D:\3.43\pic18-lt\cxx-framework\src\traditional\proc\p18f4550.asm
                     LATC   0x000f8b       data     extern D:\3.43\pic18-lt\cxx-framework\src\traditional\proc\p18f4550.asm
                 LATCbits   0x000f8b       data     extern D:\3.43\pic18-lt\cxx-framework\src\traditional\proc\p18f4550.asm
                     LATD   0x000f8c       data     extern D:\3.43\pic18-lt\cxx-framework\src\traditional\proc\p18f4550.asm
                 LATDbits   0x000f8c       data     extern D:\3.43\pic18-lt\cxx-framework\src\traditional\proc\p18f4550.asm
                     LATE   0x000f8d       data     extern D:\3.43\pic18-lt\cxx-framework\src\traditional\proc\p18f4550.asm
                 LATEbits   0x000f8d       data     extern D:\3.43\pic18-lt\cxx-framework\src\traditional\proc\p18f4550.asm
                   LVDCON   0x000fd2       data     extern D:\3.43\pic18-lt\cxx-framework\src\traditional\proc\p18f4550.asm
               LVDCONbits   0x000fd2       data     extern D:\3.43\pic18-lt\cxx-framework\src\traditional\proc\p18f4550.asm
                   OSCCON   0x000fd3       data     extern D:\3.43\pic18-lt\cxx-framework\src\traditional\proc\p18f4550.asm
               OSCCONbits   0x000fd3       data     extern D:\3.43\pic18-lt\cxx-framework\src\traditional\proc\p18f4550.asm
                  OSCTUNE   0x000f9b       data     extern D:\3.43\pic18-lt\cxx-framework\src\traditional\proc\p18f4550.asm
              OSCTUNEbits   0x000f9b       data     extern D:\3.43\pic18-lt\cxx-framework\src\traditional\proc\p18f4550.asm
                       PC   0x000ff9       data     extern D:\3.43\pic18-lt\cxx-framework\src\traditional\proc\p18f4550.asm
                      PCL   0x000ff9       data     extern D:\3.43\pic18-lt\cxx-framework\src\traditional\proc\p18f4550.asm
                   PCLATH   0x000ffa       data     extern D:\3.43\pic18-lt\cxx-framework\src\traditional\proc\p18f4550.asm
                   PCLATU   0x000ffb       data     extern D:\3.43\pic18-lt\cxx-framework\src\traditional\proc\p18f4550.asm
                     PIE1   0x000f9d       data     extern D:\3.43\pic18-lt\cxx-framework\src\traditional\proc\p18f4550.asm
                 PIE1bits   0x000f9d       data     extern D:\3.43\pic18-lt\cxx-framework\src\traditional\proc\p18f4550.asm
                     PIE2   0x000fa0       data     extern D:\3.43\pic18-lt\cxx-framework\src\traditional\proc\p18f4550.asm
                 PIE2bits   0x000fa0       data     extern D:\3.43\pic18-lt\cxx-framework\src\traditional\proc\p18f4550.asm
                     PIR1   0x000f9e       data     extern D:\3.43\pic18-lt\cxx-framework\src\traditional\proc\p18f4550.asm
                 PIR1bits   0x000f9e       data     extern D:\3.43\pic18-lt\cxx-framework\src\traditional\proc\p18f4550.asm
                     PIR2   0x000fa1       data     extern D:\3.43\pic18-lt\cxx-framework\src\traditional\proc\p18f4550.asm
                 PIR2bits   0x000fa1       data     extern D:\3.43\pic18-lt\cxx-framework\src\traditional\proc\p18f4550.asm
                   PLUSW0   0x000feb       data     extern D:\3.43\pic18-lt\cxx-framework\src\traditional\proc\p18f4550.asm
                   PLUSW1   0x000fe3       data     extern D:\3.43\pic18-lt\cxx-framework\src\traditional\proc\p18f4550.asm
                   PLUSW2   0x000fdb       data     extern D:\3.43\pic18-lt\cxx-framework\src\traditional\proc\p18f4550.asm
                    PORTA   0x000f80       data     extern D:\3.43\pic18-lt\cxx-framework\src\traditional\proc\p18f4550.asm
                PORTAbits   0x000f80       data     extern D:\3.43\pic18-lt\cxx-framework\src\traditional\proc\p18f4550.asm
                    PORTB   0x000f81       data     extern D:\3.43\pic18-lt\cxx-framework\src\traditional\proc\p18f4550.asm
                PORTBbits   0x000f81       data     extern D:\3.43\pic18-lt\cxx-framework\src\traditional\proc\p18f4550.asm
                    PORTC   0x000f82       data     extern D:\3.43\pic18-lt\cxx-framework\src\traditional\proc\p18f4550.asm
                PORTCbits   0x000f82       data     extern D:\3.43\pic18-lt\cxx-framework\src\traditional\proc\p18f4550.asm
                    PORTD   0x000f83       data     extern D:\3.43\pic18-lt\cxx-framework\src\traditional\proc\p18f4550.asm
                PORTDbits   0x000f83       data     extern D:\3.43\pic18-lt\cxx-framework\src\traditional\proc\p18f4550.asm
                    PORTE   0x000f84       data     extern D:\3.43\pic18-lt\cxx-framework\src\traditional\proc\p18f4550.asm
                PORTEbits   0x000f84       data     extern D:\3.43\pic18-lt\cxx-framework\src\traditional\proc\p18f4550.asm
                 POSTDEC0   0x000fed       data     extern D:\3.43\pic18-lt\cxx-framework\src\traditional\proc\p18f4550.asm
                 POSTDEC1   0x000fe5       data     extern D:\3.43\pic18-lt\cxx-framework\src\traditional\proc\p18f4550.asm
                 POSTDEC2   0x000fdd       data     extern D:\3.43\pic18-lt\cxx-framework\src\traditional\proc\p18f4550.asm
                 POSTINC0   0x000fee       data     extern D:\3.43\pic18-lt\cxx-framework\src\traditional\proc\p18f4550.asm
                 POSTINC1   0x000fe6       data     extern D:\3.43\pic18-lt\cxx-framework\src\traditional\proc\p18f4550.asm
                 POSTINC2   0x000fde       data     extern D:\3.43\pic18-lt\cxx-framework\src\traditional\proc\p18f4550.asm
                      PR2   0x000fcb       data     extern D:\3.43\pic18-lt\cxx-framework\src\traditional\proc\p18f4550.asm
                  PREINC0   0x000fec       data     extern D:\3.43\pic18-lt\cxx-framework\src\traditional\proc\p18f4550.asm
                  PREINC1   0x000fe4       data     extern D:\3.43\pic18-lt\cxx-framework\src\traditional\proc\p18f4550.asm
                  PREINC2   0x000fdc       data     extern D:\3.43\pic18-lt\cxx-framework\src\traditional\proc\p18f4550.asm
                     PROD   0x000ff3       data     extern D:\3.43\pic18-lt\cxx-framework\src\traditional\proc\p18f4550.asm
                    PRODH   0x000ff4       data     extern D:\3.43\pic18-lt\cxx-framework\src\traditional\proc\p18f4550.asm
                    PRODL   0x000ff3       data     extern D:\3.43\pic18-lt\cxx-framework\src\traditional\proc\p18f4550.asm
                     RCON   0x000fd0       data     extern D:\3.43\pic18-lt\cxx-framework\src\traditional\proc\p18f4550.asm
                 RCONbits   0x000fd0       data     extern D:\3.43\pic18-lt\cxx-framework\src\traditional\proc\p18f4550.asm
                    RCREG   0x000fae       data     extern D:\3.43\pic18-lt\cxx-framework\src\traditional\proc\p18f4550.asm
                    RCSTA   0x000fab       data     extern D:\3.43\pic18-lt\cxx-framework\src\traditional\proc\p18f4550.asm
                RCSTAbits   0x000fab       data     extern D:\3.43\pic18-lt\cxx-framework\src\traditional\proc\p18f4550.asm
             RemoteWakeup   0x0001eb       data     extern C:\Users\Sony User\Desktop\TMTD\include\usb_device.c
                     SIGN   0x000000       data     extern D:\3.43\pic18-lt\cxx-framework\src\traditional\math\cmath18.asm
                    SPBRG   0x000faf       data     extern D:\3.43\pic18-lt\cxx-framework\src\traditional\proc\p18f4550.asm
                   SPBRGH   0x000fb0       data     extern D:\3.43\pic18-lt\cxx-framework\src\traditional\proc\p18f4550.asm
                   SPPCFG   0x000f63       data     extern D:\3.43\pic18-lt\cxx-framework\src\traditional\proc\p18f4550.asm
               SPPCFGbits   0x000f63       data     extern D:\3.43\pic18-lt\cxx-framework\src\traditional\proc\p18f4550.asm
                   SPPCON   0x000f65       data     extern D:\3.43\pic18-lt\cxx-framework\src\traditional\proc\p18f4550.asm
               SPPCONbits   0x000f65       data     extern D:\3.43\pic18-lt\cxx-framework\src\traditional\proc\p18f4550.asm
                  SPPDATA   0x000f62       data     extern D:\3.43\pic18-lt\cxx-framework\src\traditional\proc\p18f4550.asm
                   SPPEPS   0x000f64       data     extern D:\3.43\pic18-lt\cxx-framework\src\traditional\proc\p18f4550.asm
               SPPEPSbits   0x000f64       data     extern D:\3.43\pic18-lt\cxx-framework\src\traditional\proc\p18f4550.asm
                   SSPADD   0x000fc8       data     extern D:\3.43\pic18-lt\cxx-framework\src\traditional\proc\p18f4550.asm
                   SSPBUF   0x000fc9       data     extern D:\3.43\pic18-lt\cxx-framework\src\traditional\proc\p18f4550.asm
                  SSPCON1   0x000fc6       data     extern D:\3.43\pic18-lt\cxx-framework\src\traditional\proc\p18f4550.asm
              SSPCON1bits   0x000fc6       data     extern D:\3.43\pic18-lt\cxx-framework\src\traditional\proc\p18f4550.asm
                  SSPCON2   0x000fc5       data     extern D:\3.43\pic18-lt\cxx-framework\src\traditional\proc\p18f4550.asm
              SSPCON2bits   0x000fc5       data     extern D:\3.43\pic18-lt\cxx-framework\src\traditional\proc\p18f4550.asm
                  SSPSTAT   0x000fc7       data     extern D:\3.43\pic18-lt\cxx-framework\src\traditional\proc\p18f4550.asm
              SSPSTATbits   0x000fc7       data     extern D:\3.43\pic18-lt\cxx-framework\src\traditional\proc\p18f4550.asm
                   STATUS   0x000fd8       data     extern D:\3.43\pic18-lt\cxx-framework\src\traditional\proc\p18f4550.asm
               STATUSbits   0x000fd8       data     extern D:\3.43\pic18-lt\cxx-framework\src\traditional\proc\p18f4550.asm
                   STKPTR   0x000ffc       data     extern D:\3.43\pic18-lt\cxx-framework\src\traditional\proc\p18f4550.asm
               STKPTRbits   0x000ffc       data     extern D:\3.43\pic18-lt\cxx-framework\src\traditional\proc\p18f4550.asm
                 SetupPkt   0x000430       data     extern C:\Users\Sony User\Desktop\TMTD\include\usb_device.c
                   String   0x0005a1       data     static C:\Users\Sony User\Desktop\TMTD\Firmware\ADC.c
                    T0CON   0x000fd5       data     extern D:\3.43\pic18-lt\cxx-framework\src\traditional\proc\p18f4550.asm
                T0CONbits   0x000fd5       data     extern D:\3.43\pic18-lt\cxx-framework\src\traditional\proc\p18f4550.asm
                    T1CON   0x000fcd       data     extern D:\3.43\pic18-lt\cxx-framework\src\traditional\proc\p18f4550.asm
                T1CONbits   0x000fcd       data     extern D:\3.43\pic18-lt\cxx-framework\src\traditional\proc\p18f4550.asm
                    T2CON   0x000fca       data     extern D:\3.43\pic18-lt\cxx-framework\src\traditional\proc\p18f4550.asm
                T2CONbits   0x000fca       data     extern D:\3.43\pic18-lt\cxx-framework\src\traditional\proc\p18f4550.asm
                    T3CON   0x000fb1       data     extern D:\3.43\pic18-lt\cxx-framework\src\traditional\proc\p18f4550.asm
                T3CONbits   0x000fb1       data     extern D:\3.43\pic18-lt\cxx-framework\src\traditional\proc\p18f4550.asm
                   TABLAT   0x000ff5       data     extern D:\3.43\pic18-lt\cxx-framework\src\traditional\proc\p18f4550.asm
                   TBLPTR   0x000ff6       data     extern D:\3.43\pic18-lt\cxx-framework\src\traditional\proc\p18f4550.asm
                  TBLPTRH   0x000ff7       data     extern D:\3.43\pic18-lt\cxx-framework\src\traditional\proc\p18f4550.asm
                  TBLPTRL   0x000ff6       data     extern D:\3.43\pic18-lt\cxx-framework\src\traditional\proc\p18f4550.asm
                  TBLPTRU   0x000ff8       data     extern D:\3.43\pic18-lt\cxx-framework\src\traditional\proc\p18f4550.asm
                    TMR0H   0x000fd7       data     extern D:\3.43\pic18-lt\cxx-framework\src\traditional\proc\p18f4550.asm
                    TMR0L   0x000fd6       data     extern D:\3.43\pic18-lt\cxx-framework\src\traditional\proc\p18f4550.asm
                    TMR1H   0x000fcf       data     extern D:\3.43\pic18-lt\cxx-framework\src\traditional\proc\p18f4550.asm
                    TMR1L   0x000fce       data     extern D:\3.43\pic18-lt\cxx-framework\src\traditional\proc\p18f4550.asm
                     TMR2   0x000fcc       data     extern D:\3.43\pic18-lt\cxx-framework\src\traditional\proc\p18f4550.asm
                    TMR3H   0x000fb3       data     extern D:\3.43\pic18-lt\cxx-framework\src\traditional\proc\p18f4550.asm
                    TMR3L   0x000fb2       data     extern D:\3.43\pic18-lt\cxx-framework\src\traditional\proc\p18f4550.asm
                      TOS   0x000ffd       data     extern D:\3.43\pic18-lt\cxx-framework\src\traditional\proc\p18f4550.asm
                     TOSH   0x000ffe       data     extern D:\3.43\pic18-lt\cxx-framework\src\traditional\proc\p18f4550.asm
                     TOSL   0x000ffd       data     extern D:\3.43\pic18-lt\cxx-framework\src\traditional\proc\p18f4550.asm
                     TOSU   0x000fff       data     extern D:\3.43\pic18-lt\cxx-framework\src\traditional\proc\p18f4550.asm
                    TRISA   0x000f92       data     extern D:\3.43\pic18-lt\cxx-framework\src\traditional\proc\p18f4550.asm
                TRISAbits   0x000f92       data     extern D:\3.43\pic18-lt\cxx-framework\src\traditional\proc\p18f4550.asm
                    TRISB   0x000f93       data     extern D:\3.43\pic18-lt\cxx-framework\src\traditional\proc\p18f4550.asm
                TRISBbits   0x000f93       data     extern D:\3.43\pic18-lt\cxx-framework\src\traditional\proc\p18f4550.asm
                    TRISC   0x000f94       data     extern D:\3.43\pic18-lt\cxx-framework\src\traditional\proc\p18f4550.asm
                TRISCbits   0x000f94       data     extern D:\3.43\pic18-lt\cxx-framework\src\traditional\proc\p18f4550.asm
                    TRISD   0x000f95       data     extern D:\3.43\pic18-lt\cxx-framework\src\traditional\proc\p18f4550.asm
                TRISDbits   0x000f95       data     extern D:\3.43\pic18-lt\cxx-framework\src\traditional\proc\p18f4550.asm
                    TRISE   0x000f96       data     extern D:\3.43\pic18-lt\cxx-framework\src\traditional\proc\p18f4550.asm
                TRISEbits   0x000f96       data     extern D:\3.43\pic18-lt\cxx-framework\src\traditional\proc\p18f4550.asm
                    TXREG   0x000fad       data     extern D:\3.43\pic18-lt\cxx-framework\src\traditional\proc\p18f4550.asm
                    TXSTA   0x000fac       data     extern D:\3.43\pic18-lt\cxx-framework\src\traditional\proc\p18f4550.asm
                TXSTAbits   0x000fac       data     extern D:\3.43\pic18-lt\cxx-framework\src\traditional\proc\p18f4550.asm
                TimeDelay   0x0000e0       data     extern C:\Users\Sony User\Desktop\TMTD\Firmware\main.c
         TimeDelayPointer   0x0000e2       data     extern C:\Users\Sony User\Desktop\TMTD\Firmware\main.c
                    UADDR   0x000f6e       data     extern D:\3.43\pic18-lt\cxx-framework\src\traditional\proc\p18f4550.asm
                UADDRbits   0x000f6e       data     extern D:\3.43\pic18-lt\cxx-framework\src\traditional\proc\p18f4550.asm
                     UCFG   0x000f6f       data     extern D:\3.43\pic18-lt\cxx-framework\src\traditional\proc\p18f4550.asm
                 UCFGbits   0x000f6f       data     extern D:\3.43\pic18-lt\cxx-framework\src\traditional\proc\p18f4550.asm
                     UCON   0x000f6d       data     extern D:\3.43\pic18-lt\cxx-framework\src\traditional\proc\p18f4550.asm
                 UCONbits   0x000f6d       data     extern D:\3.43\pic18-lt\cxx-framework\src\traditional\proc\p18f4550.asm
                     UEIE   0x000f6b       data     extern D:\3.43\pic18-lt\cxx-framework\src\traditional\proc\p18f4550.asm
                 UEIEbits   0x000f6b       data     extern D:\3.43\pic18-lt\cxx-framework\src\traditional\proc\p18f4550.asm
                     UEIR   0x000f6a       data     extern D:\3.43\pic18-lt\cxx-framework\src\traditional\proc\p18f4550.asm
                 UEIRbits   0x000f6a       data     extern D:\3.43\pic18-lt\cxx-framework\src\traditional\proc\p18f4550.asm
                     UEP0   0x000f70       data     extern D:\3.43\pic18-lt\cxx-framework\src\traditional\proc\p18f4550.asm
                 UEP0bits   0x000f70       data     extern D:\3.43\pic18-lt\cxx-framework\src\traditional\proc\p18f4550.asm
                     UEP1   0x000f71       data     extern D:\3.43\pic18-lt\cxx-framework\src\traditional\proc\p18f4550.asm
                    UEP10   0x000f7a       data     extern D:\3.43\pic18-lt\cxx-framework\src\traditional\proc\p18f4550.asm
                UEP10bits   0x000f7a       data     extern D:\3.43\pic18-lt\cxx-framework\src\traditional\proc\p18f4550.asm
                    UEP11   0x000f7b       data     extern D:\3.43\pic18-lt\cxx-framework\src\traditional\proc\p18f4550.asm
                UEP11bits   0x000f7b       data     extern D:\3.43\pic18-lt\cxx-framework\src\traditional\proc\p18f4550.asm
                    UEP12   0x000f7c       data     extern D:\3.43\pic18-lt\cxx-framework\src\traditional\proc\p18f4550.asm
                UEP12bits   0x000f7c       data     extern D:\3.43\pic18-lt\cxx-framework\src\traditional\proc\p18f4550.asm
                    UEP13   0x000f7d       data     extern D:\3.43\pic18-lt\cxx-framework\src\traditional\proc\p18f4550.asm
                UEP13bits   0x000f7d       data     extern D:\3.43\pic18-lt\cxx-framework\src\traditional\proc\p18f4550.asm
                    UEP14   0x000f7e       data     extern D:\3.43\pic18-lt\cxx-framework\src\traditional\proc\p18f4550.asm
                UEP14bits   0x000f7e       data     extern D:\3.43\pic18-lt\cxx-framework\src\traditional\proc\p18f4550.asm
                    UEP15   0x000f7f       data     extern D:\3.43\pic18-lt\cxx-framework\src\traditional\proc\p18f4550.asm
                UEP15bits   0x000f7f       data     extern D:\3.43\pic18-lt\cxx-framework\src\traditional\proc\p18f4550.asm
                 UEP1bits   0x000f71       data     extern D:\3.43\pic18-lt\cxx-framework\src\traditional\proc\p18f4550.asm
                     UEP2   0x000f72       data     extern D:\3.43\pic18-lt\cxx-framework\src\traditional\proc\p18f4550.asm
                 UEP2bits   0x000f72       data     extern D:\3.43\pic18-lt\cxx-framework\src\traditional\proc\p18f4550.asm
                     UEP3   0x000f73       data     extern D:\3.43\pic18-lt\cxx-framework\src\traditional\proc\p18f4550.asm
                 UEP3bits   0x000f73       data     extern D:\3.43\pic18-lt\cxx-framework\src\traditional\proc\p18f4550.asm
                     UEP4   0x000f74       data     extern D:\3.43\pic18-lt\cxx-framework\src\traditional\proc\p18f4550.asm
                 UEP4bits   0x000f74       data     extern D:\3.43\pic18-lt\cxx-framework\src\traditional\proc\p18f4550.asm
                     UEP5   0x000f75       data     extern D:\3.43\pic18-lt\cxx-framework\src\traditional\proc\p18f4550.asm
                 UEP5bits   0x000f75       data     extern D:\3.43\pic18-lt\cxx-framework\src\traditional\proc\p18f4550.asm
                     UEP6   0x000f76       data     extern D:\3.43\pic18-lt\cxx-framework\src\traditional\proc\p18f4550.asm
                 UEP6bits   0x000f76       data     extern D:\3.43\pic18-lt\cxx-framework\src\traditional\proc\p18f4550.asm
                     UEP7   0x000f77       data     extern D:\3.43\pic18-lt\cxx-framework\src\traditional\proc\p18f4550.asm
                 UEP7bits   0x000f77       data     extern D:\3.43\pic18-lt\cxx-framework\src\traditional\proc\p18f4550.asm
                     UEP8   0x000f78       data     extern D:\3.43\pic18-lt\cxx-framework\src\traditional\proc\p18f4550.asm
                 UEP8bits   0x000f78       data     extern D:\3.43\pic18-lt\cxx-framework\src\traditional\proc\p18f4550.asm
                     UEP9   0x000f79       data     extern D:\3.43\pic18-lt\cxx-framework\src\traditional\proc\p18f4550.asm
                 UEP9bits   0x000f79       data     extern D:\3.43\pic18-lt\cxx-framework\src\traditional\proc\p18f4550.asm
                     UFRM   0x000f66       data     extern D:\3.43\pic18-lt\cxx-framework\src\traditional\proc\p18f4550.asm
                    UFRMH   0x000f67       data     extern D:\3.43\pic18-lt\cxx-framework\src\traditional\proc\p18f4550.asm
                UFRMHbits   0x000f67       data     extern D:\3.43\pic18-lt\cxx-framework\src\traditional\proc\p18f4550.asm
                    UFRML   0x000f66       data     extern D:\3.43\pic18-lt\cxx-framework\src\traditional\proc\p18f4550.asm
                UFRMLbits   0x000f66       data     extern D:\3.43\pic18-lt\cxx-framework\src\traditional\proc\p18f4550.asm
                      UIE   0x000f69       data     extern D:\3.43\pic18-lt\cxx-framework\src\traditional\proc\p18f4550.asm
                  UIEbits   0x000f69       data     extern D:\3.43\pic18-lt\cxx-framework\src\traditional\proc\p18f4550.asm
                      UIR   0x000f68       data     extern D:\3.43\pic18-lt\cxx-framework\src\traditional\proc\p18f4550.asm
                  UIRbits   0x000f68       data     extern D:\3.43\pic18-lt\cxx-framework\src\traditional\proc\p18f4550.asm
   USBActiveConfiguration   0x0001c9       data     extern C:\Users\Sony User\Desktop\TMTD\include\usb_device.c
    USBAlternateInterface   0x0001ca       data     extern C:\Users\Sony User\Desktop\TMTD\include\usb_device.c
        USBBusIsSuspended   0x0001ec       data     extern C:\Users\Sony User\Desktop\TMTD\include\usb_device.c
USBDeferINDataStagePackets   0x0001fa       data     extern C:\Users\Sony User\Desktop\TMTD\include\usb_device.c
USBDeferOUTDataStagePackets   0x0001fb       data     extern C:\Users\Sony User\Desktop\TMTD\include\usb_device.c
USBDeferStatusStagePacket   0x0001f7       data     extern C:\Users\Sony User\Desktop\TMTD\include\usb_device.c
           USBDeviceState   0x0001c8       data     extern C:\Users\Sony User\Desktop\TMTD\include\usb_device.c
USBStatusStageEnabledFlag1   0x0001f8       data     extern C:\Users\Sony User\Desktop\TMTD\include\usb_device.c
USBStatusStageEnabledFlag2   0x0001f9       data     extern C:\Users\Sony User\Desktop\TMTD\include\usb_device.c
USBStatusStageTimeoutCounter   0x0001f6       data     extern C:\Users\Sony User\Desktop\TMTD\include\usb_device.c
            USB_In_Buffer   0x000060       data     extern C:\Users\Sony User\Desktop\TMTD\Firmware\main.c
           USB_Out_Buffer   0x0000a0       data     extern C:\Users\Sony User\Desktop\TMTD\Firmware\main.c
                    USTAT   0x000f6c       data     extern D:\3.43\pic18-lt\cxx-framework\src\traditional\proc\p18f4550.asm
                USTATbits   0x000f6c       data     extern D:\3.43\pic18-lt\cxx-framework\src\traditional\proc\p18f4550.asm
                USTATcopy   0x0001ed       data     extern C:\Users\Sony User\Desktop\TMTD\include\usb_device.c
                   WDTCON   0x000fd1       data     extern D:\3.43\pic18-lt\cxx-framework\src\traditional\proc\p18f4550.asm
               WDTCONbits   0x000fd1       data     extern D:\3.43\pic18-lt\cxx-framework\src\traditional\proc\p18f4550.asm
                     WREG   0x000fe8       data     extern D:\3.43\pic18-lt\cxx-framework\src\traditional\proc\p18f4550.asm
                 __AARGB0   0x000009       data     extern D:\3.43\pic18-lt\cxx-framework\src\traditional\math\aarg.asm
                 __AARGB1   0x000008       data     extern D:\3.43\pic18-lt\cxx-framework\src\traditional\math\aarg.asm
                 __AARGB2   0x000007       data     extern D:\3.43\pic18-lt\cxx-framework\src\traditional\math\aarg.asm
                 __AARGB3   0x000006       data     extern D:\3.43\pic18-lt\cxx-framework\src\traditional\math\aarg.asm
                 __AARGB4   0x000005       data     extern D:\3.43\pic18-lt\cxx-framework\src\traditional\math\aarg.asm
                 __AARGB5   0x000004       data     extern D:\3.43\pic18-lt\cxx-framework\src\traditional\math\aarg.asm
                 __AARGB6   0x000003       data     extern D:\3.43\pic18-lt\cxx-framework\src\traditional\math\aarg.asm
                 __AARGB7   0x000002       data     extern D:\3.43\pic18-lt\cxx-framework\src\traditional\math\aarg.asm
                   __AEXP   0x00000a       data     extern D:\3.43\pic18-lt\cxx-framework\src\traditional\math\aarg.asm
                 __BARGB0   0x00000e       data     extern D:\3.43\pic18-lt\cxx-framework\src\traditional\math\barg.asm
                 __BARGB1   0x00000d       data     extern D:\3.43\pic18-lt\cxx-framework\src\traditional\math\barg.asm
                 __BARGB2   0x00000c       data     extern D:\3.43\pic18-lt\cxx-framework\src\traditional\math\barg.asm
                 __BARGB3   0x00000b       data     extern D:\3.43\pic18-lt\cxx-framework\src\traditional\math\barg.asm
                   __BEXP   0x00000f       data     extern D:\3.43\pic18-lt\cxx-framework\src\traditional\math\barg.asm
                __FPFLAGS   0x000001       data     extern D:\3.43\pic18-lt\cxx-framework\src\traditional\math\cmath18.asm
            __FPFLAGSbits   0x000001       data     extern D:\3.43\pic18-lt\cxx-framework\src\traditional\math\cmath18.asm
                  __REMB0   0x000005       data     extern D:\3.43\pic18-lt\cxx-framework\src\traditional\math\aarg.asm
                  __REMB1   0x000004       data     extern D:\3.43\pic18-lt\cxx-framework\src\traditional\math\aarg.asm
                  __REMB2   0x000003       data     extern D:\3.43\pic18-lt\cxx-framework\src\traditional\math\aarg.asm
                  __REMB3   0x000002       data     extern D:\3.43\pic18-lt\cxx-framework\src\traditional\math\aarg.asm
                   __TEMP   0x000013       data     extern D:\3.43\pic18-lt\cxx-framework\src\traditional\math\temparg.asm
                 __TEMPB0   0x000013       data     extern D:\3.43\pic18-lt\cxx-framework\src\traditional\math\temparg.asm
                 __TEMPB1   0x000012       data     extern D:\3.43\pic18-lt\cxx-framework\src\traditional\math\temparg.asm
                 __TEMPB2   0x000011       data     extern D:\3.43\pic18-lt\cxx-framework\src\traditional\math\temparg.asm
                 __TEMPB3   0x000010       data     extern D:\3.43\pic18-lt\cxx-framework\src\traditional\math\temparg.asm
                  __tmp_0   0x000014       data     static D:\3.43\pic18-lt\cxx-framework\src\traditional\stdclib\sprintf.c
                  __tmp_0   0x000014       data     static D:\3.43\pic18-lt\cxx-framework\src\traditional\stdclib\vfprintf.c
                  __tmp_0   0x000014       data     static D:\3.43\pic18-lt\cxx-framework\src\traditional\stdclib\putc.c
                  __tmp_0   0x000014       data     static C:\Users\Sony User\Desktop\TMTD\Firmware\ADC.c
                  __tmp_0   0x000014       data     static C:\Users\Sony User\Desktop\TMTD\Firmware\LCD.c
                  __tmp_0   0x000014       data     static C:\Users\Sony User\Desktop\TMTD\include\usb_device.c
[...]
                TRISCbits   0x000f94       data     extern D:\3.43\pic18-lt\cxx-framework\src\traditional\proc\p18f4550.asm
                 DDRCbits   0x000f94       data     extern D:\3.43\pic18-lt\cxx-framework\src\traditional\proc\p18f4550.asm
                     DDRC   0x000f94       data     extern D:\3.43\pic18-lt\cxx-framework\src\traditional\proc\p18f4550.asm
                    TRISD   0x000f95       data     extern D:\3.43\pic18-lt\cxx-framework\src\traditional\proc\p18f4550.asm
                TRISDbits   0x000f95       data     extern D:\3.43\pic18-lt\cxx-framework\src\traditional\proc\p18f4550.asm
                 DDRDbits   0x000f95       data     extern D:\3.43\pic18-lt\cxx-framework\src\traditional\proc\p18f4550.asm
                     DDRD   0x000f95       data     extern D:\3.43\pic18-lt\cxx-framework\src\traditional\proc\p18f4550.asm
                TRISEbits   0x000f96       data     extern D:\3.43\pic18-lt\cxx-framework\src\traditional\proc\p18f4550.asm
                    TRISE   0x000f96       data     extern D:\3.43\pic18-lt\cxx-framework\src\traditional\proc\p18f4550.asm
                 DDREbits   0x000f96       data     extern D:\3.43\pic18-lt\cxx-framework\src\traditional\proc\p18f4550.asm
                     DDRE   0x000f96       data     extern D:\3.43\pic18-lt\cxx-framework\src\traditional\proc\p18f4550.asm
                  OSCTUNE   0x000f9b       data     extern D:\3.43\pic18-lt\cxx-framework\src\traditional\proc\p18f4550.asm
              OSCTUNEbits   0x000f9b       data     extern D:\3.43\pic18-lt\cxx-framework\src\traditional\proc\p18f4550.asm
                     PIE1   0x000f9d       data     extern D:\3.43\pic18-lt\cxx-framework\src\traditional\proc\p18f4550.asm
                 PIE1bits   0x000f9d       data     extern D:\3.43\pic18-lt\cxx-framework\src\traditional\proc\p18f4550.asm
                     PIR1   0x000f9e       data     extern D:\3.43\pic18-lt\cxx-framework\src\traditional\proc\p18f4550.asm
                 PIR1bits   0x000f9e       data     extern D:\3.43\pic18-lt\cxx-framework\src\traditional\proc\p18f4550.asm
                 IPR1bits   0x000f9f       data     extern D:\3.43\pic18-lt\cxx-framework\src\traditional\proc\p18f4550.asm
                     IPR1   0x000f9f       data     extern D:\3.43\pic18-lt\cxx-framework\src\traditional\proc\p18f4550.asm
                 PIE2bits   0x000fa0       data     extern D:\3.43\pic18-lt\cxx-framework\src\traditional\proc\p18f4550.asm
                     PIE2   0x000fa0       data     extern D:\3.43\pic18-lt\cxx-framework\src\traditional\proc\p18f4550.asm
                     PIR2   0x000fa1       data     extern D:\3.43\pic18-lt\cxx-framework\src\traditional\proc\p18f4550.asm
                 PIR2bits   0x000fa1       data     extern D:\3.43\pic18-lt\cxx-framework\src\traditional\proc\p18f4550.asm
                     IPR2   0x000fa2       data     extern D:\3.43\pic18-lt\cxx-framework\src\traditional\proc\p18f4550.asm
                 IPR2bits   0x000fa2       data     extern D:\3.43\pic18-lt\cxx-framework\src\traditional\proc\p18f4550.asm
                   EECON1   0x000fa6       data     extern D:\3.43\pic18-lt\cxx-framework\src\traditional\proc\p18f4550.asm
               EECON1bits   0x000fa6       data     extern D:\3.43\pic18-lt\cxx-framework\src\traditional\proc\p18f4550.asm
                   EECON2   0x000fa7       data     extern D:\3.43\pic18-lt\cxx-framework\src\traditional\proc\p18f4550.asm
                   EEDATA   0x000fa8       data     extern D:\3.43\pic18-lt\cxx-framework\src\traditional\proc\p18f4550.asm
                    EEADR   0x000fa9       data     extern D:\3.43\pic18-lt\cxx-framework\src\traditional\proc\p18f4550.asm
                RCSTAbits   0x000fab       data     extern D:\3.43\pic18-lt\cxx-framework\src\traditional\proc\p18f4550.asm
                    RCSTA   0x000fab       data     extern D:\3.43\pic18-lt\cxx-framework\src\traditional\proc\p18f4550.asm
                TXSTAbits   0x000fac       data     extern D:\3.43\pic18-lt\cxx-framework\src\traditional\proc\p18f4550.asm
                    TXSTA   0x000fac       data     extern D:\3.43\pic18-lt\cxx-framework\src\traditional\proc\p18f4550.asm
                    TXREG   0x000fad       data     extern D:\3.43\pic18-lt\cxx-framework\src\traditional\proc\p18f4550.asm
                    RCREG   0x000fae       data     extern D:\3.43\pic18-lt\cxx-framework\src\traditional\proc\p18f4550.asm
                    SPBRG   0x000faf       data     extern D:\3.43\pic18-lt\cxx-framework\src\traditional\proc\p18f4550.asm
                   SPBRGH   0x000fb0       data     extern D:\3.43\pic18-lt\cxx-framework\src\traditional\proc\p18f4550.asm
                    T3CON   0x000fb1       data     extern D:\3.43\pic18-lt\cxx-framework\src\traditional\proc\p18f4550.asm
                T3CONbits   0x000fb1       data     extern D:\3.43\pic18-lt\cxx-framework\src\traditional\proc\p18f4550.asm
                    TMR3L   0x000fb2       data     extern D:\3.43\pic18-lt\cxx-framework\src\traditional\proc\p18f4550.asm
                    TMR3H   0x000fb3       data     extern D:\3.43\pic18-lt\cxx-framework\src\traditional\proc\p18f4550.asm
                    CMCON   0x000fb4       data     extern D:\3.43\pic18-lt\cxx-framework\src\traditional\proc\p18f4550.asm
                CMCONbits   0x000fb4       data     extern D:\3.43\pic18-lt\cxx-framework\src\traditional\proc\p18f4550.asm
                   CVRCON   0x000fb5       data     extern D:\3.43\pic18-lt\cxx-framework\src\traditional\proc\p18f4550.asm
               CVRCONbits   0x000fb5       data     extern D:\3.43\pic18-lt\cxx-framework\src\traditional\proc\p18f4550.asm
                  ECCP1AS   0x000fb6       data     extern D:\3.43\pic18-lt\cxx-framework\src\traditional\proc\p18f4550.asm
               CCP1ASbits   0x000fb6       data     extern D:\3.43\pic18-lt\cxx-framework\src\traditional\proc\p18f4550.asm
                   CCP1AS   0x000fb6       data     extern D:\3.43\pic18-lt\cxx-framework\src\traditional\proc\p18f4550.asm
              ECCP1ASbits   0x000fb6       data     extern D:\3.43\pic18-lt\cxx-framework\src\traditional\proc\p18f4550.asm
             ECCP1DELbits   0x000fb7       data     extern D:\3.43\pic18-lt\cxx-framework\src\traditional\proc\p18f4550.asm
                 ECCP1DEL   0x000fb7       data     extern D:\3.43\pic18-lt\cxx-framework\src\traditional\proc\p18f4550.asm
              CCP1DELbits   0x000fb7       data     extern D:\3.43\pic18-lt\cxx-framework\src\traditional\proc\p18f4550.asm
                  CCP1DEL   0x000fb7       data     extern D:\3.43\pic18-lt\cxx-framework\src\traditional\proc\p18f4550.asm
              BAUDCTLbits   0x000fb8       data     extern D:\3.43\pic18-lt\cxx-framework\src\traditional\proc\p18f4550.asm
                  BAUDCTL   0x000fb8       data     extern D:\3.43\pic18-lt\cxx-framework\src\traditional\proc\p18f4550.asm
              BAUDCONbits   0x000fb8       data     extern D:\3.43\pic18-lt\cxx-framework\src\traditional\proc\p18f4550.asm
                  BAUDCON   0x000fb8       data     extern D:\3.43\pic18-lt\cxx-framework\src\traditional\proc\p18f4550.asm
              CCP2CONbits   0x000fba       data     extern D:\3.43\pic18-lt\cxx-framework\src\traditional\proc\p18f4550.asm
                  CCP2CON   0x000fba       data     extern D:\3.43\pic18-lt\cxx-framework\src\traditional\proc\p18f4550.asm
                   CCPR2L   0x000fbb       data     extern D:\3.43\pic18-lt\cxx-framework\src\traditional\proc\p18f4550.asm
                    CCPR2   0x000fbb       data     extern D:\3.43\pic18-lt\cxx-framework\src\traditional\proc\p18f4550.asm
                   CCPR2H   0x000fbc       data     extern D:\3.43\pic18-lt\cxx-framework\src\traditional\proc\p18f4550.asm
             ECCP1CONbits   0x000fbd       data     extern D:\3.43\pic18-lt\cxx-framework\src\traditional\proc\p18f4550.asm
                 ECCP1CON   0x000fbd       data     extern D:\3.43\pic18-lt\cxx-framework\src\traditional\proc\p18f4550.asm
              CCP1CONbits   0x000fbd       data     extern D:\3.43\pic18-lt\cxx-framework\src\traditional\proc\p18f4550.asm
                  CCP1CON   0x000fbd       data     extern D:\3.43\pic18-lt\cxx-framework\src\traditional\proc\p18f4550.asm
                   CCPR1L   0x000fbe       data     extern D:\3.43\pic18-lt\cxx-framework\src\traditional\proc\p18f4550.asm
                    CCPR1   0x000fbe       data     extern D:\3.43\pic18-lt\cxx-framework\src\traditional\proc\p18f4550.asm
                   CCPR1H   0x000fbf       data     extern D:\3.43\pic18-lt\cxx-framework\src\traditional\proc\p18f4550.asm
               ADCON2bits   0x000fc0       data     extern D:\3.43\pic18-lt\cxx-framework\src\traditional\proc\p18f4550.asm
                   ADCON2   0x000fc0       data     extern D:\3.43\pic18-lt\cxx-framework\src\traditional\proc\p18f4550.asm
                   ADCON1   0x000fc1       data     extern D:\3.43\pic18-lt\cxx-framework\src\traditional\proc\p18f4550.asm
               ADCON1bits   0x000fc1       data     extern D:\3.43\pic18-lt\cxx-framework\src\traditional\proc\p18f4550.asm
                   ADCON0   0x000fc2       data     extern D:\3.43\pic18-lt\cxx-framework\src\traditional\proc\p18f4550.asm
               ADCON0bits   0x000fc2       data     extern D:\3.43\pic18-lt\cxx-framework\src\traditional\proc\p18f4550.asm
                    ADRES   0x000fc3       data     extern D:\3.43\pic18-lt\cxx-framework\src\traditional\proc\p18f4550.asm
                   ADRESL   0x000fc3       data     extern D:\3.43\pic18-lt\cxx-framework\src\traditional\proc\p18f4550.asm
                   ADRESH   0x000fc4       data     extern D:\3.43\pic18-lt\cxx-framework\src\traditional\proc\p18f4550.asm
                  SSPCON2   0x000fc5       data     extern D:\3.43\pic18-lt\cxx-framework\src\traditional\proc\p18f4550.asm
              SSPCON2bits   0x000fc5       data     extern D:\3.43\pic18-lt\cxx-framework\src\traditional\proc\p18f4550.asm
                  SSPCON1   0x000fc6       data     extern D:\3.43\pic18-lt\cxx-framework\src\traditional\proc\p18f4550.asm
              SSPCON1bits   0x000fc6       data     extern D:\3.43\pic18-lt\cxx-framework\src\traditional\proc\p18f4550.asm
                  SSPSTAT   0x000fc7       data     extern D:\3.43\pic18-lt\cxx-framework\src\traditional\proc\p18f4550.asm
              SSPSTATbits   0x000fc7       data     extern D:\3.43\pic18-lt\cxx-framework\src\traditional\proc\p18f4550.asm
                   SSPADD   0x000fc8       data     extern D:\3.43\pic18-lt\cxx-framework\src\traditional\proc\p18f4550.asm
                   SSPBUF   0x000fc9       data     extern D:\3.43\pic18-lt\cxx-framework\src\traditional\proc\p18f4550.asm
                T2CONbits   0x000fca       data     extern D:\3.43\pic18-lt\cxx-framework\src\traditional\proc\p18f4550.asm
                    T2CON   0x000fca       data     extern D:\3.43\pic18-lt\cxx-framework\src\traditional\proc\p18f4550.asm
                      PR2   0x000fcb       data     extern D:\3.43\pic18-lt\cxx-framework\src\traditional\proc\p18f4550.asm
                     TMR2   0x000fcc       data     extern D:\3.43\pic18-lt\cxx-framework\src\traditional\proc\p18f4550.asm
                T1CONbits   0x000fcd       data     extern D:\3.43\pic18-lt\cxx-framework\src\traditional\proc\p18f4550.asm
                    T1CON   0x000fcd       data     extern D:\3.43\pic18-lt\cxx-framework\src\traditional\proc\p18f4550.asm
                    TMR1L   0x000fce       data     extern D:\3.43\pic18-lt\cxx-framework\src\traditional\proc\p18f4550.asm
                    TMR1H   0x000fcf       data     extern D:\3.43\pic18-lt\cxx-framework\src\traditional\proc\p18f4550.asm
                 RCONbits   0x000fd0       data     extern D:\3.43\pic18-lt\cxx-framework\src\traditional\proc\p18f4550.asm
                     RCON   0x000fd0       data     extern D:\3.43\pic18-lt\cxx-framework\src\traditional\proc\p18f4550.asm
               WDTCONbits   0x000fd1       data     extern D:\3.43\pic18-lt\cxx-framework\src\traditional\proc\p18f4550.asm
                   WDTCON   0x000fd1       data     extern D:\3.43\pic18-lt\cxx-framework\src\traditional\proc\p18f4550.asm
               LVDCONbits   0x000fd2       data     extern D:\3.43\pic18-lt\cxx-framework\src\traditional\proc\p18f4550.asm
                   LVDCON   0x000fd2       data     extern D:\3.43\pic18-lt\cxx-framework\src\traditional\proc\p18f4550.asm
              HLVDCONbits   0x000fd2       data     extern D:\3.43\pic18-lt\cxx-framework\src\traditional\proc\p18f4550.asm
                  HLVDCON   0x000fd2       data     extern D:\3.43\pic18-lt\cxx-framework\src\traditional\proc\p18f4550.asm
               OSCCONbits   0x000fd3       data     extern D:\3.43\pic18-lt\cxx-framework\src\traditional\proc\p18f4550.asm
                   OSCCON   0x000fd3       data     extern D:\3.43\pic18-lt\cxx-framework\src\traditional\proc\p18f4550.asm
                    T0CON   0x000fd5       data     extern D:\3.43\pic18-lt\cxx-framework\src\traditional\proc\p18f4550.asm
                T0CONbits   0x000fd5       data     extern D:\3.43\pic18-lt\cxx-framework\src\traditional\proc\p18f4550.asm
                    TMR0L   0x000fd6       data     extern D:\3.43\pic18-lt\cxx-framework\src\traditional\proc\p18f4550.asm
                    TMR0H   0x000fd7       data     extern D:\3.43\pic18-lt\cxx-framework\src\traditional\proc\p18f4550.asm
               STATUSbits   0x000fd8       data     extern D:\3.43\pic18-lt\cxx-framework\src\traditional\proc\p18f4550.asm
                   STATUS   0x000fd8       data     extern D:\3.43\pic18-lt\cxx-framework\src\traditional\proc\p18f4550.asm
                    FSR2L   0x000fd9       data     extern D:\3.43\pic18-lt\cxx-framework\src\traditional\proc\p18f4550.asm
                     FSR2   0x000fd9       data     extern D:\3.43\pic18-lt\cxx-framework\src\traditional\proc\p18f4550.asm
                    FSR2H   0x000fda       data     extern D:\3.43\pic18-lt\cxx-framework\src\traditional\proc\p18f4550.asm
                   PLUSW2   0x000fdb       data     extern D:\3.43\pic18-lt\cxx-framework\src\traditional\proc\p18f4550.asm
                  PREINC2   0x000fdc       data     extern D:\3.43\pic18-lt\cxx-framework\src\traditional\proc\p18f4550.asm
                 POSTDEC2   0x000fdd       data     extern D:\3.43\pic18-lt\cxx-framework\src\traditional\proc\p18f4550.asm
                 POSTINC2   0x000fde       data     extern D:\3.43\pic18-lt\cxx-framework\src\traditional\proc\p18f4550.asm
                    INDF2   0x000fdf       data     extern D:\3.43\pic18-lt\cxx-framework\src\traditional\proc\p18f4550.asm
                      BSR   0x000fe0       data     extern D:\3.43\pic18-lt\cxx-framework\src\traditional\proc\p18f4550.asm
                     FSR1   0x000fe1       data     extern D:\3.43\pic18-lt\cxx-framework\src\traditional\proc\p18f4550.asm
                    FSR1L   0x000fe1       data     extern D:\3.43\pic18-lt\cxx-framework\src\traditional\proc\p18f4550.asm
                    FSR1H   0x000fe2       data     extern D:\3.43\pic18-lt\cxx-framework\src\traditional\proc\p18f4550.asm
                   PLUSW1   0x000fe3       data     extern D:\3.43\pic18-lt\cxx-framework\src\traditional\proc\p18f4550.asm
                  PREINC1   0x000fe4       data     extern D:\3.43\pic18-lt\cxx-framework\src\traditional\proc\p18f4550.asm
                 POSTDEC1   0x000fe5       data     extern D:\3.43\pic18-lt\cxx-framework\src\traditional\proc\p18f4550.asm
                 POSTINC1   0x000fe6       data     extern D:\3.43\pic18-lt\cxx-framework\src\traditional\proc\p18f4550.asm
                    INDF1   0x000fe7       data     extern D:\3.43\pic18-lt\cxx-framework\src\traditional\proc\p18f4550.asm
                     WREG   0x000fe8       data     extern D:\3.43\pic18-lt\cxx-framework\src\traditional\proc\p18f4550.asm
                     FSR0   0x000fe9       data     extern D:\3.43\pic18-lt\cxx-framework\src\traditional\proc\p18f4550.asm
                    FSR0L   0x000fe9       data     extern D:\3.43\pic18-lt\cxx-framework\src\traditional\proc\p18f4550.asm
                    FSR0H   0x000fea       data     extern D:\3.43\pic18-lt\cxx-framework\src\traditional\proc\p18f4550.asm
                   PLUSW0   0x000feb       data     extern D:\3.43\pic18-lt\cxx-framework\src\traditional\proc\p18f4550.asm
                  PREINC0   0x000fec       data     extern D:\3.43\pic18-lt\cxx-framework\src\traditional\proc\p18f4550.asm
                 POSTDEC0   0x000fed       data     extern D:\3.43\pic18-lt\cxx-framework\src\traditional\proc\p18f4550.asm
                 POSTINC0   0x000fee       data     extern D:\3.43\pic18-lt\cxx-framework\src\traditional\proc\p18f4550.asm
                    INDF0   0x000fef       data     extern D:\3.43\pic18-lt\cxx-framework\src\traditional\proc\p18f4550.asm
              INTCON3bits   0x000ff0       data     extern D:\3.43\pic18-lt\cxx-framework\src\traditional\proc\p18f4550.asm
                  INTCON3   0x000ff0       data     extern D:\3.43\pic18-lt\cxx-framework\src\traditional\proc\p18f4550.asm
              INTCON2bits   0x000ff1       data     extern D:\3.43\pic18-lt\cxx-framework\src\traditional\proc\p18f4550.asm
                  INTCON2   0x000ff1       data     extern D:\3.43\pic18-lt\cxx-framework\src\traditional\proc\p18f4550.asm
               INTCONbits   0x000ff2       data     extern D:\3.43\pic18-lt\cxx-framework\src\traditional\proc\p18f4550.asm
                   INTCON   0x000ff2       data     extern D:\3.43\pic18-lt\cxx-framework\src\traditional\proc\p18f4550.asm
                     PROD   0x000ff3       data     extern D:\3.43\pic18-lt\cxx-framework\src\traditional\proc\p18f4550.asm
                    PRODL   0x000ff3       data     extern D:\3.43\pic18-lt\cxx-framework\src\traditional\proc\p18f4550.asm
                    PRODH   0x000ff4       data     extern D:\3.43\pic18-lt\cxx-framework\src\traditional\proc\p18f4550.asm
                   TABLAT   0x000ff5       data     extern D:\3.43\pic18-lt\cxx-framework\src\traditional\proc\p18f4550.asm
                   TBLPTR   0x000ff6       data     extern D:\3.43\pic18-lt\cxx-framework\src\traditional\proc\p18f4550.asm
                  TBLPTRL   0x000ff6       data     extern D:\3.43\pic18-lt\cxx-framework\src\traditional\proc\p18f4550.asm
                  TBLPTRH   0x000ff7       data     extern D:\3.43\pic18-lt\cxx-framework\src\traditional\proc\p18f4550.asm
                  TBLPTRU   0x000ff8       data     extern D:\3.43\pic18-lt\cxx-framework\src\traditional\proc\p18f4550.asm
                      PCL   0x000ff9       data     extern D:\3.43\pic18-lt\cxx-framework\src\traditional\proc\p18f4550.asm
                       PC   0x000ff9       data     extern D:\3.43\pic18-lt\cxx-framework\src\traditional\proc\p18f4550.asm
                   PCLATH   0x000ffa       data     extern D:\3.43\pic18-lt\cxx-framework\src\traditional\proc\p18f4550.asm
                   PCLATU   0x000ffb       data     extern D:\3.43\pic18-lt\cxx-framework\src\traditional\proc\p18f4550.asm
                   STKPTR   0x000ffc       data     extern D:\3.43\pic18-lt\cxx-framework\src\traditional\proc\p18f4550.asm
               STKPTRbits   0x000ffc       data     extern D:\3.43\pic18-lt\cxx-framework\src\traditional\proc\p18f4550.asm
                      TOS   0x000ffd       data     extern D:\3.43\pic18-lt\cxx-framework\src\traditional\proc\p18f4550.asm
                     TOSL   0x000ffd       data     extern D:\3.43\pic18-lt\cxx-framework\src\traditional\proc\p18f4550.asm
                     TOSH   0x000ffe       data     extern D:\3.43\pic18-lt\cxx-framework\src\traditional\proc\p18f4550.asm
                     TOSU   0x000fff       data     extern D:\3.43\pic18-lt\cxx-framework\src\traditional\proc\p18f4550.asm


