MPLINK 4.44, Linker
Linker Map File - Created Mon Jul 21 17:02:03 2014

                                 Section Info
                  Section       Type    Address   Location Size(Bytes)
                ---------  ---------  ---------  ---------  ---------
               _entry_scn       code   0x000000    program   0x000006
           .code___init.o       code   0x000006    program   0x000002
    HIGH_INTERRUPT_VECTOR       code   0x000008    program   0x000006
     LOW_INTERRUPT_VECTOR       code   0x000018    program   0x000006
                   .cinit    romdata   0x00001e    program   0x000026
         .code_vfprintf.o       code   0x000044    program   0x000c22
             .code_TMTD.o       code   0x000c66    program   0x0002c4
.romdata_usb_descriptors.o    romdata   0x000f2a    program   0x0000c9
    REMAPPED_RESET_VECTOR       code   0x001000    program   0x000006
       .code__user_putc.o       code   0x001006    program   0x000002
REMAPPED_HIGH_INTERRUPT_VECTOR       code   0x001008    program   0x000006
REMAPPED_LOW_INTERRUPT_VECTOR       code   0x001018    program   0x000006
       .code_usb_device.o       code   0x00101e    program   0x0012f4
              .code_LCD.o       code   0x002312    program   0x0009ec
              .code_ADC.o       code   0x002cfe    program   0x00073c
             .code_main.o       code   0x00343a    program   0x0006ac
 .code_usb_function_cdc.o       code   0x003ae6    program   0x0004dc
                     PROG       code   0x003fc2    program   0x0003f6
          .code_sprintf.o       code   0x0043b8    program   0x0000ac
               _cinit_scn       code   0x004464    program   0x00009e
                   STRING       code   0x004502    program   0x00009a
          .romdata_TMTD.o    romdata   0x00459c    program   0x000090
             .code_putc.o       code   0x00462c    program   0x000084
          .code_fxm3232.o       code   0x0046b0    program   0x000070
         .code_fxd3232u.o       code   0x004720    program   0x000048
             D10KTCYXCODE       code   0x004768    program   0x00002e
             .stringtable    romdata   0x004796    program   0x00002b
        .idata___init.o_i    romdata   0x0047c1    program   0x000000
        .romdata___init.o    romdata   0x0047c1    program   0x000000
       .idata_sprintf.o_i    romdata   0x0047c1    program   0x000000
       .romdata_sprintf.o    romdata   0x0047c1    program   0x000000
          .romdata_main.o    romdata   0x0047c1    program   0x000000
      .idata_vfprintf.o_i    romdata   0x0047c1    program   0x000000
      .idata_fxd3232u.o_i    romdata   0x0047c1    program   0x000000
      .romdata_fxd3232u.o    romdata   0x0047c1    program   0x000000
       .idata_fxm3232.o_i    romdata   0x0047c1    program   0x000000
       .romdata_fxm3232.o    romdata   0x0047c1    program   0x000000
          .idata_putc.o_i    romdata   0x0047c1    program   0x000000
          .romdata_putc.o    romdata   0x0047c1    program   0x000000
    .idata__user_putc.o_i    romdata   0x0047c1    program   0x000000
    .romdata__user_putc.o    romdata   0x0047c1    program   0x000000
         .romdata_c018i.o    romdata   0x0047c1    program   0x000000
         .idata_c018i.o_i    romdata   0x0047c1    program   0x000000
    .idata_usb_device.o_i    romdata   0x0047c1    program   0x000000
.idata_usb_function_cdc.o_i    romdata   0x0047c1    program   0x000000
    .romdata_usb_device.o    romdata   0x0047c1    program   0x000000
           .romdata_ADC.o    romdata   0x0047c1    program   0x000000
.romdata_usb_function_cdc.o    romdata   0x0047c1    program   0x000000
.idata_usb_descriptors.o_i    romdata   0x0047c1    program   0x000000
           .romdata_LCD.o    romdata   0x0047c1    program   0x000000
           .idata_LCD.o_i    romdata   0x0047c1    program   0x000000
                    CTYPE       code   0x0047c2    program   0x000024
            .code_c018i.o       code   0x0047c2    program   0x000000
  .code_usb_descriptors.o       code   0x0047c2    program   0x000000
              D1KTCYXCODE       code   0x0047e6    program   0x000020
                    .code       code   0x004806    program   0x000020
             _startup_scn       code   0x004826    program   0x00001c
                    STDIO       code   0x004842    program   0x00001c
             D100TCYXCODE       code   0x00485e    program   0x00001c
      .romdata_vfprintf.o    romdata   0x00487a    program   0x000011
          .idata_main.o_i    romdata   0x00488b    program   0x0000d5
          .idata_TMTD.o_i    romdata   0x004960    program   0x0000c8
           .idata_ADC.o_i    romdata   0x004a28    program   0x0000c8
    .config_300000_main.o    romdata   0x300000    program   0x000001
    .config_300001_main.o    romdata   0x300001    program   0x000001
    .config_300002_main.o    romdata   0x300002    program   0x000001
    .config_300003_main.o    romdata   0x300003    program   0x000001
    .config_300005_main.o    romdata   0x300005    program   0x000001
    .config_300006_main.o    romdata   0x300006    program   0x000001
    .config_300008_main.o    romdata   0x300008    program   0x000001
    .config_300009_main.o    romdata   0x300009    program   0x000001
    .config_30000a_main.o    romdata   0x30000a    program   0x000001
    .config_30000b_main.o    romdata   0x30000b    program   0x000001
    .config_30000c_main.o    romdata   0x30000c    program   0x000001
    .config_30000d_main.o    romdata   0x30000d    program   0x000001
                MATH_DATA      udata   0x000000       data   0x000014
                 .tmpdata      udata   0x000014       data   0x00000e
YourHighPriorityISRCode_tmp      udata   0x000022       data   0x000002
                DELAYDAT2      udata   0x000024       data   0x000001
                DELAYDAT1      udata   0x000025       data   0x000001
            .udata_main.o      udata   0x000060       data   0x000097
            .idata_main.o      idata   0x000100       data   0x0000d5
.udata_usb_function_cdc.o      udata   0x0001d5       data   0x000019
            .udata_TMTD.o      udata   0x0001ee       data   0x000012
            .idata_TMTD.o      idata   0x000200       data   0x0000c8
      .udata_usb_device.o      udata   0x0002c8       data   0x000034
      .idata__user_putc.o      idata   0x0002fc       data   0x000000
      .udata__user_putc.o      udata   0x0002fc       data   0x000000
            .idata_putc.o      idata   0x0002fc       data   0x000000
            .udata_putc.o      udata   0x0002fc       data   0x000000
         .idata_fxm3232.o      idata   0x0002fc       data   0x000000
         .udata_fxm3232.o      udata   0x0002fc       data   0x000000
        .idata_fxd3232u.o      idata   0x0002fc       data   0x000000
        .udata_fxd3232u.o      udata   0x0002fc       data   0x000000
        .idata_vfprintf.o      idata   0x0002fc       data   0x000000
        .udata_vfprintf.o      udata   0x0002fc       data   0x000000
         .idata_sprintf.o      idata   0x0002fc       data   0x000000
         .udata_sprintf.o      udata   0x0002fc       data   0x000000
          .idata___init.o      idata   0x0002fc       data   0x000000
          .udata___init.o      udata   0x0002fc       data   0x000000
           .idata_c018i.o      idata   0x0002fc       data   0x000000
 .udata_usb_descriptors.o      udata   0x0002fc       data   0x000000
             .idata_LCD.o      idata   0x0002fc       data   0x000000
             .udata_LCD.o      udata   0x0002fc       data   0x000000
      .idata_usb_device.o      idata   0x0002fc       data   0x000000
.idata_usb_function_cdc.o      idata   0x0002fc       data   0x000000
 .idata_usb_descriptors.o      idata   0x0002fc       data   0x000000
                   .stack      udata   0x000300       data   0x000100
                  USB_BDT      udata   0x000400       data   0x000040
            USB_VARIABLES      udata   0x000500       data   0x00008f
           .udata_c018i.o      udata   0x00058f       data   0x00000a
             .idata_ADC.o      idata   0x000600       data   0x0000c8
             .udata_ADC.o      udata   0x0006c8       data   0x000030
            SFR_UNBANKED0      udata   0x000f62       data   0x00009e



                              Program Memory Usage 
                               Start         End      
                           ---------   ---------      
                            0x000000    0x00000d      
                            0x000018    0x000ff2      
                            0x001000    0x00100d      
                            0x001018    0x0047c0      
                            0x0047c2    0x004aef      
                            0x300000    0x300003      
                            0x300005    0x300006      
                            0x300008    0x30000d      
            19162 out of 33048 program addresses used, program memory utilization is 57%



                              Symbols - Sorted by Name
                     Name    Address   Location    Storage File                     
                ---------  ---------  ---------  --------- ---------                
           BlinkUSBStatus   0x003966    program     extern C:\Users\Sony User\Desktop\TMTD\Firmware\main.c
                CDCInitEP   0x003b88    program     extern C:\Users\Sony User\Desktop\TMTD\include\usb_function_cdc.c
             CDCTxService   0x003e76    program     extern C:\Users\Sony User\Desktop\TMTD\include\usb_function_cdc.c
         CalculateCurrent   0x0031c6    program     extern C:\Users\Sony User\Desktop\TMTD\Firmware\ADC.c
             CheckMGState   0x000e8e    program     extern C:\Users\Sony User\Desktop\TMTD\Firmware\TMTD.c
             CheckVersion   0x003854    program     extern C:\Users\Sony User\Desktop\TMTD\Firmware\main.c
             ClearDisplay   0x00259e    program     extern C:\Users\Sony User\Desktop\TMTD\Firmware\LCD.c
     ConvertCurrentString   0x0032d2    program     extern C:\Users\Sony User\Desktop\TMTD\Firmware\ADC.c
                   D100_1   0x00486c    program     static D:\3.43\pic18-lt\cxx-framework\src\traditional\delays\d100tcyx.asm
                    D100x   0x00486a    program     static D:\3.43\pic18-lt\cxx-framework\src\traditional\delays\d100tcyx.asm
                   D10K_1   0x004774    program     static D:\3.43\pic18-lt\cxx-framework\src\traditional\delays\d10ktcyx.asm
                    D10Kl   0x004780    program     static D:\3.43\pic18-lt\cxx-framework\src\traditional\delays\d10ktcyx.asm
                    D10Kx   0x004772    program     static D:\3.43\pic18-lt\cxx-framework\src\traditional\delays\d10ktcyx.asm
                    D1K_1   0x0047f2    program     static D:\3.43\pic18-lt\cxx-framework\src\traditional\delays\d1ktcyx.asm
                     D1Kx   0x0047f0    program     static D:\3.43\pic18-lt\cxx-framework\src\traditional\delays\d1ktcyx.asm
                   DCMode   0x004602    program     static C:\Users\Sony User\Desktop\TMTD\Firmware\TMTD.c
                  DCModeS   0x004623    program     static C:\Users\Sony User\Desktop\TMTD\Firmware\TMTD.c
             Delay100TCYx   0x00485e    program     extern D:\3.43\pic18-lt\cxx-framework\src\traditional\delays\d100tcyx.asm
             Delay10KTCYx   0x004768    program     extern D:\3.43\pic18-lt\cxx-framework\src\traditional\delays\d10ktcyx.asm
              Delay1KTCYx   0x0047e6    program     extern D:\3.43\pic18-lt\cxx-framework\src\traditional\delays\d1ktcyx.asm
              EnablePulse   0x002312    program     extern C:\Users\Sony User\Desktop\TMTD\Firmware\LCD.c
                 FLO1632S   0x003fc6    program     extern D:\3.43\pic18-lt\cxx-framework\src\traditional\math\cast16FP.asm
                 FLO1632U   0x003fc2    program     extern D:\3.43\pic18-lt\cxx-framework\src\traditional\math\cast16FP.asm
                    FPA32   0x0040c8    program     extern D:\3.43\pic18-lt\cxx-framework\src\traditional\math\addFP.asm
                    FPM32   0x003fec    program     extern D:\3.43\pic18-lt\cxx-framework\src\traditional\math\mulFP.asm
                    FPS32   0x0040c6    program     extern D:\3.43\pic18-lt\cxx-framework\src\traditional\math\addFP.asm
                 FXD3232U   0x004720    program     extern D:\3.43\pic18-lt\cxx-framework\src\traditional\math\fxd3232u.c
                 FXM1616S   0x0041f4    program     extern D:\3.43\pic18-lt\cxx-framework\src\traditional\math\fxm1616s.asm
                  FXM3232   0x0046b0    program     extern D:\3.43\pic18-lt\cxx-framework\src\traditional\math\fxm3232.c
                     High   0x0045c6    program     static C:\Users\Sony User\Desktop\TMTD\Firmware\TMTD.c
                 High_ISR   0x000008    program     extern C:\Users\Sony User\Desktop\TMTD\Firmware\main.c
                  INT3216   0x00424e    program     extern D:\3.43\pic18-lt\cxx-framework\src\traditional\math\castFP16.asm
         InitializeSystem   0x0037e0    program     static C:\Users\Sony User\Desktop\TMTD\Firmware\main.c
            LCDput_ROMstr   0x0026d8    program     extern C:\Users\Sony User\Desktop\TMTD\Firmware\LCD.c
                LCDput_ch   0x0024a8    program     extern C:\Users\Sony User\Desktop\TMTD\Firmware\LCD.c
               LCDput_str   0x0024c6    program     extern C:\Users\Sony User\Desktop\TMTD\Firmware\LCD.c
            LCDscroll_str   0x0027b8    program     extern C:\Users\Sony User\Desktop\TMTD\Firmware\LCD.c
                      Low   0x0045cf    program     static C:\Users\Sony User\Desktop\TMTD\Firmware\TMTD.c
                  Low_ISR   0x000018    program     extern C:\Users\Sony User\Desktop\TMTD\Firmware\main.c
                MovieGate   0x00459c    program     static C:\Users\Sony User\Desktop\TMTD\Firmware\TMTD.c
               MovieGateS   0x0045bd    program     static C:\Users\Sony User\Desktop\TMTD\Firmware\TMTD.c
                ProcessIO   0x00386a    program     extern C:\Users\Sony User\Desktop\TMTD\Firmware\main.c
                PulseMode   0x0045d8    program     static C:\Users\Sony User\Desktop\TMTD\Firmware\TMTD.c
               PulseModeS   0x0045f9    program     static C:\Users\Sony User\Desktop\TMTD\Firmware\TMTD.c
        Remapped_High_ISR   0x001008    program     extern C:\Users\Sony User\Desktop\TMTD\Firmware\main.c
         Remapped_Low_ISR   0x001018    program     extern C:\Users\Sony User\Desktop\TMTD\Firmware\main.c
                SampleAD1   0x0030d6    program     extern C:\Users\Sony User\Desktop\TMTD\Firmware\ADC.c
        SampleFrequencyAD   0x002cfe    program     extern C:\Users\Sony User\Desktop\TMTD\Firmware\ADC.c
                SetDCMode   0x000da2    program     extern C:\Users\Sony User\Desktop\TMTD\Firmware\TMTD.c
             SetFrequency   0x002e1e    program     extern C:\Users\Sony User\Desktop\TMTD\Firmware\ADC.c
                SetMGMode   0x000caa    program     extern C:\Users\Sony User\Desktop\TMTD\Firmware\TMTD.c
             SetPulseMode   0x000e3c    program     extern C:\Users\Sony User\Desktop\TMTD\Firmware\TMTD.c
               TSIGN1616A   0x004240    program     static D:\3.43\pic18-lt\cxx-framework\src\traditional\math\fxm1616s.asm
       USBCBCheckOtherReq   0x0039fa    program     extern C:\Users\Sony User\Desktop\TMTD\Firmware\main.c
        USBCBErrorHandler   0x0039f8    program     extern C:\Users\Sony User\Desktop\TMTD\Firmware\main.c
              USBCBInitEP   0x003a00    program     extern C:\Users\Sony User\Desktop\TMTD\Firmware\main.c
          USBCBSendResume   0x003a04    program     extern C:\Users\Sony User\Desktop\TMTD\Firmware\main.c
    USBCBStdSetDscHandler   0x0039fe    program     extern C:\Users\Sony User\Desktop\TMTD\Firmware\main.c
             USBCBSuspend   0x0039f2    program     extern C:\Users\Sony User\Desktop\TMTD\Firmware\main.c
     USBCBWakeFromSuspend   0x0039f4    program     extern C:\Users\Sony User\Desktop\TMTD\Firmware\main.c
        USBCB_SOF_Handler   0x0039f6    program     extern C:\Users\Sony User\Desktop\TMTD\Firmware\main.c
       USBCDCEventHandler   0x003bf0    program     extern C:\Users\Sony User\Desktop\TMTD\include\usb_function_cdc.c
              USBCancelIO   0x002262    program     extern C:\Users\Sony User\Desktop\TMTD\include\usb_device.c
       USBCheckCDCRequest   0x003ae6    program     extern C:\Users\Sony User\Desktop\TMTD\include\usb_function_cdc.c
       USBCheckStdRequest   0x001588    program     static C:\Users\Sony User\Desktop\TMTD\include\usb_device.c
     USBConfigureEndpoint   0x001f54    program     static C:\Users\Sony User\Desktop\TMTD\include\usb_device.c
  USBCtrlEPAllowDataStage   0x001982    program     extern C:\Users\Sony User\Desktop\TMTD\include\usb_device.c
USBCtrlEPAllowStatusStage   0x0018e0    program     extern C:\Users\Sony User\Desktop\TMTD\include\usb_device.c
         USBCtrlEPService   0x00135a    program     static C:\Users\Sony User\Desktop\TMTD\include\usb_device.c
 USBCtrlEPServiceComplete   0x001b92    program     static C:\Users\Sony User\Desktop\TMTD\include\usb_device.c
      USBCtrlTrfInHandler   0x0014d4    program     static C:\Users\Sony User\Desktop\TMTD\include\usb_device.c
     USBCtrlTrfOutHandler   0x001488    program     static C:\Users\Sony User\Desktop\TMTD\include\usb_device.c
      USBCtrlTrfRxService   0x001d18    program     static C:\Users\Sony User\Desktop\TMTD\include\usb_device.c
   USBCtrlTrfSetupHandler   0x00142a    program     static C:\Users\Sony User\Desktop\TMTD\include\usb_device.c
      USBCtrlTrfTxService   0x001c54    program     static C:\Users\Sony User\Desktop\TMTD\include\usb_device.c
            USBDeviceInit   0x00101e    program     extern C:\Users\Sony User\Desktop\TMTD\include\usb_device.c
           USBDeviceTasks   0x001136    program     extern C:\Users\Sony User\Desktop\TMTD\include\usb_device.c
        USBEnableEndpoint   0x00200e    program     extern C:\Users\Sony User\Desktop\TMTD\include\usb_device.c
         USBStallEndpoint   0x00207c    program     extern C:\Users\Sony User\Desktop\TMTD\include\usb_device.c
          USBStallHandler   0x0012d0    program     static C:\Users\Sony User\Desktop\TMTD\include\usb_device.c
  USBStdFeatureReqHandler   0x001652    program     static C:\Users\Sony User\Desktop\TMTD\include\usb_device.c
      USBStdGetDscHandler   0x001a02    program     static C:\Users\Sony User\Desktop\TMTD\include\usb_device.c
   USBStdGetStatusHandler   0x001ac2    program     static C:\Users\Sony User\Desktop\TMTD\include\usb_device.c
      USBStdSetCfgHandler   0x001e58    program     static C:\Users\Sony User\Desktop\TMTD\include\usb_device.c
               USBSuspend   0x001302    program     static C:\Users\Sony User\Desktop\TMTD\include\usb_device.c
     USBTransferOnePacket   0x00215c    program     extern C:\Users\Sony User\Desktop\TMTD\include\usb_device.c
       USBWakeFromSuspend   0x00132c    program     static C:\Users\Sony User\Desktop\TMTD\include\usb_device.c
               USB_CD_Ptr   0x000feb    program     extern C:\Users\Sony User\Desktop\TMTD\Firmware\usb_descriptors.c
               USB_SD_Ptr   0x000fed    program     extern C:\Users\Sony User\Desktop\TMTD\Firmware\usb_descriptors.c
USER_USB_CALLBACK_EVENT_HANDLER   0x003a48    program     extern C:\Users\Sony User\Desktop\TMTD\Firmware\main.c
                 UserInit   0x0037ea    program     extern C:\Users\Sony User\Desktop\TMTD\Firmware\main.c
                 WriteLCD   0x002424    program     extern C:\Users\Sony User\Desktop\TMTD\Firmware\LCD.c
  YourHighPriorityISRCode   0x00343a    program     extern C:\Users\Sony User\Desktop\TMTD\Firmware\main.c
   YourLowPriorityISRCode   0x00357c    program     extern C:\Users\Sony User\Desktop\TMTD\Firmware\main.c
              _2jContinue   0x004522    program     static D:\3.43\pic18-lt\cxx-framework\src\traditional\stdclib\memset.asm
                   _2jEnd   0x004586    program     static D:\3.43\pic18-lt\cxx-framework\src\traditional\stdclib\slenpgm.asm
                   _3jEnd   0x00452c    program     static D:\3.43\pic18-lt\cxx-framework\src\traditional\stdclib\memset.asm
       _D100TCYXCODE_0008   0x004866    program     static D:\3.43\pic18-lt\cxx-framework\src\traditional\delays\d100tcyx.asm
       _D100TCYXCODE_0012   0x004870    program     static D:\3.43\pic18-lt\cxx-framework\src\traditional\delays\d100tcyx.asm
       _D100TCYXCODE_0018   0x004876    program     static D:\3.43\pic18-lt\cxx-framework\src\traditional\delays\d100tcyx.asm
       _D10KTCYXCODE_0010   0x004778    program     static D:\3.43\pic18-lt\cxx-framework\src\traditional\delays\d10ktcyx.asm
       _D10KTCYXCODE_001C   0x004784    program     static D:\3.43\pic18-lt\cxx-framework\src\traditional\delays\d10ktcyx.asm
        _D1KTCYXCODE_0010   0x0047f6    program     static D:\3.43\pic18-lt\cxx-framework\src\traditional\delays\d1ktcyx.asm
        _D1KTCYXCODE_0016   0x0047fc    program     static D:\3.43\pic18-lt\cxx-framework\src\traditional\delays\d1ktcyx.asm
                 __FpExit   0x0042b8    program     extern D:\3.43\pic18-lt\cxx-framework\src\traditional\math\packFP.asm
                 __FpPack   0x0042e4    program     extern D:\3.43\pic18-lt\cxx-framework\src\traditional\math\packFP.asm
            __FpReturnNaN   0x0042ac    program     extern D:\3.43\pic18-lt\cxx-framework\src\traditional\math\packFP.asm
         __FpReturnNegInf   0x0042be    program     extern D:\3.43\pic18-lt\cxx-framework\src\traditional\math\packFP.asm
        __FpReturnNegZero   0x0042d6    program     extern D:\3.43\pic18-lt\cxx-framework\src\traditional\math\packFP.asm
         __FpReturnPosInf   0x0042c4    program     extern D:\3.43\pic18-lt\cxx-framework\src\traditional\math\packFP.asm
        __FpReturnPosZero   0x0042de    program     extern D:\3.43\pic18-lt\cxx-framework\src\traditional\math\packFP.asm
        __FpReturnSignInf   0x0042ba    program     extern D:\3.43\pic18-lt\cxx-framework\src\traditional\math\packFP.asm
       __FpReturnSignZero   0x0042d2    program     extern D:\3.43\pic18-lt\cxx-framework\src\traditional\math\packFP.asm
              __FpReturnW   0x00433c    program     extern D:\3.43\pic18-lt\cxx-framework\src\traditional\math\packFP.asm
              __FpUnPackA   0x00435c    program     extern D:\3.43\pic18-lt\cxx-framework\src\traditional\math\UnpackFP.asm
              __FpUnPackB   0x00438c    program     extern D:\3.43\pic18-lt\cxx-framework\src\traditional\math\UnpackFP.asm
       ___return_lbl00000   0x001004    program     static                          
       ___return_lbl00000   0x004766    program     static                          
       ___return_lbl00000   0x000004    program     static                          
       ___return_lbl00000   0x00471e    program     static                          
       ___return_lbl00001   0x004840    program     static                          
       ___return_lbl00001   0x00100c    program     static                          
       ___return_lbl00002   0x00101c    program     static                          
       ___return_lbl00002   0x004500    program     static                          
       ___return_lbl00003   0x00000c    program     static                          
       ___return_lbl00004   0x00001c    program     static                          
               __config_0   0x300000    program     static C:\Users\Sony User\Desktop\TMTD\Firmware\main.c
               __config_1   0x300001    program     static C:\Users\Sony User\Desktop\TMTD\Firmware\main.c
              __config_10   0x30000c    program     static C:\Users\Sony User\Desktop\TMTD\Firmware\main.c
              __config_11   0x30000d    program     static C:\Users\Sony User\Desktop\TMTD\Firmware\main.c
               __config_2   0x300002    program     static C:\Users\Sony User\Desktop\TMTD\Firmware\main.c
               __config_3   0x300003    program     static C:\Users\Sony User\Desktop\TMTD\Firmware\main.c
               __config_4   0x300005    program     static C:\Users\Sony User\Desktop\TMTD\Firmware\main.c
               __config_5   0x300006    program     static C:\Users\Sony User\Desktop\TMTD\Firmware\main.c
               __config_6   0x300008    program     static C:\Users\Sony User\Desktop\TMTD\Firmware\main.c
               __config_7   0x300009    program     static C:\Users\Sony User\Desktop\TMTD\Firmware\main.c
               __config_8   0x30000a    program     static C:\Users\Sony User\Desktop\TMTD\Firmware\main.c
               __config_9   0x30000b    program     static C:\Users\Sony User\Desktop\TMTD\Firmware\main.c
                   __init   0x000006    program     extern D:\3.43\pic18-lt\cxx-framework\src\traditional\stdclib\__init.c
                   __pa_0   0x000984    program     static D:\3.43\pic18-lt\cxx-framework\src\traditional\stdclib\vfprintf.c
                   __pa_1   0x00098c    program     static D:\3.43\pic18-lt\cxx-framework\src\traditional\stdclib\vfprintf.c
                  __pa_10   0x000a40    program     static D:\3.43\pic18-lt\cxx-framework\src\traditional\stdclib\vfprintf.c
                  __pa_11   0x000a4e    program     static D:\3.43\pic18-lt\cxx-framework\src\traditional\stdclib\vfprintf.c
                  __pa_12   0x000a64    program     static D:\3.43\pic18-lt\cxx-framework\src\traditional\stdclib\vfprintf.c
                  __pa_13   0x000a7e    program     static D:\3.43\pic18-lt\cxx-framework\src\traditional\stdclib\vfprintf.c
                  __pa_14   0x000a96    program     static D:\3.43\pic18-lt\cxx-framework\src\traditional\stdclib\vfprintf.c
                  __pa_15   0x000aa6    program     static D:\3.43\pic18-lt\cxx-framework\src\traditional\stdclib\vfprintf.c
                  __pa_16   0x000abc    program     static D:\3.43\pic18-lt\cxx-framework\src\traditional\stdclib\vfprintf.c
                  __pa_17   0x000ace    program     static D:\3.43\pic18-lt\cxx-framework\src\traditional\stdclib\vfprintf.c
                  __pa_18   0x000ae0    program     static D:\3.43\pic18-lt\cxx-framework\src\traditional\stdclib\vfprintf.c
                  __pa_19   0x000aea    program     static D:\3.43\pic18-lt\cxx-framework\src\traditional\stdclib\vfprintf.c
                   __pa_2   0x000996    program     static D:\3.43\pic18-lt\cxx-framework\src\traditional\stdclib\vfprintf.c
                  __pa_20   0x000afa    program     static D:\3.43\pic18-lt\cxx-framework\src\traditional\stdclib\vfprintf.c
                  __pa_21   0x000b0a    program     static D:\3.43\pic18-lt\cxx-framework\src\traditional\stdclib\vfprintf.c
                  __pa_22   0x000b1a    program     static D:\3.43\pic18-lt\cxx-framework\src\traditional\stdclib\vfprintf.c
                  __pa_23   0x000b26    program     static D:\3.43\pic18-lt\cxx-framework\src\traditional\stdclib\vfprintf.c
                  __pa_24   0x000b34    program     static D:\3.43\pic18-lt\cxx-framework\src\traditional\stdclib\vfprintf.c
                  __pa_25   0x000b3c    program     static D:\3.43\pic18-lt\cxx-framework\src\traditional\stdclib\vfprintf.c
                  __pa_26   0x000b46    program     static D:\3.43\pic18-lt\cxx-framework\src\traditional\stdclib\vfprintf.c
                  __pa_27   0x000b50    program     static D:\3.43\pic18-lt\cxx-framework\src\traditional\stdclib\vfprintf.c
                  __pa_28   0x000b58    program     static D:\3.43\pic18-lt\cxx-framework\src\traditional\stdclib\vfprintf.c
                  __pa_29   0x000b66    program     static D:\3.43\pic18-lt\cxx-framework\src\traditional\stdclib\vfprintf.c
                   __pa_3   0x0009a0    program     static D:\3.43\pic18-lt\cxx-framework\src\traditional\stdclib\vfprintf.c
                  __pa_30   0x000b82    program     static D:\3.43\pic18-lt\cxx-framework\src\traditional\stdclib\vfprintf.c
                  __pa_31   0x000b9c    program     static D:\3.43\pic18-lt\cxx-framework\src\traditional\stdclib\vfprintf.c
                  __pa_32   0x000bb6    program     static D:\3.43\pic18-lt\cxx-framework\src\traditional\stdclib\vfprintf.c
                  __pa_33   0x000bce    program     static D:\3.43\pic18-lt\cxx-framework\src\traditional\stdclib\vfprintf.c
                  __pa_34   0x000bd8    program     static D:\3.43\pic18-lt\cxx-framework\src\traditional\stdclib\vfprintf.c
                  __pa_35   0x000be6    program     static D:\3.43\pic18-lt\cxx-framework\src\traditional\stdclib\vfprintf.c
                  __pa_36   0x000bee    program     static D:\3.43\pic18-lt\cxx-framework\src\traditional\stdclib\vfprintf.c
                  __pa_37   0x000bf8    program     static D:\3.43\pic18-lt\cxx-framework\src\traditional\stdclib\vfprintf.c
                  __pa_38   0x000c08    program     static D:\3.43\pic18-lt\cxx-framework\src\traditional\stdclib\vfprintf.c
                  __pa_39   0x000c16    program     static D:\3.43\pic18-lt\cxx-framework\src\traditional\stdclib\vfprintf.c
                   __pa_4   0x0009b8    program     static D:\3.43\pic18-lt\cxx-framework\src\traditional\stdclib\vfprintf.c
                  __pa_40   0x000c22    program     static D:\3.43\pic18-lt\cxx-framework\src\traditional\stdclib\vfprintf.c
                  __pa_41   0x000c2e    program     static D:\3.43\pic18-lt\cxx-framework\src\traditional\stdclib\vfprintf.c
                  __pa_42   0x000c36    program     static D:\3.43\pic18-lt\cxx-framework\src\traditional\stdclib\vfprintf.c
                  __pa_43   0x000c40    program     static D:\3.43\pic18-lt\cxx-framework\src\traditional\stdclib\vfprintf.c
                  __pa_44   0x000c46    program     static D:\3.43\pic18-lt\cxx-framework\src\traditional\stdclib\vfprintf.c
                  __pa_45   0x000c50    program     static D:\3.43\pic18-lt\cxx-framework\src\traditional\stdclib\vfprintf.c
                  __pa_46   0x000c5c    program     static D:\3.43\pic18-lt\cxx-framework\src\traditional\stdclib\vfprintf.c
                   __pa_5   0x0009cc    program     static D:\3.43\pic18-lt\cxx-framework\src\traditional\stdclib\vfprintf.c
                   __pa_6   0x0009e8    program     static D:\3.43\pic18-lt\cxx-framework\src\traditional\stdclib\vfprintf.c
                   __pa_7   0x0009f2    program     static D:\3.43\pic18-lt\cxx-framework\src\traditional\stdclib\vfprintf.c
                   __pa_8   0x0009fe    program     static D:\3.43\pic18-lt\cxx-framework\src\traditional\stdclib\vfprintf.c
                   __pa_9   0x000a20    program     static D:\3.43\pic18-lt\cxx-framework\src\traditional\stdclib\vfprintf.c
               __string_0   0x0047ba    program     static C:\Users\Sony User\Desktop\TMTD\Firmware\ADC.c
               __string_1   0x0047a7    program     static C:\Users\Sony User\Desktop\TMTD\Firmware\ADC.c
               __string_2   0x004796    program     static C:\Users\Sony User\Desktop\TMTD\Firmware\ADC.c
              __tmplbl_42   0x000b1a    program     static                          
              __tmplbl_43   0x000962    program     static                          
              __tmplbl_44   0x000948    program     static                          
              __tmplbl_85   0x00009a    program     static                          
            __zero_memory   0x004806    program     extern D:\3.43\pic18-lt\cxx-framework\src\traditional\proc\p18f4550.asm
                _do_cinit   0x004464    program     extern D:\3.43\pic18-lt\cxx-framework\src\traditional\startup\c018i.c
                   _entry   0x000000    program     extern D:\3.43\pic18-lt\cxx-framework\src\traditional\startup\c018i.c
                   _false   0x004762    program     static                          
                   _reset   0x001000    program     extern C:\Users\Sony User\Desktop\TMTD\Firmware\main.c
                 _startup   0x004826    program     extern D:\3.43\pic18-lt\cxx-framework\src\traditional\startup\c018i.c
              _usart_putc   0x004842    program     extern D:\3.43\pic18-lt\cxx-framework\src\pmc_common\USART\_usartpc.asm
               _user_putc   0x001006    program     extern D:\3.43\pic18-lt\cxx-framework\src\traditional\stdclib\_user_putc.c
                compare_l   0x00481c    program     static D:\3.43\pic18-lt\cxx-framework\src\traditional\proc\p18f4550.asm
        configDescriptor1   0x000f3c    program     extern C:\Users\Sony User\Desktop\TMTD\Firmware\usb_descriptors.c
                copy_loop   0x0044d6    program     static                          
            copy_one_byte   0x0044dc    program     static                          
               device_dsc   0x000f2a    program     extern C:\Users\Sony User\Desktop\TMTD\Firmware\usb_descriptors.c
                     done   0x004500    program     static                          
             done_copying   0x0044ea    program     static                          
             getsUSBUSART   0x003c7c    program     extern C:\Users\Sony User\Desktop\TMTD\include\usb_function_cdc.c
                  initLCD   0x002322    program     extern C:\Users\Sony User\Desktop\TMTD\Firmware\LCD.c
         initTMTDCommands   0x000c66    program     extern C:\Users\Sony User\Desktop\TMTD\Firmware\TMTD.c
                  isdigit   0x0047c2    program     extern D:\3.43\pic18-lt\cxx-framework\src\traditional\stdclib\isdigit.asm
                 jANotInf   0x00400a    program     static D:\3.43\pic18-lt\cxx-framework\src\traditional\math\mulFP.asm
                 jANotInf   0x0040f0    program     static D:\3.43\pic18-lt\cxx-framework\src\traditional\math\addFP.asm
                 jANotNeg   0x004184    program     static D:\3.43\pic18-lt\cxx-framework\src\traditional\math\addFP.asm
              jAandWsetup   0x004154    program     static D:\3.43\pic18-lt\cxx-framework\src\traditional\math\addFP.asm
                 jAltBexp   0x004142    program     static D:\3.43\pic18-lt\cxx-framework\src\traditional\math\addFP.asm
                jBANotInf   0x0040e6    program     static D:\3.43\pic18-lt\cxx-framework\src\traditional\math\addFP.asm
                 jBNotInf   0x0040fe    program     static D:\3.43\pic18-lt\cxx-framework\src\traditional\math\addFP.asm
              jBothFinite   0x004018    program     static D:\3.43\pic18-lt\cxx-framework\src\traditional\math\mulFP.asm
             jBothNotZero   0x004024    program     static D:\3.43\pic18-lt\cxx-framework\src\traditional\math\mulFP.asm
            jDifOrPosSign   0x004112    program     static D:\3.43\pic18-lt\cxx-framework\src\traditional\math\addFP.asm
                     jEnd   0x004550    program     static D:\3.43\pic18-lt\cxx-framework\src\traditional\stdclib\strlen.asm
                     jEnd   0x004588    program     static D:\3.43\pic18-lt\cxx-framework\src\traditional\stdclib\slenpgm.asm
                     jEnd   0x004534    program     static D:\3.43\pic18-lt\cxx-framework\src\traditional\stdclib\memset.asm
                    jExit   0x0042aa    program     static D:\3.43\pic18-lt\cxx-framework\src\traditional\math\castFP16.asm
               jFinalSign   0x0041ec    program     static D:\3.43\pic18-lt\cxx-framework\src\traditional\math\addFP.asm
                jHaveZero   0x004020    program     static D:\3.43\pic18-lt\cxx-framework\src\traditional\math\mulFP.asm
                jI2F16Beg   0x003fd6    program     static D:\3.43\pic18-lt\cxx-framework\src\traditional\math\cast16FP.asm
                    jLoop   0x004546    program     static D:\3.43\pic18-lt\cxx-framework\src\traditional\stdclib\strlen.asm
                    jLoop   0x00428a    program     static D:\3.43\pic18-lt\cxx-framework\src\traditional\math\castFP16.asm
                    jLoop   0x004516    program     static D:\3.43\pic18-lt\cxx-framework\src\traditional\stdclib\memset.asm
                    jLoop   0x004570    program     static D:\3.43\pic18-lt\cxx-framework\src\traditional\stdclib\slenpgm.asm
                jLoopExit   0x00429a    program     static D:\3.43\pic18-lt\cxx-framework\src\traditional\math\castFP16.asm
                   jMatch   0x0047e2    program     static D:\3.43\pic18-lt\cxx-framework\src\traditional\stdclib\isdigit.asm
                     jMax   0x00425e    program     static D:\3.43\pic18-lt\cxx-framework\src\traditional\math\castFP16.asm
                  jMaxNeg   0x00426c    program     static D:\3.43\pic18-lt\cxx-framework\src\traditional\math\castFP16.asm
                  jMaxPos   0x004262    program     static D:\3.43\pic18-lt\cxx-framework\src\traditional\math\castFP16.asm
                 jNoMatch   0x0047e4    program     static D:\3.43\pic18-lt\cxx-framework\src\traditional\stdclib\isdigit.asm
             jNotBothZero   0x004116    program     static D:\3.43\pic18-lt\cxx-framework\src\traditional\math\addFP.asm
                  jNotInf   0x00427a    program     static D:\3.43\pic18-lt\cxx-framework\src\traditional\math\castFP16.asm
                  jPkLoop   0x0042f2    program     static D:\3.43\pic18-lt\cxx-framework\src\traditional\math\packFP.asm
             jPkRoundDone   0x00433c    program     static D:\3.43\pic18-lt\cxx-framework\src\traditional\math\packFP.asm
               jPkRoundIt   0x004324    program     static D:\3.43\pic18-lt\cxx-framework\src\traditional\math\packFP.asm
             jPkShiftDone   0x00430e    program     static D:\3.43\pic18-lt\cxx-framework\src\traditional\math\packFP.asm
           jReturnPosInf0   0x0042c8    program     static D:\3.43\pic18-lt\cxx-framework\src\traditional\math\packFP.asm
               jShiftDone   0x0041ac    program     static D:\3.43\pic18-lt\cxx-framework\src\traditional\math\addFP.asm
               jShiftLoop   0x00419e    program     static D:\3.43\pic18-lt\cxx-framework\src\traditional\math\addFP.asm
                jSignDone   0x0041dc    program     static D:\3.43\pic18-lt\cxx-framework\src\traditional\math\addFP.asm
                  jUnpkA1   0x004366    program     static D:\3.43\pic18-lt\cxx-framework\src\traditional\math\UnpackFP.asm
                  jUnpkA2   0x00437e    program     static D:\3.43\pic18-lt\cxx-framework\src\traditional\math\UnpackFP.asm
                 jUnpkANZ   0x004374    program     static D:\3.43\pic18-lt\cxx-framework\src\traditional\math\UnpackFP.asm
                  jUnpkB1   0x004396    program     static D:\3.43\pic18-lt\cxx-framework\src\traditional\math\UnpackFP.asm
                  jUnpkB2   0x0043ae    program     static D:\3.43\pic18-lt\cxx-framework\src\traditional\math\UnpackFP.asm
                 jUnpkBNZ   0x0043a4    program     static D:\3.43\pic18-lt\cxx-framework\src\traditional\math\UnpackFP.asm
                 jUnpkNaN   0x004388    program     static D:\3.43\pic18-lt\cxx-framework\src\traditional\math\UnpackFP.asm
                 jWNotNeg   0x004198    program     static D:\3.43\pic18-lt\cxx-framework\src\traditional\math\addFP.asm
                    jZero   0x004274    program     static D:\3.43\pic18-lt\cxx-framework\src\traditional\math\castFP16.asm
               jZero1and2   0x0042cc    program     static D:\3.43\pic18-lt\cxx-framework\src\traditional\math\packFP.asm
                     loop   0x004852    program     static D:\3.43\pic18-lt\cxx-framework\src\pmc_common\USART\_usartpc.asm
                     loop   0x00472e    program     static                          
                     loop   0x004836    program     static                          
                   loop_h   0x004814    program     static D:\3.43\pic18-lt\cxx-framework\src\traditional\proc\p18f4550.asm
                   loop_l   0x00481e    program     static D:\3.43\pic18-lt\cxx-framework\src\traditional\proc\p18f4550.asm
                     main   0x0035a2    program     extern C:\Users\Sony User\Desktop\TMTD\Firmware\main.c
                   memset   0x004502    program     extern D:\3.43\pic18-lt\cxx-framework\src\traditional\stdclib\memset.asm
              putUSBUSART   0x003d3e    program     extern C:\Users\Sony User\Desktop\TMTD\include\usb_function_cdc.c
                     putc   0x00462c    program     extern D:\3.43\pic18-lt\cxx-framework\src\traditional\stdclib\putc.c
            putrsUSBUSART   0x003df0    program     extern C:\Users\Sony User\Desktop\TMTD\include\usb_function_cdc.c
             putsUSBUSART   0x003d6c    program     extern C:\Users\Sony User\Desktop\TMTD\include\usb_function_cdc.c
                 s_digits   0x00487a    program     static D:\3.43\pic18-lt\cxx-framework\src\traditional\stdclib\vfprintf.c
            s_put_n_chars   0x000044    program     static D:\3.43\pic18-lt\cxx-framework\src\traditional\stdclib\vfprintf.c
                    sd000   0x000f7f    program     extern C:\Users\Sony User\Desktop\TMTD\Firmware\usb_descriptors.c
                    sd001   0x000f83    program     extern C:\Users\Sony User\Desktop\TMTD\Firmware\usb_descriptors.c
                    sd002   0x000fb7    program     extern C:\Users\Sony User\Desktop\TMTD\Firmware\usb_descriptors.c
                  sprintf   0x0043b8    program     extern D:\3.43\pic18-lt\cxx-framework\src\traditional\stdclib\sprintf.c
                   strlen   0x004536    program     extern D:\3.43\pic18-lt\cxx-framework\src\traditional\stdclib\strlen.asm
                strlenpgm   0x004552    program     extern D:\3.43\pic18-lt\cxx-framework\src\traditional\stdclib\slenpgm.asm
                     test   0x00447e    program     static                          
                 vfprintf   0x000070    program     extern D:\3.43\pic18-lt\cxx-framework\src\traditional\stdclib\vfprintf.c
               zero_block   0x004814    program     static D:\3.43\pic18-lt\cxx-framework\src\traditional\proc\p18f4550.asm
                   ADCON0   0x000fc2       data     extern D:\3.43\pic18-lt\cxx-framework\src\traditional\proc\p18f4550.asm
               ADCON0bits   0x000fc2       data     extern D:\3.43\pic18-lt\cxx-framework\src\traditional\proc\p18f4550.asm
                   ADCON1   0x000fc1       data     extern D:\3.43\pic18-lt\cxx-framework\src\traditional\proc\p18f4550.asm
               ADCON1bits   0x000fc1       data     extern D:\3.43\pic18-lt\cxx-framework\src\traditional\proc\p18f4550.asm
                   ADCON2   0x000fc0       data     extern D:\3.43\pic18-lt\cxx-framework\src\traditional\proc\p18f4550.asm
               ADCON2bits   0x000fc0       data     extern D:\3.43\pic18-lt\cxx-framework\src\traditional\proc\p18f4550.asm
                    ADRES   0x000fc3       data     extern D:\3.43\pic18-lt\cxx-framework\src\traditional\proc\p18f4550.asm
                   ADRESH   0x000fc4       data     extern D:\3.43\pic18-lt\cxx-framework\src\traditional\proc\p18f4550.asm
                   ADRESL   0x000fc3       data     extern D:\3.43\pic18-lt\cxx-framework\src\traditional\proc\p18f4550.asm
                 AD_Value   0x0001c8       data     static C:\Users\Sony User\Desktop\TMTD\Firmware\main.c
                  BAUDCON   0x000fb8       data     extern D:\3.43\pic18-lt\cxx-framework\src\traditional\proc\p18f4550.asm
              BAUDCONbits   0x000fb8       data     extern D:\3.43\pic18-lt\cxx-framework\src\traditional\proc\p18f4550.asm
                  BAUDCTL   0x000fb8       data     extern D:\3.43\pic18-lt\cxx-framework\src\traditional\proc\p18f4550.asm
              BAUDCTLbits   0x000fb8       data     extern D:\3.43\pic18-lt\cxx-framework\src\traditional\proc\p18f4550.asm
                      BDT   0x000400       data     extern C:\Users\Sony User\Desktop\TMTD\include\usb_device.c
                      BSR   0x000fe0       data     extern D:\3.43\pic18-lt\cxx-framework\src\traditional\proc\p18f4550.asm
              BaudRateGen   0x0001e2       data     extern C:\Users\Sony User\Desktop\TMTD\include\usb_function_cdc.c
       BothEP0OutUOWNsSet   0x0002ef       data     extern C:\Users\Sony User\Desktop\TMTD\include\usb_device.c
                   CCP1AS   0x000fb6       data     extern D:\3.43\pic18-lt\cxx-framework\src\traditional\proc\p18f4550.asm
               CCP1ASbits   0x000fb6       data     extern D:\3.43\pic18-lt\cxx-framework\src\traditional\proc\p18f4550.asm
                  CCP1CON   0x000fbd       data     extern D:\3.43\pic18-lt\cxx-framework\src\traditional\proc\p18f4550.asm
              CCP1CONbits   0x000fbd       data     extern D:\3.43\pic18-lt\cxx-framework\src\traditional\proc\p18f4550.asm
                  CCP1DEL   0x000fb7       data     extern D:\3.43\pic18-lt\cxx-framework\src\traditional\proc\p18f4550.asm
              CCP1DELbits   0x000fb7       data     extern D:\3.43\pic18-lt\cxx-framework\src\traditional\proc\p18f4550.asm
                  CCP2CON   0x000fba       data     extern D:\3.43\pic18-lt\cxx-framework\src\traditional\proc\p18f4550.asm
              CCP2CONbits   0x000fba       data     extern D:\3.43\pic18-lt\cxx-framework\src\traditional\proc\p18f4550.asm
                    CCPR1   0x000fbe       data     extern D:\3.43\pic18-lt\cxx-framework\src\traditional\proc\p18f4550.asm
                   CCPR1H   0x000fbf       data     extern D:\3.43\pic18-lt\cxx-framework\src\traditional\proc\p18f4550.asm
                   CCPR1L   0x000fbe       data     extern D:\3.43\pic18-lt\cxx-framework\src\traditional\proc\p18f4550.asm
                    CCPR2   0x000fbb       data     extern D:\3.43\pic18-lt\cxx-framework\src\traditional\proc\p18f4550.asm
                   CCPR2H   0x000fbc       data     extern D:\3.43\pic18-lt\cxx-framework\src\traditional\proc\p18f4550.asm
                   CCPR2L   0x000fbb       data     extern D:\3.43\pic18-lt\cxx-framework\src\traditional\proc\p18f4550.asm
          CDCDataInHandle   0x0001df       data     extern C:\Users\Sony User\Desktop\TMTD\include\usb_function_cdc.c
         CDCDataOutHandle   0x0001dd       data     extern C:\Users\Sony User\Desktop\TMTD\include\usb_function_cdc.c
                    CMCON   0x000fb4       data     extern D:\3.43\pic18-lt\cxx-framework\src\traditional\proc\p18f4550.asm
                CMCONbits   0x000fb4       data     extern D:\3.43\pic18-lt\cxx-framework\src\traditional\proc\p18f4550.asm
                      CSA   0x0001d2       data     extern C:\Users\Sony User\Desktop\TMTD\Firmware\main.c
                   CVRCON   0x000fb5       data     extern D:\3.43\pic18-lt\cxx-framework\src\traditional\proc\p18f4550.asm
               CVRCONbits   0x000fb5       data     extern D:\3.43\pic18-lt\cxx-framework\src\traditional\proc\p18f4550.asm
              CalcCurrent   0x0000ee       data     extern C:\Users\Sony User\Desktop\TMTD\Firmware\main.c
              CtrlTrfData   0x000438       data     extern C:\Users\Sony User\Desktop\TMTD\include\usb_device.c
            CurrentString   0x0006e8       data     static C:\Users\Sony User\Desktop\TMTD\Firmware\ADC.c
            CurrentString   0x0000e0       data     extern C:\Users\Sony User\Desktop\TMTD\Firmware\main.c
         CurrentStringptr   0x0000e8       data     extern C:\Users\Sony User\Desktop\TMTD\Firmware\main.c
                  DC_Mode   0x0001cc       data     extern C:\Users\Sony User\Desktop\TMTD\Firmware\main.c
                     DDRA   0x000f92       data     extern D:\3.43\pic18-lt\cxx-framework\src\traditional\proc\p18f4550.asm
                 DDRAbits   0x000f92       data     extern D:\3.43\pic18-lt\cxx-framework\src\traditional\proc\p18f4550.asm
                     DDRB   0x000f93       data     extern D:\3.43\pic18-lt\cxx-framework\src\traditional\proc\p18f4550.asm
                 DDRBbits   0x000f93       data     extern D:\3.43\pic18-lt\cxx-framework\src\traditional\proc\p18f4550.asm
                     DDRC   0x000f94       data     extern D:\3.43\pic18-lt\cxx-framework\src\traditional\proc\p18f4550.asm
                 DDRCbits   0x000f94       data     extern D:\3.43\pic18-lt\cxx-framework\src\traditional\proc\p18f4550.asm
                     DDRD   0x000f95       data     extern D:\3.43\pic18-lt\cxx-framework\src\traditional\proc\p18f4550.asm
                 DDRDbits   0x000f95       data     extern D:\3.43\pic18-lt\cxx-framework\src\traditional\proc\p18f4550.asm
                     DDRE   0x000f96       data     extern D:\3.43\pic18-lt\cxx-framework\src\traditional\proc\p18f4550.asm
                 DDREbits   0x000f96       data     extern D:\3.43\pic18-lt\cxx-framework\src\traditional\proc\p18f4550.asm
            DelayCounter1   0x000025       data     extern D:\3.43\pic18-lt\cxx-framework\src\traditional\delays\delayd1.asm
            DelayCounter2   0x000024       data     extern D:\3.43\pic18-lt\cxx-framework\src\traditional\delays\delayd2.asm
           DisplayVersion   0x0001ca       data     extern C:\Users\Sony User\Desktop\TMTD\Firmware\main.c
                  ECCP1AS   0x000fb6       data     extern D:\3.43\pic18-lt\cxx-framework\src\traditional\proc\p18f4550.asm
              ECCP1ASbits   0x000fb6       data     extern D:\3.43\pic18-lt\cxx-framework\src\traditional\proc\p18f4550.asm
                 ECCP1CON   0x000fbd       data     extern D:\3.43\pic18-lt\cxx-framework\src\traditional\proc\p18f4550.asm
             ECCP1CONbits   0x000fbd       data     extern D:\3.43\pic18-lt\cxx-framework\src\traditional\proc\p18f4550.asm
                 ECCP1DEL   0x000fb7       data     extern D:\3.43\pic18-lt\cxx-framework\src\traditional\proc\p18f4550.asm
             ECCP1DELbits   0x000fb7       data     extern D:\3.43\pic18-lt\cxx-framework\src\traditional\proc\p18f4550.asm
                    EEADR   0x000fa9       data     extern D:\3.43\pic18-lt\cxx-framework\src\traditional\proc\p18f4550.asm
                   EECON1   0x000fa6       data     extern D:\3.43\pic18-lt\cxx-framework\src\traditional\proc\p18f4550.asm
               EECON1bits   0x000fa6       data     extern D:\3.43\pic18-lt\cxx-framework\src\traditional\proc\p18f4550.asm
                   EECON2   0x000fa7       data     extern D:\3.43\pic18-lt\cxx-framework\src\traditional\proc\p18f4550.asm
                   EEDATA   0x000fa8       data     extern D:\3.43\pic18-lt\cxx-framework\src\traditional\proc\p18f4550.asm
                     FSR0   0x000fe9       data     extern D:\3.43\pic18-lt\cxx-framework\src\traditional\proc\p18f4550.asm
                    FSR0H   0x000fea       data     extern D:\3.43\pic18-lt\cxx-framework\src\traditional\proc\p18f4550.asm
                    FSR0L   0x000fe9       data     extern D:\3.43\pic18-lt\cxx-framework\src\traditional\proc\p18f4550.asm
                     FSR1   0x000fe1       data     extern D:\3.43\pic18-lt\cxx-framework\src\traditional\proc\p18f4550.asm
                    FSR1H   0x000fe2       data     extern D:\3.43\pic18-lt\cxx-framework\src\traditional\proc\p18f4550.asm
                    FSR1L   0x000fe1       data     extern D:\3.43\pic18-lt\cxx-framework\src\traditional\proc\p18f4550.asm
                     FSR2   0x000fd9       data     extern D:\3.43\pic18-lt\cxx-framework\src\traditional\proc\p18f4550.asm
                    FSR2H   0x000fda       data     extern D:\3.43\pic18-lt\cxx-framework\src\traditional\proc\p18f4550.asm
                    FSR2L   0x000fd9       data     extern D:\3.43\pic18-lt\cxx-framework\src\traditional\proc\p18f4550.asm
     FrequencyLookUpTable   0x000600       data     static C:\Users\Sony User\Desktop\TMTD\Firmware\ini.h
     FrequencyLookUpTable   0x000200       data     static C:\Users\Sony User\Desktop\TMTD\Firmware\ini.h
     FrequencyLookUpTable   0x000100       data     static C:\Users\Sony User\Desktop\TMTD\Firmware\ini.h
                  HLVDCON   0x000fd2       data     extern D:\3.43\pic18-lt\cxx-framework\src\traditional\proc\p18f4550.asm
              HLVDCONbits   0x000fd2       data     extern D:\3.43\pic18-lt\cxx-framework\src\traditional\proc\p18f4550.asm
                    INDF0   0x000fef       data     extern D:\3.43\pic18-lt\cxx-framework\src\traditional\proc\p18f4550.asm
                    INDF1   0x000fe7       data     extern D:\3.43\pic18-lt\cxx-framework\src\traditional\proc\p18f4550.asm
                    INDF2   0x000fdf       data     extern D:\3.43\pic18-lt\cxx-framework\src\traditional\proc\p18f4550.asm
                   INTCON   0x000ff2       data     extern D:\3.43\pic18-lt\cxx-framework\src\traditional\proc\p18f4550.asm
                  INTCON2   0x000ff1       data     extern D:\3.43\pic18-lt\cxx-framework\src\traditional\proc\p18f4550.asm
              INTCON2bits   0x000ff1       data     extern D:\3.43\pic18-lt\cxx-framework\src\traditional\proc\p18f4550.asm
                  INTCON3   0x000ff0       data     extern D:\3.43\pic18-lt\cxx-framework\src\traditional\proc\p18f4550.asm
              INTCON3bits   0x000ff0       data     extern D:\3.43\pic18-lt\cxx-framework\src\traditional\proc\p18f4550.asm
               INTCONbits   0x000ff2       data     extern D:\3.43\pic18-lt\cxx-framework\src\traditional\proc\p18f4550.asm
                     IPR1   0x000f9f       data     extern D:\3.43\pic18-lt\cxx-framework\src\traditional\proc\p18f4550.asm
                 IPR1bits   0x000f9f       data     extern D:\3.43\pic18-lt\cxx-framework\src\traditional\proc\p18f4550.asm
                     IPR2   0x000fa2       data     extern D:\3.43\pic18-lt\cxx-framework\src\traditional\proc\p18f4550.asm
                 IPR2bits   0x000fa2       data     extern D:\3.43\pic18-lt\cxx-framework\src\traditional\proc\p18f4550.asm
                     LATA   0x000f89       data     extern D:\3.43\pic18-lt\cxx-framework\src\traditional\proc\p18f4550.asm
                 LATAbits   0x000f89       data     extern D:\3.43\pic18-lt\cxx-framework\src\traditional\proc\p18f4550.asm
                     LATB   0x000f8a       data     extern D:\3.43\pic18-lt\cxx-framework\src\traditional\proc\p18f4550.asm
                 LATBbits   0x000f8a       data     extern D:\3.43\pic18-lt\cxx-framework\src\traditional\proc\p18f4550.asm
                     LATC   0x000f8b       data     extern D:\3.43\pic18-lt\cxx-framework\src\traditional\proc\p18f4550.asm
                 LATCbits   0x000f8b       data     extern D:\3.43\pic18-lt\cxx-framework\src\traditional\proc\p18f4550.asm
                     LATD   0x000f8c       data     extern D:\3.43\pic18-lt\cxx-framework\src\traditional\proc\p18f4550.asm
                 LATDbits   0x000f8c       data     extern D:\3.43\pic18-lt\cxx-framework\src\traditional\proc\p18f4550.asm
                     LATE   0x000f8d       data     extern D:\3.43\pic18-lt\cxx-framework\src\traditional\proc\p18f4550.asm
                 LATEbits   0x000f8d       data     extern D:\3.43\pic18-lt\cxx-framework\src\traditional\proc\p18f4550.asm
              LCDCommands   0x0001ee       data     static C:\Users\Sony User\Desktop\TMTD\Firmware\TMTD.c
                   LVDCON   0x000fd2       data     extern D:\3.43\pic18-lt\cxx-framework\src\traditional\proc\p18f4550.asm
               LVDCONbits   0x000fd2       data     extern D:\3.43\pic18-lt\cxx-framework\src\traditional\proc\p18f4550.asm
                  MG_Mode   0x0001ce       data     extern C:\Users\Sony User\Desktop\TMTD\Firmware\main.c
                   OSCCON   0x000fd3       data     extern D:\3.43\pic18-lt\cxx-framework\src\traditional\proc\p18f4550.asm
               OSCCONbits   0x000fd3       data     extern D:\3.43\pic18-lt\cxx-framework\src\traditional\proc\p18f4550.asm
                  OSCTUNE   0x000f9b       data     extern D:\3.43\pic18-lt\cxx-framework\src\traditional\proc\p18f4550.asm
              OSCTUNEbits   0x000f9b       data     extern D:\3.43\pic18-lt\cxx-framework\src\traditional\proc\p18f4550.asm
                       PC   0x000ff9       data     extern D:\3.43\pic18-lt\cxx-framework\src\traditional\proc\p18f4550.asm
                      PCL   0x000ff9       data     extern D:\3.43\pic18-lt\cxx-framework\src\traditional\proc\p18f4550.asm
                   PCLATH   0x000ffa       data     extern D:\3.43\pic18-lt\cxx-framework\src\traditional\proc\p18f4550.asm
                   PCLATU   0x000ffb       data     extern D:\3.43\pic18-lt\cxx-framework\src\traditional\proc\p18f4550.asm
                     PIE1   0x000f9d       data     extern D:\3.43\pic18-lt\cxx-framework\src\traditional\proc\p18f4550.asm
                 PIE1bits   0x000f9d       data     extern D:\3.43\pic18-lt\cxx-framework\src\traditional\proc\p18f4550.asm
                     PIE2   0x000fa0       data     extern D:\3.43\pic18-lt\cxx-framework\src\traditional\proc\p18f4550.asm
                 PIE2bits   0x000fa0       data     extern D:\3.43\pic18-lt\cxx-framework\src\traditional\proc\p18f4550.asm
                     PIR1   0x000f9e       data     extern D:\3.43\pic18-lt\cxx-framework\src\traditional\proc\p18f4550.asm
                 PIR1bits   0x000f9e       data     extern D:\3.43\pic18-lt\cxx-framework\src\traditional\proc\p18f4550.asm
                     PIR2   0x000fa1       data     extern D:\3.43\pic18-lt\cxx-framework\src\traditional\proc\p18f4550.asm
                 PIR2bits   0x000fa1       data     extern D:\3.43\pic18-lt\cxx-framework\src\traditional\proc\p18f4550.asm
                   PLUSW0   0x000feb       data     extern D:\3.43\pic18-lt\cxx-framework\src\traditional\proc\p18f4550.asm
                   PLUSW1   0x000fe3       data     extern D:\3.43\pic18-lt\cxx-framework\src\traditional\proc\p18f4550.asm
                   PLUSW2   0x000fdb       data     extern D:\3.43\pic18-lt\cxx-framework\src\traditional\proc\p18f4550.asm
                    PORTA   0x000f80       data     extern D:\3.43\pic18-lt\cxx-framework\src\traditional\proc\p18f4550.asm
                PORTAbits   0x000f80       data     extern D:\3.43\pic18-lt\cxx-framework\src\traditional\proc\p18f4550.asm
                    PORTB   0x000f81       data     extern D:\3.43\pic18-lt\cxx-framework\src\traditional\proc\p18f4550.asm
                PORTBbits   0x000f81       data     extern D:\3.43\pic18-lt\cxx-framework\src\traditional\proc\p18f4550.asm
                    PORTC   0x000f82       data     extern D:\3.43\pic18-lt\cxx-framework\src\traditional\proc\p18f4550.asm
                PORTCbits   0x000f82       data     extern D:\3.43\pic18-lt\cxx-framework\src\traditional\proc\p18f4550.asm
                    PORTD   0x000f83       data     extern D:\3.43\pic18-lt\cxx-framework\src\traditional\proc\p18f4550.asm
                PORTDbits   0x000f83       data     extern D:\3.43\pic18-lt\cxx-framework\src\traditional\proc\p18f4550.asm
                    PORTE   0x000f84       data     extern D:\3.43\pic18-lt\cxx-framework\src\traditional\proc\p18f4550.asm
                PORTEbits   0x000f84       data     extern D:\3.43\pic18-lt\cxx-framework\src\traditional\proc\p18f4550.asm
                 POSTDEC0   0x000fed       data     extern D:\3.43\pic18-lt\cxx-framework\src\traditional\proc\p18f4550.asm
                 POSTDEC1   0x000fe5       data     extern D:\3.43\pic18-lt\cxx-framework\src\traditional\proc\p18f4550.asm
                 POSTDEC2   0x000fdd       data     extern D:\3.43\pic18-lt\cxx-framework\src\traditional\proc\p18f4550.asm
                 POSTINC0   0x000fee       data     extern D:\3.43\pic18-lt\cxx-framework\src\traditional\proc\p18f4550.asm
                 POSTINC1   0x000fe6       data     extern D:\3.43\pic18-lt\cxx-framework\src\traditional\proc\p18f4550.asm
                 POSTINC2   0x000fde       data     extern D:\3.43\pic18-lt\cxx-framework\src\traditional\proc\p18f4550.asm
                      PR2   0x000fcb       data     extern D:\3.43\pic18-lt\cxx-framework\src\traditional\proc\p18f4550.asm
                  PREINC0   0x000fec       data     extern D:\3.43\pic18-lt\cxx-framework\src\traditional\proc\p18f4550.asm
                  PREINC1   0x000fe4       data     extern D:\3.43\pic18-lt\cxx-framework\src\traditional\proc\p18f4550.asm
                  PREINC2   0x000fdc       data     extern D:\3.43\pic18-lt\cxx-framework\src\traditional\proc\p18f4550.asm
                     PROD   0x000ff3       data     extern D:\3.43\pic18-lt\cxx-framework\src\traditional\proc\p18f4550.asm
                    PRODH   0x000ff4       data     extern D:\3.43\pic18-lt\cxx-framework\src\traditional\proc\p18f4550.asm
                    PRODL   0x000ff3       data     extern D:\3.43\pic18-lt\cxx-framework\src\traditional\proc\p18f4550.asm
               Pulse_Mode   0x0001d0       data     extern C:\Users\Sony User\Desktop\TMTD\Firmware\main.c
                     RCON   0x000fd0       data     extern D:\3.43\pic18-lt\cxx-framework\src\traditional\proc\p18f4550.asm
                 RCONbits   0x000fd0       data     extern D:\3.43\pic18-lt\cxx-framework\src\traditional\proc\p18f4550.asm
                    RCREG   0x000fae       data     extern D:\3.43\pic18-lt\cxx-framework\src\traditional\proc\p18f4550.asm
                    RCSTA   0x000fab       data     extern D:\3.43\pic18-lt\cxx-framework\src\traditional\proc\p18f4550.asm
                RCSTAbits   0x000fab       data     extern D:\3.43\pic18-lt\cxx-framework\src\traditional\proc\p18f4550.asm
             RemoteWakeup   0x0002eb       data     extern C:\Users\Sony User\Desktop\TMTD\include\usb_device.c
                     SIGN   0x000000       data     extern D:\3.43\pic18-lt\cxx-framework\src\traditional\math\cmath18.asm
                    SPBRG   0x000faf       data     extern D:\3.43\pic18-lt\cxx-framework\src\traditional\proc\p18f4550.asm
                   SPBRGH   0x000fb0       data     extern D:\3.43\pic18-lt\cxx-framework\src\traditional\proc\p18f4550.asm
                   SPPCFG   0x000f63       data     extern D:\3.43\pic18-lt\cxx-framework\src\traditional\proc\p18f4550.asm
               SPPCFGbits   0x000f63       data     extern D:\3.43\pic18-lt\cxx-framework\src\traditional\proc\p18f4550.asm
                   SPPCON   0x000f65       data     extern D:\3.43\pic18-lt\cxx-framework\src\traditional\proc\p18f4550.asm
               SPPCONbits   0x000f65       data     extern D:\3.43\pic18-lt\cxx-framework\src\traditional\proc\p18f4550.asm
                  SPPDATA   0x000f62       data     extern D:\3.43\pic18-lt\cxx-framework\src\traditional\proc\p18f4550.asm
                   SPPEPS   0x000f64       data     extern D:\3.43\pic18-lt\cxx-framework\src\traditional\proc\p18f4550.asm
               SPPEPSbits   0x000f64       data     extern D:\3.43\pic18-lt\cxx-framework\src\traditional\proc\p18f4550.asm
                   SSPADD   0x000fc8       data     extern D:\3.43\pic18-lt\cxx-framework\src\traditional\proc\p18f4550.asm
                   SSPBUF   0x000fc9       data     extern D:\3.43\pic18-lt\cxx-framework\src\traditional\proc\p18f4550.asm
                  SSPCON1   0x000fc6       data     extern D:\3.43\pic18-lt\cxx-framework\src\traditional\proc\p18f4550.asm
              SSPCON1bits   0x000fc6       data     extern D:\3.43\pic18-lt\cxx-framework\src\traditional\proc\p18f4550.asm
                  SSPCON2   0x000fc5       data     extern D:\3.43\pic18-lt\cxx-framework\src\traditional\proc\p18f4550.asm
              SSPCON2bits   0x000fc5       data     extern D:\3.43\pic18-lt\cxx-framework\src\traditional\proc\p18f4550.asm
                  SSPSTAT   0x000fc7       data     extern D:\3.43\pic18-lt\cxx-framework\src\traditional\proc\p18f4550.asm
              SSPSTATbits   0x000fc7       data     extern D:\3.43\pic18-lt\cxx-framework\src\traditional\proc\p18f4550.asm
                   STATUS   0x000fd8       data     extern D:\3.43\pic18-lt\cxx-framework\src\traditional\proc\p18f4550.asm
               STATUSbits   0x000fd8       data     extern D:\3.43\pic18-lt\cxx-framework\src\traditional\proc\p18f4550.asm
                   STKPTR   0x000ffc       data     extern D:\3.43\pic18-lt\cxx-framework\src\traditional\proc\p18f4550.asm
               STKPTRbits   0x000ffc       data     extern D:\3.43\pic18-lt\cxx-framework\src\traditional\proc\p18f4550.asm
                 SetupPkt   0x000430       data     extern C:\Users\Sony User\Desktop\TMTD\include\usb_device.c
                   String   0x0006d8       data     static C:\Users\Sony User\Desktop\TMTD\Firmware\ADC.c
                    T0CON   0x000fd5       data     extern D:\3.43\pic18-lt\cxx-framework\src\traditional\proc\p18f4550.asm
                T0CONbits   0x000fd5       data     extern D:\3.43\pic18-lt\cxx-framework\src\traditional\proc\p18f4550.asm
                    T1CON   0x000fcd       data     extern D:\3.43\pic18-lt\cxx-framework\src\traditional\proc\p18f4550.asm
                T1CONbits   0x000fcd       data     extern D:\3.43\pic18-lt\cxx-framework\src\traditional\proc\p18f4550.asm
                    T2CON   0x000fca       data     extern D:\3.43\pic18-lt\cxx-framework\src\traditional\proc\p18f4550.asm
                T2CONbits   0x000fca       data     extern D:\3.43\pic18-lt\cxx-framework\src\traditional\proc\p18f4550.asm
                    T3CON   0x000fb1       data     extern D:\3.43\pic18-lt\cxx-framework\src\traditional\proc\p18f4550.asm
                T3CONbits   0x000fb1       data     extern D:\3.43\pic18-lt\cxx-framework\src\traditional\proc\p18f4550.asm
                   TABLAT   0x000ff5       data     extern D:\3.43\pic18-lt\cxx-framework\src\traditional\proc\p18f4550.asm
                   TBLPTR   0x000ff6       data     extern D:\3.43\pic18-lt\cxx-framework\src\traditional\proc\p18f4550.asm
                  TBLPTRH   0x000ff7       data     extern D:\3.43\pic18-lt\cxx-framework\src\traditional\proc\p18f4550.asm
                  TBLPTRL   0x000ff6       data     extern D:\3.43\pic18-lt\cxx-framework\src\traditional\proc\p18f4550.asm
                  TBLPTRU   0x000ff8       data     extern D:\3.43\pic18-lt\cxx-framework\src\traditional\proc\p18f4550.asm
                    TMR0H   0x000fd7       data     extern D:\3.43\pic18-lt\cxx-framework\src\traditional\proc\p18f4550.asm
                    TMR0L   0x000fd6       data     extern D:\3.43\pic18-lt\cxx-framework\src\traditional\proc\p18f4550.asm
                    TMR1H   0x000fcf       data     extern D:\3.43\pic18-lt\cxx-framework\src\traditional\proc\p18f4550.asm
                    TMR1L   0x000fce       data     extern D:\3.43\pic18-lt\cxx-framework\src\traditional\proc\p18f4550.asm
                     TMR2   0x000fcc       data     extern D:\3.43\pic18-lt\cxx-framework\src\traditional\proc\p18f4550.asm
                    TMR3H   0x000fb3       data     extern D:\3.43\pic18-lt\cxx-framework\src\traditional\proc\p18f4550.asm
                    TMR3L   0x000fb2       data     extern D:\3.43\pic18-lt\cxx-framework\src\traditional\proc\p18f4550.asm
                      TOS   0x000ffd       data     extern D:\3.43\pic18-lt\cxx-framework\src\traditional\proc\p18f4550.asm
                     TOSH   0x000ffe       data     extern D:\3.43\pic18-lt\cxx-framework\src\traditional\proc\p18f4550.asm
                     TOSL   0x000ffd       data     extern D:\3.43\pic18-lt\cxx-framework\src\traditional\proc\p18f4550.asm
                     TOSU   0x000fff       data     extern D:\3.43\pic18-lt\cxx-framework\src\traditional\proc\p18f4550.asm
                    TRISA   0x000f92       data     extern D:\3.43\pic18-lt\cxx-framework\src\traditional\proc\p18f4550.asm
                TRISAbits   0x000f92       data     extern D:\3.43\pic18-lt\cxx-framework\src\traditional\proc\p18f4550.asm
                    TRISB   0x000f93       data     extern D:\3.43\pic18-lt\cxx-framework\src\traditional\proc\p18f4550.asm
                TRISBbits   0x000f93       data     extern D:\3.43\pic18-lt\cxx-framework\src\traditional\proc\p18f4550.asm
                    TRISC   0x000f94       data     extern D:\3.43\pic18-lt\cxx-framework\src\traditional\proc\p18f4550.asm
                TRISCbits   0x000f94       data     extern D:\3.43\pic18-lt\cxx-framework\src\traditional\proc\p18f4550.asm
                    TRISD   0x000f95       data     extern D:\3.43\pic18-lt\cxx-framework\src\traditional\proc\p18f4550.asm
                TRISDbits   0x000f95       data     extern D:\3.43\pic18-lt\cxx-framework\src\traditional\proc\p18f4550.asm
                    TRISE   0x000f96       data     extern D:\3.43\pic18-lt\cxx-framework\src\traditional\proc\p18f4550.asm
                TRISEbits   0x000f96       data     extern D:\3.43\pic18-lt\cxx-framework\src\traditional\proc\p18f4550.asm
                    TXREG   0x000fad       data     extern D:\3.43\pic18-lt\cxx-framework\src\traditional\proc\p18f4550.asm
                    TXSTA   0x000fac       data     extern D:\3.43\pic18-lt\cxx-framework\src\traditional\proc\p18f4550.asm
                TXSTAbits   0x000fac       data     extern D:\3.43\pic18-lt\cxx-framework\src\traditional\proc\p18f4550.asm
                TimeDelay   0x0000ea       data     extern C:\Users\Sony User\Desktop\TMTD\Firmware\main.c
         TimeDelayPointer   0x0000ec       data     extern C:\Users\Sony User\Desktop\TMTD\Firmware\main.c
                    UADDR   0x000f6e       data     extern D:\3.43\pic18-lt\cxx-framework\src\traditional\proc\p18f4550.asm
                UADDRbits   0x000f6e       data     extern D:\3.43\pic18-lt\cxx-framework\src\traditional\proc\p18f4550.asm
                     UCFG   0x000f6f       data     extern D:\3.43\pic18-lt\cxx-framework\src\traditional\proc\p18f4550.asm
                 UCFGbits   0x000f6f       data     extern D:\3.43\pic18-lt\cxx-framework\src\traditional\proc\p18f4550.asm
                     UCON   0x000f6d       data     extern D:\3.43\pic18-lt\cxx-framework\src\traditional\proc\p18f4550.asm
                 UCONbits   0x000f6d       data     extern D:\3.43\pic18-lt\cxx-framework\src\traditional\proc\p18f4550.asm
                     UEIE   0x000f6b       data     extern D:\3.43\pic18-lt\cxx-framework\src\traditional\proc\p18f4550.asm
                 UEIEbits   0x000f6b       data     extern D:\3.43\pic18-lt\cxx-framework\src\traditional\proc\p18f4550.asm
                     UEIR   0x000f6a       data     extern D:\3.43\pic18-lt\cxx-framework\src\traditional\proc\p18f4550.asm
                 UEIRbits   0x000f6a       data     extern D:\3.43\pic18-lt\cxx-framework\src\traditional\proc\p18f4550.asm
                     UEP0   0x000f70       data     extern D:\3.43\pic18-lt\cxx-framework\src\traditional\proc\p18f4550.asm
                 UEP0bits   0x000f70       data     extern D:\3.43\pic18-lt\cxx-framework\src\traditional\proc\p18f4550.asm
                     UEP1   0x000f71       data     extern D:\3.43\pic18-lt\cxx-framework\src\traditional\proc\p18f4550.asm
                    UEP10   0x000f7a       data     extern D:\3.43\pic18-lt\cxx-framework\src\traditional\proc\p18f4550.asm
                UEP10bits   0x000f7a       data     extern D:\3.43\pic18-lt\cxx-framework\src\traditional\proc\p18f4550.asm
                    UEP11   0x000f7b       data     extern D:\3.43\pic18-lt\cxx-framework\src\traditional\proc\p18f4550.asm
                UEP11bits   0x000f7b       data     extern D:\3.43\pic18-lt\cxx-framework\src\traditional\proc\p18f4550.asm
                    UEP12   0x000f7c       data     extern D:\3.43\pic18-lt\cxx-framework\src\traditional\proc\p18f4550.asm
                UEP12bits   0x000f7c       data     extern D:\3.43\pic18-lt\cxx-framework\src\traditional\proc\p18f4550.asm
                    UEP13   0x000f7d       data     extern D:\3.43\pic18-lt\cxx-framework\src\traditional\proc\p18f4550.asm
                UEP13bits   0x000f7d       data     extern D:\3.43\pic18-lt\cxx-framework\src\traditional\proc\p18f4550.asm
                    UEP14   0x000f7e       data     extern D:\3.43\pic18-lt\cxx-framework\src\traditional\proc\p18f4550.asm
                UEP14bits   0x000f7e       data     extern D:\3.43\pic18-lt\cxx-framework\src\traditional\proc\p18f4550.asm
                    UEP15   0x000f7f       data     extern D:\3.43\pic18-lt\cxx-framework\src\traditional\proc\p18f4550.asm
                UEP15bits   0x000f7f       data     extern D:\3.43\pic18-lt\cxx-framework\src\traditional\proc\p18f4550.asm
                 UEP1bits   0x000f71       data     extern D:\3.43\pic18-lt\cxx-framework\src\traditional\proc\p18f4550.asm
                     UEP2   0x000f72       data     extern D:\3.43\pic18-lt\cxx-framework\src\traditional\proc\p18f4550.asm
                 UEP2bits   0x000f72       data     extern D:\3.43\pic18-lt\cxx-framework\src\traditional\proc\p18f4550.asm
                     UEP3   0x000f73       data     extern D:\3.43\pic18-lt\cxx-framework\src\traditional\proc\p18f4550.asm
                 UEP3bits   0x000f73       data     extern D:\3.43\pic18-lt\cxx-framework\src\traditional\proc\p18f4550.asm
                     UEP4   0x000f74       data     extern D:\3.43\pic18-lt\cxx-framework\src\traditional\proc\p18f4550.asm
                 UEP4bits   0x000f74       data     extern D:\3.43\pic18-lt\cxx-framework\src\traditional\proc\p18f4550.asm
                     UEP5   0x000f75       data     extern D:\3.43\pic18-lt\cxx-framework\src\traditional\proc\p18f4550.asm
                 UEP5bits   0x000f75       data     extern D:\3.43\pic18-lt\cxx-framework\src\traditional\proc\p18f4550.asm
                     UEP6   0x000f76       data     extern D:\3.43\pic18-lt\cxx-framework\src\traditional\proc\p18f4550.asm
                 UEP6bits   0x000f76       data     extern D:\3.43\pic18-lt\cxx-framework\src\traditional\proc\p18f4550.asm
                     UEP7   0x000f77       data     extern D:\3.43\pic18-lt\cxx-framework\src\traditional\proc\p18f4550.asm
                 UEP7bits   0x000f77       data     extern D:\3.43\pic18-lt\cxx-framework\src\traditional\proc\p18f4550.asm
                     UEP8   0x000f78       data     extern D:\3.43\pic18-lt\cxx-framework\src\traditional\proc\p18f4550.asm
                 UEP8bits   0x000f78       data     extern D:\3.43\pic18-lt\cxx-framework\src\traditional\proc\p18f4550.asm
                     UEP9   0x000f79       data     extern D:\3.43\pic18-lt\cxx-framework\src\traditional\proc\p18f4550.asm
                 UEP9bits   0x000f79       data     extern D:\3.43\pic18-lt\cxx-framework\src\traditional\proc\p18f4550.asm
                     UFRM   0x000f66       data     extern D:\3.43\pic18-lt\cxx-framework\src\traditional\proc\p18f4550.asm
                    UFRMH   0x000f67       data     extern D:\3.43\pic18-lt\cxx-framework\src\traditional\proc\p18f4550.asm
                UFRMHbits   0x000f67       data     extern D:\3.43\pic18-lt\cxx-framework\src\traditional\proc\p18f4550.asm
                    UFRML   0x000f66       data     extern D:\3.43\pic18-lt\cxx-framework\src\traditional\proc\p18f4550.asm
                UFRMLbits   0x000f66       data     extern D:\3.43\pic18-lt\cxx-framework\src\traditional\proc\p18f4550.asm
                      UIE   0x000f69       data     extern D:\3.43\pic18-lt\cxx-framework\src\traditional\proc\p18f4550.asm
                  UIEbits   0x000f69       data     extern D:\3.43\pic18-lt\cxx-framework\src\traditional\proc\p18f4550.asm
                      UIR   0x000f68       data     extern D:\3.43\pic18-lt\cxx-framework\src\traditional\proc\p18f4550.asm
                  UIRbits   0x000f68       data     extern D:\3.43\pic18-lt\cxx-framework\src\traditional\proc\p18f4550.asm
   USBActiveConfiguration   0x0002c9       data     extern C:\Users\Sony User\Desktop\TMTD\include\usb_device.c
    USBAlternateInterface   0x0002ca       data     extern C:\Users\Sony User\Desktop\TMTD\include\usb_device.c
        USBBusIsSuspended   0x0002ec       data     extern C:\Users\Sony User\Desktop\TMTD\include\usb_device.c
USBDeferINDataStagePackets   0x0002fa       data     extern C:\Users\Sony User\Desktop\TMTD\include\usb_device.c
USBDeferOUTDataStagePackets   0x0002fb       data     extern C:\Users\Sony User\Desktop\TMTD\include\usb_device.c
USBDeferStatusStagePacket   0x0002f7       data     extern C:\Users\Sony User\Desktop\TMTD\include\usb_device.c
           USBDeviceState   0x0002c8       data     extern C:\Users\Sony User\Desktop\TMTD\include\usb_device.c
USBStatusStageEnabledFlag1   0x0002f8       data     extern C:\Users\Sony User\Desktop\TMTD\include\usb_device.c
USBStatusStageEnabledFlag2   0x0002f9       data     extern C:\Users\Sony User\Desktop\TMTD\include\usb_device.c
USBStatusStageTimeoutCounter   0x0002f6       data     extern C:\Users\Sony User\Desktop\TMTD\include\usb_device.c
            USB_In_Buffer   0x000060       data     extern C:\Users\Sony User\Desktop\TMTD\Firmware\main.c
           USB_Out_Buffer   0x0000a0       data     extern C:\Users\Sony User\Desktop\TMTD\Firmware\main.c
                    USTAT   0x000f6c       data     extern D:\3.43\pic18-lt\cxx-framework\src\traditional\proc\p18f4550.asm
                USTATbits   0x000f6c       data     extern D:\3.43\pic18-lt\cxx-framework\src\traditional\proc\p18f4550.asm
                USTATcopy   0x0002ed       data     extern C:\Users\Sony User\Desktop\TMTD\include\usb_device.c
                   WDTCON   0x000fd1       data     extern D:\3.43\pic18-lt\cxx-framework\src\traditional\proc\p18f4550.asm
               WDTCONbits   0x000fd1       data     extern D:\3.43\pic18-lt\cxx-framework\src\traditional\proc\p18f4550.asm
                     WREG   0x000fe8       data     extern D:\3.43\pic18-lt\cxx-framework\src\traditional\proc\p18f4550.asm
                 __AARGB0   0x000009       data     extern D:\3.43\pic18-lt\cxx-framework\src\traditional\math\aarg.asm
                 __AARGB1   0x000008       data     extern D:\3.43\pic18-lt\cxx-framework\src\traditional\math\aarg.asm
                 __AARGB2   0x000007       data     extern D:\3.43\pic18-lt\cxx-framework\src\traditional\math\aarg.asm
                 __AARGB3   0x000006       data     extern D:\3.43\pic18-lt\cxx-framework\src\traditional\math\aarg.asm
                 __AARGB4   0x000005       data     extern D:\3.43\pic18-lt\cxx-framework\src\traditional\math\aarg.asm
                 __AARGB5   0x000004       data     extern D:\3.43\pic18-lt\cxx-framework\src\traditional\math\aarg.asm
                 __AARGB6   0x000003       data     extern D:\3.43\pic18-lt\cxx-framework\src\traditional\math\aarg.asm
                 __AARGB7   0x000002       data     extern D:\3.43\pic18-lt\cxx-framework\src\traditional\math\aarg.asm
                   __AEXP   0x00000a       data     extern D:\3.43\pic18-lt\cxx-framework\src\traditional\math\aarg.asm
                 __BARGB0   0x00000e       data     extern D:\3.43\pic18-lt\cxx-framework\src\traditional\math\barg.asm
                 __BARGB1   0x00000d       data     extern D:\3.43\pic18-lt\cxx-framework\src\traditional\math\barg.asm
                 __BARGB2   0x00000c       data     extern D:\3.43\pic18-lt\cxx-framework\src\traditional\math\barg.asm
                 __BARGB3   0x00000b       data     extern D:\3.43\pic18-lt\cxx-framework\src\traditional\math\barg.asm
                   __BEXP   0x00000f       data     extern D:\3.43\pic18-lt\cxx-framework\src\traditional\math\barg.asm
                __FPFLAGS   0x000001       data     extern D:\3.43\pic18-lt\cxx-framework\src\traditional\math\cmath18.asm
            __FPFLAGSbits   0x000001       data     extern D:\3.43\pic18-lt\cxx-framework\src\traditional\math\cmath18.asm
                  __REMB0   0x000005       data     extern D:\3.43\pic18-lt\cxx-framework\src\traditional\math\aarg.asm
                  __REMB1   0x000004       data     extern D:\3.43\pic18-lt\cxx-framework\src\traditional\math\aarg.asm
                  __REMB2   0x000003       data     extern D:\3.43\pic18-lt\cxx-framework\src\traditional\math\aarg.asm
                  __REMB3   0x000002       data     extern D:\3.43\pic18-lt\cxx-framework\src\traditional\math\aarg.asm
                   __TEMP   0x000013       data     extern D:\3.43\pic18-lt\cxx-framework\src\traditional\math\temparg.asm
                 __TEMPB0   0x000013       data     extern D:\3.43\pic18-lt\cxx-framework\src\traditional\math\temparg.asm
[...]
                TRISCbits   0x000f94       data     extern D:\3.43\pic18-lt\cxx-framework\src\traditional\proc\p18f4550.asm
                 DDRCbits   0x000f94       data     extern D:\3.43\pic18-lt\cxx-framework\src\traditional\proc\p18f4550.asm
                     DDRC   0x000f94       data     extern D:\3.43\pic18-lt\cxx-framework\src\traditional\proc\p18f4550.asm
                 DDRDbits   0x000f95       data     extern D:\3.43\pic18-lt\cxx-framework\src\traditional\proc\p18f4550.asm
                    TRISD   0x000f95       data     extern D:\3.43\pic18-lt\cxx-framework\src\traditional\proc\p18f4550.asm
                     DDRD   0x000f95       data     extern D:\3.43\pic18-lt\cxx-framework\src\traditional\proc\p18f4550.asm
                TRISDbits   0x000f95       data     extern D:\3.43\pic18-lt\cxx-framework\src\traditional\proc\p18f4550.asm
                TRISEbits   0x000f96       data     extern D:\3.43\pic18-lt\cxx-framework\src\traditional\proc\p18f4550.asm
                    TRISE   0x000f96       data     extern D:\3.43\pic18-lt\cxx-framework\src\traditional\proc\p18f4550.asm
                 DDREbits   0x000f96       data     extern D:\3.43\pic18-lt\cxx-framework\src\traditional\proc\p18f4550.asm
                     DDRE   0x000f96       data     extern D:\3.43\pic18-lt\cxx-framework\src\traditional\proc\p18f4550.asm
                  OSCTUNE   0x000f9b       data     extern D:\3.43\pic18-lt\cxx-framework\src\traditional\proc\p18f4550.asm
              OSCTUNEbits   0x000f9b       data     extern D:\3.43\pic18-lt\cxx-framework\src\traditional\proc\p18f4550.asm
                     PIE1   0x000f9d       data     extern D:\3.43\pic18-lt\cxx-framework\src\traditional\proc\p18f4550.asm
                 PIE1bits   0x000f9d       data     extern D:\3.43\pic18-lt\cxx-framework\src\traditional\proc\p18f4550.asm
                     PIR1   0x000f9e       data     extern D:\3.43\pic18-lt\cxx-framework\src\traditional\proc\p18f4550.asm
                 PIR1bits   0x000f9e       data     extern D:\3.43\pic18-lt\cxx-framework\src\traditional\proc\p18f4550.asm
                 IPR1bits   0x000f9f       data     extern D:\3.43\pic18-lt\cxx-framework\src\traditional\proc\p18f4550.asm
                     IPR1   0x000f9f       data     extern D:\3.43\pic18-lt\cxx-framework\src\traditional\proc\p18f4550.asm
                 PIE2bits   0x000fa0       data     extern D:\3.43\pic18-lt\cxx-framework\src\traditional\proc\p18f4550.asm
                     PIE2   0x000fa0       data     extern D:\3.43\pic18-lt\cxx-framework\src\traditional\proc\p18f4550.asm
                     PIR2   0x000fa1       data     extern D:\3.43\pic18-lt\cxx-framework\src\traditional\proc\p18f4550.asm
                 PIR2bits   0x000fa1       data     extern D:\3.43\pic18-lt\cxx-framework\src\traditional\proc\p18f4550.asm
                     IPR2   0x000fa2       data     extern D:\3.43\pic18-lt\cxx-framework\src\traditional\proc\p18f4550.asm
                 IPR2bits   0x000fa2       data     extern D:\3.43\pic18-lt\cxx-framework\src\traditional\proc\p18f4550.asm
                   EECON1   0x000fa6       data     extern D:\3.43\pic18-lt\cxx-framework\src\traditional\proc\p18f4550.asm
               EECON1bits   0x000fa6       data     extern D:\3.43\pic18-lt\cxx-framework\src\traditional\proc\p18f4550.asm
                   EECON2   0x000fa7       data     extern D:\3.43\pic18-lt\cxx-framework\src\traditional\proc\p18f4550.asm
                   EEDATA   0x000fa8       data     extern D:\3.43\pic18-lt\cxx-framework\src\traditional\proc\p18f4550.asm
                    EEADR   0x000fa9       data     extern D:\3.43\pic18-lt\cxx-framework\src\traditional\proc\p18f4550.asm
                    RCSTA   0x000fab       data     extern D:\3.43\pic18-lt\cxx-framework\src\traditional\proc\p18f4550.asm
                RCSTAbits   0x000fab       data     extern D:\3.43\pic18-lt\cxx-framework\src\traditional\proc\p18f4550.asm
                    TXSTA   0x000fac       data     extern D:\3.43\pic18-lt\cxx-framework\src\traditional\proc\p18f4550.asm
                TXSTAbits   0x000fac       data     extern D:\3.43\pic18-lt\cxx-framework\src\traditional\proc\p18f4550.asm
                    TXREG   0x000fad       data     extern D:\3.43\pic18-lt\cxx-framework\src\traditional\proc\p18f4550.asm
                    RCREG   0x000fae       data     extern D:\3.43\pic18-lt\cxx-framework\src\traditional\proc\p18f4550.asm
                    SPBRG   0x000faf       data     extern D:\3.43\pic18-lt\cxx-framework\src\traditional\proc\p18f4550.asm
                   SPBRGH   0x000fb0       data     extern D:\3.43\pic18-lt\cxx-framework\src\traditional\proc\p18f4550.asm
                    T3CON   0x000fb1       data     extern D:\3.43\pic18-lt\cxx-framework\src\traditional\proc\p18f4550.asm
                T3CONbits   0x000fb1       data     extern D:\3.43\pic18-lt\cxx-framework\src\traditional\proc\p18f4550.asm
                    TMR3L   0x000fb2       data     extern D:\3.43\pic18-lt\cxx-framework\src\traditional\proc\p18f4550.asm
                    TMR3H   0x000fb3       data     extern D:\3.43\pic18-lt\cxx-framework\src\traditional\proc\p18f4550.asm
                    CMCON   0x000fb4       data     extern D:\3.43\pic18-lt\cxx-framework\src\traditional\proc\p18f4550.asm
                CMCONbits   0x000fb4       data     extern D:\3.43\pic18-lt\cxx-framework\src\traditional\proc\p18f4550.asm
               CVRCONbits   0x000fb5       data     extern D:\3.43\pic18-lt\cxx-framework\src\traditional\proc\p18f4550.asm
                   CVRCON   0x000fb5       data     extern D:\3.43\pic18-lt\cxx-framework\src\traditional\proc\p18f4550.asm
              ECCP1ASbits   0x000fb6       data     extern D:\3.43\pic18-lt\cxx-framework\src\traditional\proc\p18f4550.asm
                  ECCP1AS   0x000fb6       data     extern D:\3.43\pic18-lt\cxx-framework\src\traditional\proc\p18f4550.asm
               CCP1ASbits   0x000fb6       data     extern D:\3.43\pic18-lt\cxx-framework\src\traditional\proc\p18f4550.asm
                   CCP1AS   0x000fb6       data     extern D:\3.43\pic18-lt\cxx-framework\src\traditional\proc\p18f4550.asm
             ECCP1DELbits   0x000fb7       data     extern D:\3.43\pic18-lt\cxx-framework\src\traditional\proc\p18f4550.asm
                 ECCP1DEL   0x000fb7       data     extern D:\3.43\pic18-lt\cxx-framework\src\traditional\proc\p18f4550.asm
              CCP1DELbits   0x000fb7       data     extern D:\3.43\pic18-lt\cxx-framework\src\traditional\proc\p18f4550.asm
                  CCP1DEL   0x000fb7       data     extern D:\3.43\pic18-lt\cxx-framework\src\traditional\proc\p18f4550.asm
                  BAUDCON   0x000fb8       data     extern D:\3.43\pic18-lt\cxx-framework\src\traditional\proc\p18f4550.asm
              BAUDCONbits   0x000fb8       data     extern D:\3.43\pic18-lt\cxx-framework\src\traditional\proc\p18f4550.asm
                  BAUDCTL   0x000fb8       data     extern D:\3.43\pic18-lt\cxx-framework\src\traditional\proc\p18f4550.asm
              BAUDCTLbits   0x000fb8       data     extern D:\3.43\pic18-lt\cxx-framework\src\traditional\proc\p18f4550.asm
                  CCP2CON   0x000fba       data     extern D:\3.43\pic18-lt\cxx-framework\src\traditional\proc\p18f4550.asm
              CCP2CONbits   0x000fba       data     extern D:\3.43\pic18-lt\cxx-framework\src\traditional\proc\p18f4550.asm
                    CCPR2   0x000fbb       data     extern D:\3.43\pic18-lt\cxx-framework\src\traditional\proc\p18f4550.asm
                   CCPR2L   0x000fbb       data     extern D:\3.43\pic18-lt\cxx-framework\src\traditional\proc\p18f4550.asm
                   CCPR2H   0x000fbc       data     extern D:\3.43\pic18-lt\cxx-framework\src\traditional\proc\p18f4550.asm
                  CCP1CON   0x000fbd       data     extern D:\3.43\pic18-lt\cxx-framework\src\traditional\proc\p18f4550.asm
              CCP1CONbits   0x000fbd       data     extern D:\3.43\pic18-lt\cxx-framework\src\traditional\proc\p18f4550.asm
                 ECCP1CON   0x000fbd       data     extern D:\3.43\pic18-lt\cxx-framework\src\traditional\proc\p18f4550.asm
             ECCP1CONbits   0x000fbd       data     extern D:\3.43\pic18-lt\cxx-framework\src\traditional\proc\p18f4550.asm
                    CCPR1   0x000fbe       data     extern D:\3.43\pic18-lt\cxx-framework\src\traditional\proc\p18f4550.asm
                   CCPR1L   0x000fbe       data     extern D:\3.43\pic18-lt\cxx-framework\src\traditional\proc\p18f4550.asm
                   CCPR1H   0x000fbf       data     extern D:\3.43\pic18-lt\cxx-framework\src\traditional\proc\p18f4550.asm
               ADCON2bits   0x000fc0       data     extern D:\3.43\pic18-lt\cxx-framework\src\traditional\proc\p18f4550.asm
                   ADCON2   0x000fc0       data     extern D:\3.43\pic18-lt\cxx-framework\src\traditional\proc\p18f4550.asm
               ADCON1bits   0x000fc1       data     extern D:\3.43\pic18-lt\cxx-framework\src\traditional\proc\p18f4550.asm
                   ADCON1   0x000fc1       data     extern D:\3.43\pic18-lt\cxx-framework\src\traditional\proc\p18f4550.asm
                   ADCON0   0x000fc2       data     extern D:\3.43\pic18-lt\cxx-framework\src\traditional\proc\p18f4550.asm
               ADCON0bits   0x000fc2       data     extern D:\3.43\pic18-lt\cxx-framework\src\traditional\proc\p18f4550.asm
                    ADRES   0x000fc3       data     extern D:\3.43\pic18-lt\cxx-framework\src\traditional\proc\p18f4550.asm
                   ADRESL   0x000fc3       data     extern D:\3.43\pic18-lt\cxx-framework\src\traditional\proc\p18f4550.asm
                   ADRESH   0x000fc4       data     extern D:\3.43\pic18-lt\cxx-framework\src\traditional\proc\p18f4550.asm
                  SSPCON2   0x000fc5       data     extern D:\3.43\pic18-lt\cxx-framework\src\traditional\proc\p18f4550.asm
              SSPCON2bits   0x000fc5       data     extern D:\3.43\pic18-lt\cxx-framework\src\traditional\proc\p18f4550.asm
                  SSPCON1   0x000fc6       data     extern D:\3.43\pic18-lt\cxx-framework\src\traditional\proc\p18f4550.asm
              SSPCON1bits   0x000fc6       data     extern D:\3.43\pic18-lt\cxx-framework\src\traditional\proc\p18f4550.asm
                  SSPSTAT   0x000fc7       data     extern D:\3.43\pic18-lt\cxx-framework\src\traditional\proc\p18f4550.asm
              SSPSTATbits   0x000fc7       data     extern D:\3.43\pic18-lt\cxx-framework\src\traditional\proc\p18f4550.asm
                   SSPADD   0x000fc8       data     extern D:\3.43\pic18-lt\cxx-framework\src\traditional\proc\p18f4550.asm
                   SSPBUF   0x000fc9       data     extern D:\3.43\pic18-lt\cxx-framework\src\traditional\proc\p18f4550.asm
                T2CONbits   0x000fca       data     extern D:\3.43\pic18-lt\cxx-framework\src\traditional\proc\p18f4550.asm
                    T2CON   0x000fca       data     extern D:\3.43\pic18-lt\cxx-framework\src\traditional\proc\p18f4550.asm
                      PR2   0x000fcb       data     extern D:\3.43\pic18-lt\cxx-framework\src\traditional\proc\p18f4550.asm
                     TMR2   0x000fcc       data     extern D:\3.43\pic18-lt\cxx-framework\src\traditional\proc\p18f4550.asm
                T1CONbits   0x000fcd       data     extern D:\3.43\pic18-lt\cxx-framework\src\traditional\proc\p18f4550.asm
                    T1CON   0x000fcd       data     extern D:\3.43\pic18-lt\cxx-framework\src\traditional\proc\p18f4550.asm
                    TMR1L   0x000fce       data     extern D:\3.43\pic18-lt\cxx-framework\src\traditional\proc\p18f4550.asm
                    TMR1H   0x000fcf       data     extern D:\3.43\pic18-lt\cxx-framework\src\traditional\proc\p18f4550.asm
                 RCONbits   0x000fd0       data     extern D:\3.43\pic18-lt\cxx-framework\src\traditional\proc\p18f4550.asm
                     RCON   0x000fd0       data     extern D:\3.43\pic18-lt\cxx-framework\src\traditional\proc\p18f4550.asm
                   WDTCON   0x000fd1       data     extern D:\3.43\pic18-lt\cxx-framework\src\traditional\proc\p18f4550.asm
               WDTCONbits   0x000fd1       data     extern D:\3.43\pic18-lt\cxx-framework\src\traditional\proc\p18f4550.asm
               LVDCONbits   0x000fd2       data     extern D:\3.43\pic18-lt\cxx-framework\src\traditional\proc\p18f4550.asm
                   LVDCON   0x000fd2       data     extern D:\3.43\pic18-lt\cxx-framework\src\traditional\proc\p18f4550.asm
              HLVDCONbits   0x000fd2       data     extern D:\3.43\pic18-lt\cxx-framework\src\traditional\proc\p18f4550.asm
                  HLVDCON   0x000fd2       data     extern D:\3.43\pic18-lt\cxx-framework\src\traditional\proc\p18f4550.asm
               OSCCONbits   0x000fd3       data     extern D:\3.43\pic18-lt\cxx-framework\src\traditional\proc\p18f4550.asm
                   OSCCON   0x000fd3       data     extern D:\3.43\pic18-lt\cxx-framework\src\traditional\proc\p18f4550.asm
                    T0CON   0x000fd5       data     extern D:\3.43\pic18-lt\cxx-framework\src\traditional\proc\p18f4550.asm
                T0CONbits   0x000fd5       data     extern D:\3.43\pic18-lt\cxx-framework\src\traditional\proc\p18f4550.asm
                    TMR0L   0x000fd6       data     extern D:\3.43\pic18-lt\cxx-framework\src\traditional\proc\p18f4550.asm
                    TMR0H   0x000fd7       data     extern D:\3.43\pic18-lt\cxx-framework\src\traditional\proc\p18f4550.asm
               STATUSbits   0x000fd8       data     extern D:\3.43\pic18-lt\cxx-framework\src\traditional\proc\p18f4550.asm
                   STATUS   0x000fd8       data     extern D:\3.43\pic18-lt\cxx-framework\src\traditional\proc\p18f4550.asm
                    FSR2L   0x000fd9       data     extern D:\3.43\pic18-lt\cxx-framework\src\traditional\proc\p18f4550.asm
                     FSR2   0x000fd9       data     extern D:\3.43\pic18-lt\cxx-framework\src\traditional\proc\p18f4550.asm
                    FSR2H   0x000fda       data     extern D:\3.43\pic18-lt\cxx-framework\src\traditional\proc\p18f4550.asm
                   PLUSW2   0x000fdb       data     extern D:\3.43\pic18-lt\cxx-framework\src\traditional\proc\p18f4550.asm
                  PREINC2   0x000fdc       data     extern D:\3.43\pic18-lt\cxx-framework\src\traditional\proc\p18f4550.asm
                 POSTDEC2   0x000fdd       data     extern D:\3.43\pic18-lt\cxx-framework\src\traditional\proc\p18f4550.asm
                 POSTINC2   0x000fde       data     extern D:\3.43\pic18-lt\cxx-framework\src\traditional\proc\p18f4550.asm
                    INDF2   0x000fdf       data     extern D:\3.43\pic18-lt\cxx-framework\src\traditional\proc\p18f4550.asm
                      BSR   0x000fe0       data     extern D:\3.43\pic18-lt\cxx-framework\src\traditional\proc\p18f4550.asm
                     FSR1   0x000fe1       data     extern D:\3.43\pic18-lt\cxx-framework\src\traditional\proc\p18f4550.asm
                    FSR1L   0x000fe1       data     extern D:\3.43\pic18-lt\cxx-framework\src\traditional\proc\p18f4550.asm
                    FSR1H   0x000fe2       data     extern D:\3.43\pic18-lt\cxx-framework\src\traditional\proc\p18f4550.asm
                   PLUSW1   0x000fe3       data     extern D:\3.43\pic18-lt\cxx-framework\src\traditional\proc\p18f4550.asm
                  PREINC1   0x000fe4       data     extern D:\3.43\pic18-lt\cxx-framework\src\traditional\proc\p18f4550.asm
                 POSTDEC1   0x000fe5       data     extern D:\3.43\pic18-lt\cxx-framework\src\traditional\proc\p18f4550.asm
                 POSTINC1   0x000fe6       data     extern D:\3.43\pic18-lt\cxx-framework\src\traditional\proc\p18f4550.asm
                    INDF1   0x000fe7       data     extern D:\3.43\pic18-lt\cxx-framework\src\traditional\proc\p18f4550.asm
                     WREG   0x000fe8       data     extern D:\3.43\pic18-lt\cxx-framework\src\traditional\proc\p18f4550.asm
                     FSR0   0x000fe9       data     extern D:\3.43\pic18-lt\cxx-framework\src\traditional\proc\p18f4550.asm
                    FSR0L   0x000fe9       data     extern D:\3.43\pic18-lt\cxx-framework\src\traditional\proc\p18f4550.asm
                    FSR0H   0x000fea       data     extern D:\3.43\pic18-lt\cxx-framework\src\traditional\proc\p18f4550.asm
                   PLUSW0   0x000feb       data     extern D:\3.43\pic18-lt\cxx-framework\src\traditional\proc\p18f4550.asm
                  PREINC0   0x000fec       data     extern D:\3.43\pic18-lt\cxx-framework\src\traditional\proc\p18f4550.asm
                 POSTDEC0   0x000fed       data     extern D:\3.43\pic18-lt\cxx-framework\src\traditional\proc\p18f4550.asm
                 POSTINC0   0x000fee       data     extern D:\3.43\pic18-lt\cxx-framework\src\traditional\proc\p18f4550.asm
                    INDF0   0x000fef       data     extern D:\3.43\pic18-lt\cxx-framework\src\traditional\proc\p18f4550.asm
              INTCON3bits   0x000ff0       data     extern D:\3.43\pic18-lt\cxx-framework\src\traditional\proc\p18f4550.asm
                  INTCON3   0x000ff0       data     extern D:\3.43\pic18-lt\cxx-framework\src\traditional\proc\p18f4550.asm
              INTCON2bits   0x000ff1       data     extern D:\3.43\pic18-lt\cxx-framework\src\traditional\proc\p18f4550.asm
                  INTCON2   0x000ff1       data     extern D:\3.43\pic18-lt\cxx-framework\src\traditional\proc\p18f4550.asm
               INTCONbits   0x000ff2       data     extern D:\3.43\pic18-lt\cxx-framework\src\traditional\proc\p18f4550.asm
                   INTCON   0x000ff2       data     extern D:\3.43\pic18-lt\cxx-framework\src\traditional\proc\p18f4550.asm
                     PROD   0x000ff3       data     extern D:\3.43\pic18-lt\cxx-framework\src\traditional\proc\p18f4550.asm
                    PRODL   0x000ff3       data     extern D:\3.43\pic18-lt\cxx-framework\src\traditional\proc\p18f4550.asm
                    PRODH   0x000ff4       data     extern D:\3.43\pic18-lt\cxx-framework\src\traditional\proc\p18f4550.asm
                   TABLAT   0x000ff5       data     extern D:\3.43\pic18-lt\cxx-framework\src\traditional\proc\p18f4550.asm
                   TBLPTR   0x000ff6       data     extern D:\3.43\pic18-lt\cxx-framework\src\traditional\proc\p18f4550.asm
                  TBLPTRL   0x000ff6       data     extern D:\3.43\pic18-lt\cxx-framework\src\traditional\proc\p18f4550.asm
                  TBLPTRH   0x000ff7       data     extern D:\3.43\pic18-lt\cxx-framework\src\traditional\proc\p18f4550.asm
                  TBLPTRU   0x000ff8       data     extern D:\3.43\pic18-lt\cxx-framework\src\traditional\proc\p18f4550.asm
                      PCL   0x000ff9       data     extern D:\3.43\pic18-lt\cxx-framework\src\traditional\proc\p18f4550.asm
                       PC   0x000ff9       data     extern D:\3.43\pic18-lt\cxx-framework\src\traditional\proc\p18f4550.asm
                   PCLATH   0x000ffa       data     extern D:\3.43\pic18-lt\cxx-framework\src\traditional\proc\p18f4550.asm
                   PCLATU   0x000ffb       data     extern D:\3.43\pic18-lt\cxx-framework\src\traditional\proc\p18f4550.asm
                   STKPTR   0x000ffc       data     extern D:\3.43\pic18-lt\cxx-framework\src\traditional\proc\p18f4550.asm
               STKPTRbits   0x000ffc       data     extern D:\3.43\pic18-lt\cxx-framework\src\traditional\proc\p18f4550.asm
                      TOS   0x000ffd       data     extern D:\3.43\pic18-lt\cxx-framework\src\traditional\proc\p18f4550.asm
                     TOSL   0x000ffd       data     extern D:\3.43\pic18-lt\cxx-framework\src\traditional\proc\p18f4550.asm
                     TOSH   0x000ffe       data     extern D:\3.43\pic18-lt\cxx-framework\src\traditional\proc\p18f4550.asm
                     TOSU   0x000fff       data     extern D:\3.43\pic18-lt\cxx-framework\src\traditional\proc\p18f4550.asm


